python : Creating test database for alias 'default' 
('file:memorydb_default?mode=memory&cache=shared')...
At line:1 char:1
+ python manage.py test ai_pipeline core --verbosity=2 > 
test_output.tx ...
+ ~~~~~~~~~~~~~~~~~~~~~~~~~~~~~~~~~~~~~~~~~~~~~~~~~~~~~~~~~~~~~~~~~
~~~~
    + CategoryInfo          : NotSpecified: (Creating test d...che 
   =shared')...:String) [], RemoteException
    + FullyQualifiedErrorId : NativeCommandError
 

Found 78 test(s).
Operations to perform:
  Synchronize unmigrated apps: messages, staticfiles
  Apply all migrations: admin, ai_pipeline, auth, contenttypes, core, sessions
Synchronizing apps without migrations:
  Creating tables...
    Running deferred SQL...
Running migrations:
  Applying contenttypes.0001_initial... OK
  Applying auth.0001_initial... OK
  Applying admin.0001_initial... OK
  Applying admin.0002_logentry_remove_auto_add... OK
  Applying admin.0003_logentry_add_action_flag_choices... OK
  Applying ai_pipeline.0001_initial... OK
  Applying ai_pipeline.0002_alter_aiinsight_options_alter_aipreferences_options_and_more... OK
  Applying ai_pipeline.0003_alter_aiinsight_options_alter_aipreferences_options_and_more... OK
  Applying ai_pipeline.0004_aiinsight_feedback... OK
  Applying contenttypes.0002_remove_content_type_name... OK
  Applying auth.0002_alter_permission_name_max_length... OK
  Applying auth.0003_alter_user_email_max_length... OK
  Applying auth.0004_alter_user_username_opts... OK
  Applying auth.0005_alter_user_last_login_null... OK
  Applying auth.0006_require_contenttypes_0002... OK
  Applying auth.0007_alter_validators_add_error_messages... OK
  Applying auth.0008_alter_user_username_max_length... OK
  Applying auth.0009_alter_user_last_name_max_length... OK
  Applying auth.0010_alter_group_name_max_length... OK
  Applying auth.0011_update_proxy_permissions... OK
  Applying auth.0012_alter_user_first_name_max_length... OK
  Applying core.0001_initial... OK
  Applying core.0002_transaction_account_alter_transaction_type... OK
  Applying core.0003_remove_category_type... OK
  Applying core.0004_category_type... OK
  Applying core.0005_transaction_is_transfer_alter_transaction_type... OK
  Applying core.0006_remove_transaction_is_transfer_and_more... OK
  Applying core.0007_transaction_reason_alter_transaction_type... OK
  Applying core.0008_alter_transaction_reason_alter_transaction_type... OK
test_income_transactions_excluded (ai_pipeline.tests.test_anomaly.A
nomalyDetectionTest.test_income_transactions_excluded) ... ok
test_normal_transactions_not_flagged (ai_pipeline.tests.test_anomal
y.AnomalyDetectionTest.test_normal_transactions_not_flagged)
Transactions within the normal range should not be anomalies. ... 
AI pipeline failed for user 1
Traceback (most recent call last):
  File "D:\Desktop\web dev\django\personalFinanceEnv\Lib\site-packa
ges\django\db\backends\utils.py", line 105, in _execute
    return self.cursor.execute(sql, params)
           ~~~~~~~~~~~~~~~~~~~^^^^^^^^^^^^^
  File "D:\Desktop\web dev\django\personalFinanceEnv\Lib\site-packa
ges\django\db\backends\sqlite3\base.py", line 359, in execute
    return super().execute(query, params)
           ~~~~~~~~~~~~~~~^^^^^^^^^^^^^^^
sqlite3.OperationalError: database table is locked: auth_user

The above exception was the direct cause of the following 
exception:

Traceback (most recent call last):
  File "D:\Desktop\web dev\django\financeproject\core\signals.py", 
line 17, in _run_pipeline
    result = generate_insights_for_user(user_id)
  File "D:\Desktop\web 
dev\django\financeproject\ai_pipeline\insights.py", line 47, in 
generate_insights_for_user
    user = User.objects.get(pk=user_id)
  File "D:\Desktop\web dev\django\personalFinanceEnv\Lib\site-packa
ges\django\db\models\manager.py", line 87, in manager_method
    return getattr(self.get_queryset(), name)(*args, **kwargs)
           ~~~~~~~~~~~~~~~~~~~~~~~~~~~~~~~~~~^^^^^^^^^^^^^^^^^
  File "D:\Desktop\web dev\django\personalFinanceEnv\Lib\site-packa
ges\django\db\models\query.py", line 635, in get
    num = len(clone)
  File "D:\Desktop\web dev\django\personalFinanceEnv\Lib\site-packa
ges\django\db\models\query.py", line 372, in __len__
    self._fetch_all()
    ~~~~~~~~~~~~~~~^^
  File "D:\Desktop\web dev\django\personalFinanceEnv\Lib\site-packa
ges\django\db\models\query.py", line 2000, in _fetch_all
    self._result_cache = list(self._iterable_class(self))
                         ~~~~^^^^^^^^^^^^^^^^^^^^^^^^^^^^
  File "D:\Desktop\web dev\django\personalFinanceEnv\Lib\site-packa
ges\django\db\models\query.py", line 95, in __iter__
    results = compiler.execute_sql(
        chunked_fetch=self.chunked_fetch, 
chunk_size=self.chunk_size
    )
  File "D:\Desktop\web dev\django\personalFinanceEnv\Lib\site-packa
ges\django\db\models\sql\compiler.py", line 1624, in execute_sql
    cursor.execute(sql, params)
    ~~~~~~~~~~~~~~^^^^^^^^^^^^^
  File "D:\Desktop\web dev\django\personalFinanceEnv\Lib\site-packa
ges\django\db\backends\utils.py", line 79, in execute
    return self._execute_with_wrappers(
           ~~~~~~~~~~~~~~~~~~~~~~~~~~~^
        sql, params, many=False, executor=self._execute
        ^^^^^^^^^^^^^^^^^^^^^^^^^^^^^^^^^^^^^^^^^^^^^^^
    )
    ^
  File "D:\Desktop\web dev\django\personalFinanceEnv\Lib\site-packa
ges\django\db\backends\utils.py", line 92, in 
_execute_with_wrappers
    return executor(sql, params, many, context)
  File "D:\Desktop\web dev\django\personalFinanceEnv\Lib\site-packa
ges\django\db\backends\utils.py", line 100, in _execute
    with self.db.wrap_database_errors:
         ^^^^^^^^^^^^^^^^^^^^^^^^^^^^
  File "D:\Desktop\web dev\django\personalFinanceEnv\Lib\site-packa
ges\django\db\utils.py", line 94, in __exit__
    raise dj_exc_value.with_traceback(traceback) from exc_value
  File "D:\Desktop\web dev\django\personalFinanceEnv\Lib\site-packa
ges\django\db\backends\utils.py", line 105, in _execute
    return self.cursor.execute(sql, params)
           ~~~~~~~~~~~~~~~~~~~^^^^^^^^^^^^^
  File "D:\Desktop\web dev\django\personalFinanceEnv\Lib\site-packa
ges\django\db\backends\sqlite3\base.py", line 359, in execute
    return super().execute(query, params)
           ~~~~~~~~~~~~~~~^^^^^^^^^^^^^^^
django.db.utils.OperationalError: database table is locked: 
auth_user
AI pipeline failed for user 1
Traceback (most recent call last):
  File "D:\Desktop\web dev\django\personalFinanceEnv\Lib\site-packa
ges\django\db\backends\utils.py", line 105, in _execute
    return self.cursor.execute(sql, params)
           ~~~~~~~~~~~~~~~~~~~^^^^^^^^^^^^^
  File "D:\Desktop\web dev\django\personalFinanceEnv\Lib\site-packa
ges\django\db\backends\sqlite3\base.py", line 359, in execute
    return super().execute(query, params)
           ~~~~~~~~~~~~~~~^^^^^^^^^^^^^^^
sqlite3.OperationalError: database table is locked: auth_user

The above exception was the direct cause of the following 
exception:

Traceback (most recent call last):
  File "D:\Desktop\web dev\django\financeproject\core\signals.py", 
line 17, in _run_pipeline
    result = generate_insights_for_user(user_id)
  File "D:\Desktop\web 
dev\django\financeproject\ai_pipeline\insights.py", line 47, in 
generate_insights_for_user
    user = User.objects.get(pk=user_id)
  File "D:\Desktop\web dev\django\personalFinanceEnv\Lib\site-packa
ges\django\db\models\manager.py", line 87, in manager_method
    return getattr(self.get_queryset(), name)(*args, **kwargs)
           ~~~~~~~~~~~~~~~~~~~~~~~~~~~~~~~~~~^^^^^^^^^^^^^^^^^
  File "D:\Desktop\web dev\django\personalFinanceEnv\Lib\site-packa
ges\django\db\models\query.py", line 635, in get
    num = len(clone)
  File "D:\Desktop\web dev\django\personalFinanceEnv\Lib\site-packa
ges\django\db\models\query.py", line 372, in __len__
    self._fetch_all()
    ~~~~~~~~~~~~~~~^^
  File "D:\Desktop\web dev\django\personalFinanceEnv\Lib\site-packa
ges\django\db\models\query.py", line 2000, in _fetch_all
    self._result_cache = list(self._iterable_class(self))
                         ~~~~^^^^^^^^^^^^^^^^^^^^^^^^^^^^
  File "D:\Desktop\web dev\django\personalFinanceEnv\Lib\site-packa
ges\django\db\models\query.py", line 95, in __iter__
    results = compiler.execute_sql(
        chunked_fetch=self.chunked_fetch, 
chunk_size=self.chunk_size
    )
  File "D:\Desktop\web dev\django\personalFinanceEnv\Lib\site-packa
ges\django\db\models\sql\compiler.py", line 1624, in execute_sql
    cursor.execute(sql, params)
    ~~~~~~~~~~~~~~^^^^^^^^^^^^^
  File "D:\Desktop\web dev\django\personalFinanceEnv\Lib\site-packa
ges\django\db\backends\utils.py", line 79, in execute
    return self._execute_with_wrappers(
           ~~~~~~~~~~~~~~~~~~~~~~~~~~~^
        sql, params, many=False, executor=self._execute
        ^^^^^^^^^^^^^^^^^^^^^^^^^^^^^^^^^^^^^^^^^^^^^^^
    )
    ^
  File "D:\Desktop\web dev\django\personalFinanceEnv\Lib\site-packa
ges\django\db\backends\utils.py", line 92, in 
_execute_with_wrappers
    return executor(sql, params, many, context)
  File "D:\Desktop\web dev\django\personalFinanceEnv\Lib\site-packa
ges\django\db\backends\utils.py", line 100, in _execute
    with self.db.wrap_database_errors:
         ^^^^^^^^^^^^^^^^^^^^^^^^^^^^
  File "D:\Desktop\web dev\django\personalFinanceEnv\Lib\site-packa
ges\django\db\utils.py", line 94, in __exit__
    raise dj_exc_value.with_traceback(traceback) from exc_value
  File "D:\Desktop\web dev\django\personalFinanceEnv\Lib\site-packa
ges\django\db\backends\utils.py", line 105, in _execute
    return self.cursor.execute(sql, params)
           ~~~~~~~~~~~~~~~~~~~^^^^^^^^^^^^^
  File "D:\Desktop\web dev\django\personalFinanceEnv\Lib\site-packa
ges\django\db\backends\sqlite3\base.py", line 359, in execute
    return super().execute(query, params)
           ~~~~~~~~~~~~~~~^^^^^^^^^^^^^^^
django.db.utils.OperationalError: database table is locked: 
auth_user
AI pipeline failed for user 1
Traceback (most recent call last):
  File "D:\Desktop\web dev\django\personalFinanceEnv\Lib\site-packa
ges\django\db\backends\utils.py", line 105, in _execute
    return self.cursor.execute(sql, params)
           ~~~~~~~~~~~~~~~~~~~^^^^^^^^^^^^^
  File "D:\Desktop\web dev\django\personalFinanceEnv\Lib\site-packa
ges\django\db\backends\sqlite3\base.py", line 359, in execute
    return super().execute(query, params)
           ~~~~~~~~~~~~~~~^^^^^^^^^^^^^^^
sqlite3.OperationalError: database table is locked: auth_user

The above exception was the direct cause of the following 
exception:

Traceback (most recent call last):
  File "D:\Desktop\web dev\django\financeproject\core\signals.py", 
line 17, in _run_pipeline
    result = generate_insights_for_user(user_id)
  File "D:\Desktop\web 
dev\django\financeproject\ai_pipeline\insights.py", line 47, in 
generate_insights_for_user
    user = User.objects.get(pk=user_id)
  File "D:\Desktop\web dev\django\personalFinanceEnv\Lib\site-packa
ges\django\db\models\manager.py", line 87, in manager_method
    return getattr(self.get_queryset(), name)(*args, **kwargs)
           ~~~~~~~~~~~~~~~~~~~~~~~~~~~~~~~~~~^^^^^^^^^^^^^^^^^
  File "D:\Desktop\web dev\django\personalFinanceEnv\Lib\site-packa
ges\django\db\models\query.py", line 635, in get
    num = len(clone)
  File "D:\Desktop\web dev\django\personalFinanceEnv\Lib\site-packa
ges\django\db\models\query.py", line 372, in __len__
    self._fetch_all()
    ~~~~~~~~~~~~~~~^^
  File "D:\Desktop\web dev\django\personalFinanceEnv\Lib\site-packa
ges\django\db\models\query.py", line 2000, in _fetch_all
    self._result_cache = list(self._iterable_class(self))
                         ~~~~^^^^^^^^^^^^^^^^^^^^^^^^^^^^
  File "D:\Desktop\web dev\django\personalFinanceEnv\Lib\site-packa
ges\django\db\models\query.py", line 95, in __iter__
    results = compiler.execute_sql(
        chunked_fetch=self.chunked_fetch, 
chunk_size=self.chunk_size
    )
  File "D:\Desktop\web dev\django\personalFinanceEnv\Lib\site-packa
ges\django\db\models\sql\compiler.py", line 1624, in execute_sql
    cursor.execute(sql, params)
    ~~~~~~~~~~~~~~^^^^^^^^^^^^^
  File "D:\Desktop\web dev\django\personalFinanceEnv\Lib\site-packa
ges\django\db\backends\utils.py", line 79, in execute
    return self._execute_with_wrappers(
           ~~~~~~~~~~~~~~~~~~~~~~~~~~~^
        sql, params, many=False, executor=self._execute
        ^^^^^^^^^^^^^^^^^^^^^^^^^^^^^^^^^^^^^^^^^^^^^^^
    )
    ^
  File "D:\Desktop\web dev\django\personalFinanceEnv\Lib\site-packa
ges\django\db\backends\utils.py", line 92, in 
_execute_with_wrappers
    return executor(sql, params, many, context)
  File "D:\Desktop\web dev\django\personalFinanceEnv\Lib\site-packa
ges\django\db\backends\utils.py", line 100, in _execute
    with self.db.wrap_database_errors:
         ^^^^^^^^^^^^^^^^^^^^^^^^^^^^
  File "D:\Desktop\web dev\django\personalFinanceEnv\Lib\site-packa
ges\django\db\utils.py", line 94, in __exit__
    raise dj_exc_value.with_traceback(traceback) from exc_value
  File "D:\Desktop\web dev\django\personalFinanceEnv\Lib\site-packa
ges\django\db\backends\utils.py", line 105, in _execute
    return self.cursor.execute(sql, params)
           ~~~~~~~~~~~~~~~~~~~^^^^^^^^^^^^^
  File "D:\Desktop\web dev\django\personalFinanceEnv\Lib\site-packa
ges\django\db\backends\sqlite3\base.py", line 359, in execute
    return super().execute(query, params)
           ~~~~~~~~~~~~~~~^^^^^^^^^^^^^^^
django.db.utils.OperationalError: database table is locked: 
auth_user
AI pipeline failed for user 1
Traceback (most recent call last):
  File "D:\Desktop\web dev\django\personalFinanceEnv\Lib\site-packa
ges\django\db\backends\utils.py", line 105, in _execute
    return self.cursor.execute(sql, params)
           ~~~~~~~~~~~~~~~~~~~^^^^^^^^^^^^^
  File "D:\Desktop\web dev\django\personalFinanceEnv\Lib\site-packa
ges\django\db\backends\sqlite3\base.py", line 359, in execute
    return super().execute(query, params)
           ~~~~~~~~~~~~~~~^^^^^^^^^^^^^^^
sqlite3.OperationalError: database table is locked: auth_user

The above exception was the direct cause of the following 
exception:

Traceback (most recent call last):
  File "D:\Desktop\web dev\django\financeproject\core\signals.py", 
line 17, in _run_pipeline
    result = generate_insights_for_user(user_id)
  File "D:\Desktop\web 
dev\django\financeproject\ai_pipeline\insights.py", line 47, in 
generate_insights_for_user
    user = User.objects.get(pk=user_id)
  File "D:\Desktop\web dev\django\personalFinanceEnv\Lib\site-packa
ges\django\db\models\manager.py", line 87, in manager_method
    return getattr(self.get_queryset(), name)(*args, **kwargs)
           ~~~~~~~~~~~~~~~~~~~~~~~~~~~~~~~~~~^^^^^^^^^^^^^^^^^
  File "D:\Desktop\web dev\django\personalFinanceEnv\Lib\site-packa
ges\django\db\models\query.py", line 635, in get
    num = len(clone)
  File "D:\Desktop\web dev\django\personalFinanceEnv\Lib\site-packa
ges\django\db\models\query.py", line 372, in __len__
    self._fetch_all()
    ~~~~~~~~~~~~~~~^^
  File "D:\Desktop\web dev\django\personalFinanceEnv\Lib\site-packa
ges\django\db\models\query.py", line 2000, in _fetch_all
    self._result_cache = list(self._iterable_class(self))
                         ~~~~^^^^^^^^^^^^^^^^^^^^^^^^^^^^
  File "D:\Desktop\web dev\django\personalFinanceEnv\Lib\site-packa
ges\django\db\models\query.py", line 95, in __iter__
    results = compiler.execute_sql(
        chunked_fetch=self.chunked_fetch, 
chunk_size=self.chunk_size
    )
  File "D:\Desktop\web dev\django\personalFinanceEnv\Lib\site-packa
ges\django\db\models\sql\compiler.py", line 1624, in execute_sql
    cursor.execute(sql, params)
    ~~~~~~~~~~~~~~^^^^^^^^^^^^^
  File "D:\Desktop\web dev\django\personalFinanceEnv\Lib\site-packa
ges\django\db\backends\utils.py", line 79, in execute
    return self._execute_with_wrappers(
           ~~~~~~~~~~~~~~~~~~~~~~~~~~~^
        sql, params, many=False, executor=self._execute
        ^^^^^^^^^^^^^^^^^^^^^^^^^^^^^^^^^^^^^^^^^^^^^^^
    )
    ^
  File "D:\Desktop\web dev\django\personalFinanceEnv\Lib\site-packa
ges\django\db\backends\utils.py", line 92, in 
_execute_with_wrappers
    return executor(sql, params, many, context)
  File "D:\Desktop\web dev\django\personalFinanceEnv\Lib\site-packa
ges\django\db\backends\utils.py", line 100, in _execute
    with self.db.wrap_database_errors:
         ^^^^^^^^^^^^^^^^^^^^^^^^^^^^
  File "D:\Desktop\web dev\django\personalFinanceEnv\Lib\site-packa
ges\django\db\utils.py", line 94, in __exit__
    raise dj_exc_value.with_traceback(traceback) from exc_value
  File "D:\Desktop\web dev\django\personalFinanceEnv\Lib\site-packa
ges\django\db\backends\utils.py", line 105, in _execute
    return self.cursor.execute(sql, params)
           ~~~~~~~~~~~~~~~~~~~^^^^^^^^^^^^^
  File "D:\Desktop\web dev\django\personalFinanceEnv\Lib\site-packa
ges\django\db\backends\sqlite3\base.py", line 359, in execute
    return super().execute(query, params)
           ~~~~~~~~~~~~~~~^^^^^^^^^^^^^^^
django.db.utils.OperationalError: database table is locked: 
auth_user
AI pipeline failed for user 1
Traceback (most recent call last):
  File "D:\Desktop\web dev\django\personalFinanceEnv\Lib\site-packa
ges\django\db\backends\utils.py", line 105, in _execute
    return self.cursor.execute(sql, params)
           ~~~~~~~~~~~~~~~~~~~^^^^^^^^^^^^^
  File "D:\Desktop\web dev\django\personalFinanceEnv\Lib\site-packa
ges\django\db\backends\sqlite3\base.py", line 359, in execute
    return super().execute(query, params)
           ~~~~~~~~~~~~~~~^^^^^^^^^^^^^^^
sqlite3.OperationalError: database table is locked: auth_user

The above exception was the direct cause of the following 
exception:

Traceback (most recent call last):
  File "D:\Desktop\web dev\django\financeproject\core\signals.py", 
line 17, in _run_pipeline
    result = generate_insights_for_user(user_id)
  File "D:\Desktop\web 
dev\django\financeproject\ai_pipeline\insights.py", line 47, in 
generate_insights_for_user
    user = User.objects.get(pk=user_id)
  File "D:\Desktop\web dev\django\personalFinanceEnv\Lib\site-packa
ges\django\db\models\manager.py", line 87, in manager_method
    return getattr(self.get_queryset(), name)(*args, **kwargs)
           ~~~~~~~~~~~~~~~~~~~~~~~~~~~~~~~~~~^^^^^^^^^^^^^^^^^
  File "D:\Desktop\web dev\django\personalFinanceEnv\Lib\site-packa
ges\django\db\models\query.py", line 635, in get
    num = len(clone)
  File "D:\Desktop\web dev\django\personalFinanceEnv\Lib\site-packa
ges\django\db\models\query.py", line 372, in __len__
    self._fetch_all()
    ~~~~~~~~~~~~~~~^^
  File "D:\Desktop\web dev\django\personalFinanceEnv\Lib\site-packa
ges\django\db\models\query.py", line 2000, in _fetch_all
    self._result_cache = list(self._iterable_class(self))
                         ~~~~^^^^^^^^^^^^^^^^^^^^^^^^^^^^
  File "D:\Desktop\web dev\django\personalFinanceEnv\Lib\site-packa
ges\django\db\models\query.py", line 95, in __iter__
    results = compiler.execute_sql(
        chunked_fetch=self.chunked_fetch, 
chunk_size=self.chunk_size
    )
  File "D:\Desktop\web dev\django\personalFinanceEnv\Lib\site-packa
ges\django\db\models\sql\compiler.py", line 1624, in execute_sql
    cursor.execute(sql, params)
    ~~~~~~~~~~~~~~^^^^^^^^^^^^^
  File "D:\Desktop\web dev\django\personalFinanceEnv\Lib\site-packa
ges\django\db\backends\utils.py", line 79, in execute
    return self._execute_with_wrappers(
           ~~~~~~~~~~~~~~~~~~~~~~~~~~~^
        sql, params, many=False, executor=self._execute
        ^^^^^^^^^^^^^^^^^^^^^^^^^^^^^^^^^^^^^^^^^^^^^^^
    )
    ^
  File "D:\Desktop\web dev\django\personalFinanceEnv\Lib\site-packa
ges\django\db\backends\utils.py", line 92, in 
_execute_with_wrappers
    return executor(sql, params, many, context)
  File "D:\Desktop\web dev\django\personalFinanceEnv\Lib\site-packa
ges\django\db\backends\utils.py", line 100, in _execute
    with self.db.wrap_database_errors:
         ^^^^^^^^^^^^^^^^^^^^^^^^^^^^
  File "D:\Desktop\web dev\django\personalFinanceEnv\Lib\site-packa
ges\django\db\utils.py", line 94, in __exit__
    raise dj_exc_value.with_traceback(traceback) from exc_value
  File "D:\Desktop\web dev\django\personalFinanceEnv\Lib\site-packa
ges\django\db\backends\utils.py", line 105, in _execute
    return self.cursor.execute(sql, params)
           ~~~~~~~~~~~~~~~~~~~^^^^^^^^^^^^^
  File "D:\Desktop\web dev\django\personalFinanceEnv\Lib\site-packa
ges\django\db\backends\sqlite3\base.py", line 359, in execute
    return super().execute(query, params)
           ~~~~~~~~~~~~~~~^^^^^^^^^^^^^^^
django.db.utils.OperationalError: database table is locked: 
auth_user
AI pipeline failed for user 1
Traceback (most recent call last):
  File "D:\Desktop\web dev\django\personalFinanceEnv\Lib\site-packa
ges\django\db\backends\utils.py", line 105, in _execute
    return self.cursor.execute(sql, params)
           ~~~~~~~~~~~~~~~~~~~^^^^^^^^^^^^^
  File "D:\Desktop\web dev\django\personalFinanceEnv\Lib\site-packa
ges\django\db\backends\sqlite3\base.py", line 359, in execute
    return super().execute(query, params)
           ~~~~~~~~~~~~~~~^^^^^^^^^^^^^^^
sqlite3.OperationalError: database table is locked: auth_user

The above exception was the direct cause of the following 
exception:

Traceback (most recent call last):
  File "D:\Desktop\web dev\django\financeproject\core\signals.py", 
line 17, in _run_pipeline
    result = generate_insights_for_user(user_id)
  File "D:\Desktop\web 
dev\django\financeproject\ai_pipeline\insights.py", line 47, in 
generate_insights_for_user
    user = User.objects.get(pk=user_id)
  File "D:\Desktop\web dev\django\personalFinanceEnv\Lib\site-packa
ges\django\db\models\manager.py", line 87, in manager_method
    return getattr(self.get_queryset(), name)(*args, **kwargs)
           ~~~~~~~~~~~~~~~~~~~~~~~~~~~~~~~~~~^^^^^^^^^^^^^^^^^
  File "D:\Desktop\web dev\django\personalFinanceEnv\Lib\site-packa
ges\django\db\models\query.py", line 635, in get
    num = len(clone)
  File "D:\Desktop\web dev\django\personalFinanceEnv\Lib\site-packa
ges\django\db\models\query.py", line 372, in __len__
    self._fetch_all()
    ~~~~~~~~~~~~~~~^^
  File "D:\Desktop\web dev\django\personalFinanceEnv\Lib\site-packa
ges\django\db\models\query.py", line 2000, in _fetch_all
    self._result_cache = list(self._iterable_class(self))
                         ~~~~^^^^^^^^^^^^^^^^^^^^^^^^^^^^
  File "D:\Desktop\web dev\django\personalFinanceEnv\Lib\site-packa
ges\django\db\models\query.py", line 95, in __iter__
    results = compiler.execute_sql(
        chunked_fetch=self.chunked_fetch, 
chunk_size=self.chunk_size
    )
  File "D:\Desktop\web dev\django\personalFinanceEnv\Lib\site-packa
ges\django\db\models\sql\compiler.py", line 1624, in execute_sql
    cursor.execute(sql, params)
    ~~~~~~~~~~~~~~^^^^^^^^^^^^^
  File "D:\Desktop\web dev\django\personalFinanceEnv\Lib\site-packa
ges\django\db\backends\utils.py", line 79, in execute
    return self._execute_with_wrappers(
           ~~~~~~~~~~~~~~~~~~~~~~~~~~~^
        sql, params, many=False, executor=self._execute
        ^^^^^^^^^^^^^^^^^^^^^^^^^^^^^^^^^^^^^^^^^^^^^^^
    )
    ^
  File "D:\Desktop\web dev\django\personalFinanceEnv\Lib\site-packa
ges\django\db\backends\utils.py", line 92, in 
_execute_with_wrappers
    return executor(sql, params, many, context)
  File "D:\Desktop\web dev\django\personalFinanceEnv\Lib\site-packa
ges\django\db\backends\utils.py", line 100, in _execute
    with self.db.wrap_database_errors:
         ^^^^^^^^^^^^^^^^^^^^^^^^^^^^
  File "D:\Desktop\web dev\django\personalFinanceEnv\Lib\site-packa
ges\django\db\utils.py", line 94, in __exit__
    raise dj_exc_value.with_traceback(traceback) from exc_value
  File "D:\Desktop\web dev\django\personalFinanceEnv\Lib\site-packa
ges\django\db\backends\utils.py", line 105, in _execute
    return self.cursor.execute(sql, params)
           ~~~~~~~~~~~~~~~~~~~^^^^^^^^^^^^^
  File "D:\Desktop\web dev\django\personalFinanceEnv\Lib\site-packa
ges\django\db\backends\sqlite3\base.py", line 359, in execute
    return super().execute(query, params)
           ~~~~~~~~~~~~~~~^^^^^^^^^^^^^^^
django.db.utils.OperationalError: database table is locked: 
auth_user
AI pipeline failed for user 1
Traceback (most recent call last):
  File "D:\Desktop\web dev\django\personalFinanceEnv\Lib\site-packa
ges\django\db\backends\utils.py", line 105, in _execute
    return self.cursor.execute(sql, params)
           ~~~~~~~~~~~~~~~~~~~^^^^^^^^^^^^^
  File "D:\Desktop\web dev\django\personalFinanceEnv\Lib\site-packa
ges\django\db\backends\sqlite3\base.py", line 359, in execute
    return super().execute(query, params)
           ~~~~~~~~~~~~~~~^^^^^^^^^^^^^^^
sqlite3.OperationalError: database table is locked: auth_user

The above exception was the direct cause of the following 
exception:

Traceback (most recent call last):
  File "D:\Desktop\web dev\django\financeproject\core\signals.py", 
line 17, in _run_pipeline
    result = generate_insights_for_user(user_id)
  File "D:\Desktop\web 
dev\django\financeproject\ai_pipeline\insights.py", line 47, in 
generate_insights_for_user
    user = User.objects.get(pk=user_id)
  File "D:\Desktop\web dev\django\personalFinanceEnv\Lib\site-packa
ges\django\db\models\manager.py", line 87, in manager_method
    return getattr(self.get_queryset(), name)(*args, **kwargs)
           ~~~~~~~~~~~~~~~~~~~~~~~~~~~~~~~~~~^^^^^^^^^^^^^^^^^
  File "D:\Desktop\web dev\django\personalFinanceEnv\Lib\site-packa
ges\django\db\models\query.py", line 635, in get
    num = len(clone)
  File "D:\Desktop\web dev\django\personalFinanceEnv\Lib\site-packa
ges\django\db\models\query.py", line 372, in __len__
    self._fetch_all()
    ~~~~~~~~~~~~~~~^^
  File "D:\Desktop\web dev\django\personalFinanceEnv\Lib\site-packa
ges\django\db\models\query.py", line 2000, in _fetch_all
    self._result_cache = list(self._iterable_class(self))
                         ~~~~^^^^^^^^^^^^^^^^^^^^^^^^^^^^
  File "D:\Desktop\web dev\django\personalFinanceEnv\Lib\site-packa
ges\django\db\models\query.py", line 95, in __iter__
    results = compiler.execute_sql(
        chunked_fetch=self.chunked_fetch, 
chunk_size=self.chunk_size
    )
  File "D:\Desktop\web dev\django\personalFinanceEnv\Lib\site-packa
ges\django\db\models\sql\compiler.py", line 1624, in execute_sql
    cursor.execute(sql, params)
    ~~~~~~~~~~~~~~^^^^^^^^^^^^^
  File "D:\Desktop\web dev\django\personalFinanceEnv\Lib\site-packa
ges\django\db\backends\utils.py", line 79, in execute
    return self._execute_with_wrappers(
           ~~~~~~~~~~~~~~~~~~~~~~~~~~~^
        sql, params, many=False, executor=self._execute
        ^^^^^^^^^^^^^^^^^^^^^^^^^^^^^^^^^^^^^^^^^^^^^^^
    )
    ^
  File "D:\Desktop\web dev\django\personalFinanceEnv\Lib\site-packa
ges\django\db\backends\utils.py", line 92, in 
_execute_with_wrappers
    return executor(sql, params, many, context)
  File "D:\Desktop\web dev\django\personalFinanceEnv\Lib\site-packa
ges\django\db\backends\utils.py", line 100, in _execute
    with self.db.wrap_database_errors:
         ^^^^^^^^^^^^^^^^^^^^^^^^^^^^
  File "D:\Desktop\web dev\django\personalFinanceEnv\Lib\site-packa
ges\django\db\utils.py", line 94, in __exit__
    raise dj_exc_value.with_traceback(traceback) from exc_value
  File "D:\Desktop\web dev\django\personalFinanceEnv\Lib\site-packa
ges\django\db\backends\utils.py", line 105, in _execute
    return self.cursor.execute(sql, params)
           ~~~~~~~~~~~~~~~~~~~^^^^^^^^^^^^^
  File "D:\Desktop\web dev\django\personalFinanceEnv\Lib\site-packa
ges\django\db\backends\sqlite3\base.py", line 359, in execute
    return super().execute(query, params)
           ~~~~~~~~~~~~~~~^^^^^^^^^^^^^^^
django.db.utils.OperationalError: database table is locked: 
auth_user
AI pipeline failed for user 1
Traceback (most recent call last):
  File "D:\Desktop\web dev\django\personalFinanceEnv\Lib\site-packa
ges\django\db\backends\utils.py", line 105, in _execute
    return self.cursor.execute(sql, params)
           ~~~~~~~~~~~~~~~~~~~^^^^^^^^^^^^^
  File "D:\Desktop\web dev\django\personalFinanceEnv\Lib\site-packa
ges\django\db\backends\sqlite3\base.py", line 359, in execute
    return super().execute(query, params)
           ~~~~~~~~~~~~~~~^^^^^^^^^^^^^^^
sqlite3.OperationalError: database table is locked: auth_user

The above exception was the direct cause of the following 
exception:

Traceback (most recent call last):
  File "D:\Desktop\web dev\django\financeproject\core\signals.py", 
line 17, in _run_pipeline
    result = generate_insights_for_user(user_id)
  File "D:\Desktop\web 
dev\django\financeproject\ai_pipeline\insights.py", line 47, in 
generate_insights_for_user
    user = User.objects.get(pk=user_id)
  File "D:\Desktop\web dev\django\personalFinanceEnv\Lib\site-packa
ges\django\db\models\manager.py", line 87, in manager_method
    return getattr(self.get_queryset(), name)(*args, **kwargs)
           ~~~~~~~~~~~~~~~~~~~~~~~~~~~~~~~~~~^^^^^^^^^^^^^^^^^
  File "D:\Desktop\web dev\django\personalFinanceEnv\Lib\site-packa
ges\django\db\models\query.py", line 635, in get
    num = len(clone)
  File "D:\Desktop\web dev\django\personalFinanceEnv\Lib\site-packa
ges\django\db\models\query.py", line 372, in __len__
    self._fetch_all()
    ~~~~~~~~~~~~~~~^^
  File "D:\Desktop\web dev\django\personalFinanceEnv\Lib\site-packa
ges\django\db\models\query.py", line 2000, in _fetch_all
    self._result_cache = list(self._iterable_class(self))
                         ~~~~^^^^^^^^^^^^^^^^^^^^^^^^^^^^
  File "D:\Desktop\web dev\django\personalFinanceEnv\Lib\site-packa
ges\django\db\models\query.py", line 95, in __iter__
    results = compiler.execute_sql(
        chunked_fetch=self.chunked_fetch, 
chunk_size=self.chunk_size
    )
  File "D:\Desktop\web dev\django\personalFinanceEnv\Lib\site-packa
ges\django\db\models\sql\compiler.py", line 1624, in execute_sql
    cursor.execute(sql, params)
    ~~~~~~~~~~~~~~^^^^^^^^^^^^^
  File "D:\Desktop\web dev\django\personalFinanceEnv\Lib\site-packa
ges\django\db\backends\utils.py", line 79, in execute
    return self._execute_with_wrappers(
           ~~~~~~~~~~~~~~~~~~~~~~~~~~~^
        sql, params, many=False, executor=self._execute
        ^^^^^^^^^^^^^^^^^^^^^^^^^^^^^^^^^^^^^^^^^^^^^^^
    )
    ^
  File "D:\Desktop\web dev\django\personalFinanceEnv\Lib\site-packa
ges\django\db\backends\utils.py", line 92, in 
_execute_with_wrappers
    return executor(sql, params, many, context)
  File "D:\Desktop\web dev\django\personalFinanceEnv\Lib\site-packa
ges\django\db\backends\utils.py", line 100, in _execute
    with self.db.wrap_database_errors:
         ^^^^^^^^^^^^^^^^^^^^^^^^^^^^
  File "D:\Desktop\web dev\django\personalFinanceEnv\Lib\site-packa
ges\django\db\utils.py", line 94, in __exit__
    raise dj_exc_value.with_traceback(traceback) from exc_value
  File "D:\Desktop\web dev\django\personalFinanceEnv\Lib\site-packa
ges\django\db\backends\utils.py", line 105, in _execute
    return self.cursor.execute(sql, params)
           ~~~~~~~~~~~~~~~~~~~^^^^^^^^^^^^^
  File "D:\Desktop\web dev\django\personalFinanceEnv\Lib\site-packa
ges\django\db\backends\sqlite3\base.py", line 359, in execute
    return super().execute(query, params)
           ~~~~~~~~~~~~~~~^^^^^^^^^^^^^^^
django.db.utils.OperationalError: database table is locked: 
auth_user
ok
AI pipeline failed for user 1
Traceback (most recent call last):
  File "D:\Desktop\web dev\django\personalFinanceEnv\Lib\site-packa
ges\django\db\backends\utils.py", line 105, in _execute
    return self.cursor.execute(sql, params)
           ~~~~~~~~~~~~~~~~~~~^^^^^^^^^^^^^
  File "D:\Desktop\web dev\django\personalFinanceEnv\Lib\site-packa
ges\django\db\backends\sqlite3\base.py", line 359, in execute
    return super().execute(query, params)
           ~~~~~~~~~~~~~~~^^^^^^^^^^^^^^^
sqlite3.OperationalError: database table is locked: auth_user

The above exception was the direct cause of the following 
exception:

Traceback (most recent call last):
  File "D:\Desktop\web dev\django\financeproject\core\signals.py", 
line 17, in _run_pipeline
    result = generate_insights_for_user(user_id)
  File "D:\Desktop\web 
dev\django\financeproject\ai_pipeline\insights.py", line 47, in 
generate_insights_for_user
    user = User.objects.get(pk=user_id)
  File "D:\Desktop\web dev\django\personalFinanceEnv\Lib\site-packa
ges\django\db\models\manager.py", line 87, in manager_method
    return getattr(self.get_queryset(), name)(*args, **kwargs)
           ~~~~~~~~~~~~~~~~~~~~~~~~~~~~~~~~~~^^^^^^^^^^^^^^^^^
  File "D:\Desktop\web dev\django\personalFinanceEnv\Lib\site-packa
ges\django\db\models\query.py", line 635, in get
    num = len(clone)
  File "D:\Desktop\web dev\django\personalFinanceEnv\Lib\site-packa
ges\django\db\models\query.py", line 372, in __len__
    self._fetch_all()
    ~~~~~~~~~~~~~~~^^
  File "D:\Desktop\web dev\django\personalFinanceEnv\Lib\site-packa
ges\django\db\models\query.py", line 2000, in _fetch_all
    self._result_cache = list(self._iterable_class(self))
                         ~~~~^^^^^^^^^^^^^^^^^^^^^^^^^^^^
  File "D:\Desktop\web dev\django\personalFinanceEnv\Lib\site-packa
ges\django\db\models\query.py", line 95, in __iter__
    results = compiler.execute_sql(
        chunked_fetch=self.chunked_fetch, 
chunk_size=self.chunk_size
    )
  File "D:\Desktop\web dev\django\personalFinanceEnv\Lib\site-packa
ges\django\db\models\sql\compiler.py", line 1624, in execute_sql
    cursor.execute(sql, params)
    ~~~~~~~~~~~~~~^^^^^^^^^^^^^
  File "D:\Desktop\web dev\django\personalFinanceEnv\Lib\site-packa
ges\django\db\backends\utils.py", line 79, in execute
    return self._execute_with_wrappers(
           ~~~~~~~~~~~~~~~~~~~~~~~~~~~^
        sql, params, many=False, executor=self._execute
        ^^^^^^^^^^^^^^^^^^^^^^^^^^^^^^^^^^^^^^^^^^^^^^^
    )
    ^
  File "D:\Desktop\web dev\django\personalFinanceEnv\Lib\site-packa
ges\django\db\backends\utils.py", line 92, in 
_execute_with_wrappers
    return executor(sql, params, many, context)
  File "D:\Desktop\web dev\django\personalFinanceEnv\Lib\site-packa
ges\django\db\backends\utils.py", line 100, in _execute
    with self.db.wrap_database_errors:
         ^^^^^^^^^^^^^^^^^^^^^^^^^^^^
  File "D:\Desktop\web dev\django\personalFinanceEnv\Lib\site-packa
ges\django\db\utils.py", line 94, in __exit__
    raise dj_exc_value.with_traceback(traceback) from exc_value
  File "D:\Desktop\web dev\django\personalFinanceEnv\Lib\site-packa
ges\django\db\backends\utils.py", line 105, in _execute
    return self.cursor.execute(sql, params)
           ~~~~~~~~~~~~~~~~~~~^^^^^^^^^^^^^
  File "D:\Desktop\web dev\django\personalFinanceEnv\Lib\site-packa
ges\django\db\backends\sqlite3\base.py", line 359, in execute
    return super().execute(query, params)
           ~~~~~~~~~~~~~~~^^^^^^^^^^^^^^^
django.db.utils.OperationalError: database table is locked: 
auth_user
test_outlier_flagged (ai_pipeline.tests.test_anomaly.AnomalyDetecti
onTest.test_outlier_flagged)
A transaction 5╫ the category average should be detected. ... AI 
pipeline failed for user 1
Traceback (most recent call last):
  File "D:\Desktop\web dev\django\personalFinanceEnv\Lib\site-packa
ges\django\db\backends\utils.py", line 105, in _execute
    return self.cursor.execute(sql, params)
           ~~~~~~~~~~~~~~~~~~~^^^^^^^^^^^^^
  File "D:\Desktop\web dev\django\personalFinanceEnv\Lib\site-packa
ges\django\db\backends\sqlite3\base.py", line 359, in execute
    return super().execute(query, params)
           ~~~~~~~~~~~~~~~^^^^^^^^^^^^^^^
sqlite3.OperationalError: database table is locked: auth_user

The above exception was the direct cause of the following 
exception:

Traceback (most recent call last):
  File "D:\Desktop\web dev\django\financeproject\core\signals.py", 
line 17, in _run_pipeline
    result = generate_insights_for_user(user_id)
  File "D:\Desktop\web 
dev\django\financeproject\ai_pipeline\insights.py", line 47, in 
generate_insights_for_user
    user = User.objects.get(pk=user_id)
  File "D:\Desktop\web dev\django\personalFinanceEnv\Lib\site-packa
ges\django\db\models\manager.py", line 87, in manager_method
    return getattr(self.get_queryset(), name)(*args, **kwargs)
           ~~~~~~~~~~~~~~~~~~~~~~~~~~~~~~~~~~^^^^^^^^^^^^^^^^^
  File "D:\Desktop\web dev\django\personalFinanceEnv\Lib\site-packa
ges\django\db\models\query.py", line 635, in get
    num = len(clone)
  File "D:\Desktop\web dev\django\personalFinanceEnv\Lib\site-packa
ges\django\db\models\query.py", line 372, in __len__
    self._fetch_all()
    ~~~~~~~~~~~~~~~^^
  File "D:\Desktop\web dev\django\personalFinanceEnv\Lib\site-packa
ges\django\db\models\query.py", line 2000, in _fetch_all
    self._result_cache = list(self._iterable_class(self))
                         ~~~~^^^^^^^^^^^^^^^^^^^^^^^^^^^^
  File "D:\Desktop\web dev\django\personalFinanceEnv\Lib\site-packa
ges\django\db\models\query.py", line 95, in __iter__
    results = compiler.execute_sql(
        chunked_fetch=self.chunked_fetch, 
chunk_size=self.chunk_size
    )
  File "D:\Desktop\web dev\django\personalFinanceEnv\Lib\site-packa
ges\django\db\models\sql\compiler.py", line 1624, in execute_sql
    cursor.execute(sql, params)
    ~~~~~~~~~~~~~~^^^^^^^^^^^^^
  File "D:\Desktop\web dev\django\personalFinanceEnv\Lib\site-packa
ges\django\db\backends\utils.py", line 79, in execute
    return self._execute_with_wrappers(
           ~~~~~~~~~~~~~~~~~~~~~~~~~~~^
        sql, params, many=False, executor=self._execute
        ^^^^^^^^^^^^^^^^^^^^^^^^^^^^^^^^^^^^^^^^^^^^^^^
    )
    ^
  File "D:\Desktop\web dev\django\personalFinanceEnv\Lib\site-packa
ges\django\db\backends\utils.py", line 92, in 
_execute_with_wrappers
    return executor(sql, params, many, context)
  File "D:\Desktop\web dev\django\personalFinanceEnv\Lib\site-packa
ges\django\db\backends\utils.py", line 100, in _execute
    with self.db.wrap_database_errors:
         ^^^^^^^^^^^^^^^^^^^^^^^^^^^^
  File "D:\Desktop\web dev\django\personalFinanceEnv\Lib\site-packa
ges\django\db\utils.py", line 94, in __exit__
    raise dj_exc_value.with_traceback(traceback) from exc_value
  File "D:\Desktop\web dev\django\personalFinanceEnv\Lib\site-packa
ges\django\db\backends\utils.py", line 105, in _execute
    return self.cursor.execute(sql, params)
           ~~~~~~~~~~~~~~~~~~~^^^^^^^^^^^^^
  File "D:\Desktop\web dev\django\personalFinanceEnv\Lib\site-packa
ges\django\db\backends\sqlite3\base.py", line 359, in execute
    return super().execute(query, params)
           ~~~~~~~~~~~~~~~^^^^^^^^^^^^^^^
django.db.utils.OperationalError: database table is locked: 
auth_user
AI pipeline failed for user 1
Traceback (most recent call last):
  File "D:\Desktop\web dev\django\personalFinanceEnv\Lib\site-packa
ges\django\db\backends\utils.py", line 105, in _execute
    return self.cursor.execute(sql, params)
           ~~~~~~~~~~~~~~~~~~~^^^^^^^^^^^^^
  File "D:\Desktop\web dev\django\personalFinanceEnv\Lib\site-packa
ges\django\db\backends\sqlite3\base.py", line 359, in execute
    return super().execute(query, params)
           ~~~~~~~~~~~~~~~^^^^^^^^^^^^^^^
sqlite3.OperationalError: database table is locked: auth_user

The above exception was the direct cause of the following 
exception:

Traceback (most recent call last):
  File "D:\Desktop\web dev\django\financeproject\core\signals.py", 
line 17, in _run_pipeline
    result = generate_insights_for_user(user_id)
  File "D:\Desktop\web 
dev\django\financeproject\ai_pipeline\insights.py", line 47, in 
generate_insights_for_user
    user = User.objects.get(pk=user_id)
  File "D:\Desktop\web dev\django\personalFinanceEnv\Lib\site-packa
ges\django\db\models\manager.py", line 87, in manager_method
    return getattr(self.get_queryset(), name)(*args, **kwargs)
           ~~~~~~~~~~~~~~~~~~~~~~~~~~~~~~~~~~^^^^^^^^^^^^^^^^^
  File "D:\Desktop\web dev\django\personalFinanceEnv\Lib\site-packa
ges\django\db\models\query.py", line 635, in get
    num = len(clone)
  File "D:\Desktop\web dev\django\personalFinanceEnv\Lib\site-packa
ges\django\db\models\query.py", line 372, in __len__
    self._fetch_all()
    ~~~~~~~~~~~~~~~^^
  File "D:\Desktop\web dev\django\personalFinanceEnv\Lib\site-packa
ges\django\db\models\query.py", line 2000, in _fetch_all
    self._result_cache = list(self._iterable_class(self))
                         ~~~~^^^^^^^^^^^^^^^^^^^^^^^^^^^^
  File "D:\Desktop\web dev\django\personalFinanceEnv\Lib\site-packa
ges\django\db\models\query.py", line 95, in __iter__
    results = compiler.execute_sql(
        chunked_fetch=self.chunked_fetch, 
chunk_size=self.chunk_size
    )
  File "D:\Desktop\web dev\django\personalFinanceEnv\Lib\site-packa
ges\django\db\models\sql\compiler.py", line 1624, in execute_sql
    cursor.execute(sql, params)
    ~~~~~~~~~~~~~~^^^^^^^^^^^^^
  File "D:\Desktop\web dev\django\personalFinanceEnv\Lib\site-packa
ges\django\db\backends\utils.py", line 79, in execute
    return self._execute_with_wrappers(
           ~~~~~~~~~~~~~~~~~~~~~~~~~~~^
        sql, params, many=False, executor=self._execute
        ^^^^^^^^^^^^^^^^^^^^^^^^^^^^^^^^^^^^^^^^^^^^^^^
    )
    ^
  File "D:\Desktop\web dev\django\personalFinanceEnv\Lib\site-packa
ges\django\db\backends\utils.py", line 92, in 
_execute_with_wrappers
    return executor(sql, params, many, context)
  File "D:\Desktop\web dev\django\personalFinanceEnv\Lib\site-packa
ges\django\db\backends\utils.py", line 100, in _execute
    with self.db.wrap_database_errors:
         ^^^^^^^^^^^^^^^^^^^^^^^^^^^^
  File "D:\Desktop\web dev\django\personalFinanceEnv\Lib\site-packa
ges\django\db\utils.py", line 94, in __exit__
    raise dj_exc_value.with_traceback(traceback) from exc_value
  File "D:\Desktop\web dev\django\personalFinanceEnv\Lib\site-packa
ges\django\db\backends\utils.py", line 105, in _execute
    return self.cursor.execute(sql, params)
           ~~~~~~~~~~~~~~~~~~~^^^^^^^^^^^^^
  File "D:\Desktop\web dev\django\personalFinanceEnv\Lib\site-packa
ges\django\db\backends\sqlite3\base.py", line 359, in execute
    return super().execute(query, params)
           ~~~~~~~~~~~~~~~^^^^^^^^^^^^^^^
django.db.utils.OperationalError: database table is locked: 
auth_user
AI pipeline failed for user 1
Traceback (most recent call last):
  File "D:\Desktop\web dev\django\personalFinanceEnv\Lib\site-packa
ges\django\db\backends\utils.py", line 105, in _execute
    return self.cursor.execute(sql, params)
           ~~~~~~~~~~~~~~~~~~~^^^^^^^^^^^^^
  File "D:\Desktop\web dev\django\personalFinanceEnv\Lib\site-packa
ges\django\db\backends\sqlite3\base.py", line 359, in execute
    return super().execute(query, params)
           ~~~~~~~~~~~~~~~^^^^^^^^^^^^^^^
sqlite3.OperationalError: database table is locked: auth_user

The above exception was the direct cause of the following 
exception:

Traceback (most recent call last):
  File "D:\Desktop\web dev\django\financeproject\core\signals.py", 
line 17, in _run_pipeline
    result = generate_insights_for_user(user_id)
  File "D:\Desktop\web 
dev\django\financeproject\ai_pipeline\insights.py", line 47, in 
generate_insights_for_user
    user = User.objects.get(pk=user_id)
  File "D:\Desktop\web dev\django\personalFinanceEnv\Lib\site-packa
ges\django\db\models\manager.py", line 87, in manager_method
    return getattr(self.get_queryset(), name)(*args, **kwargs)
           ~~~~~~~~~~~~~~~~~~~~~~~~~~~~~~~~~~^^^^^^^^^^^^^^^^^
  File "D:\Desktop\web dev\django\personalFinanceEnv\Lib\site-packa
ges\django\db\models\query.py", line 635, in get
    num = len(clone)
  File "D:\Desktop\web dev\django\personalFinanceEnv\Lib\site-packa
ges\django\db\models\query.py", line 372, in __len__
    self._fetch_all()
    ~~~~~~~~~~~~~~~^^
  File "D:\Desktop\web dev\django\personalFinanceEnv\Lib\site-packa
ges\django\db\models\query.py", line 2000, in _fetch_all
    self._result_cache = list(self._iterable_class(self))
                         ~~~~^^^^^^^^^^^^^^^^^^^^^^^^^^^^
  File "D:\Desktop\web dev\django\personalFinanceEnv\Lib\site-packa
ges\django\db\models\query.py", line 95, in __iter__
    results = compiler.execute_sql(
        chunked_fetch=self.chunked_fetch, 
chunk_size=self.chunk_size
    )
  File "D:\Desktop\web dev\django\personalFinanceEnv\Lib\site-packa
ges\django\db\models\sql\compiler.py", line 1624, in execute_sql
    cursor.execute(sql, params)
    ~~~~~~~~~~~~~~^^^^^^^^^^^^^
  File "D:\Desktop\web dev\django\personalFinanceEnv\Lib\site-packa
ges\django\db\backends\utils.py", line 79, in execute
    return self._execute_with_wrappers(
           ~~~~~~~~~~~~~~~~~~~~~~~~~~~^
        sql, params, many=False, executor=self._execute
        ^^^^^^^^^^^^^^^^^^^^^^^^^^^^^^^^^^^^^^^^^^^^^^^
    )
    ^
  File "D:\Desktop\web dev\django\personalFinanceEnv\Lib\site-packa
ges\django\db\backends\utils.py", line 92, in 
_execute_with_wrappers
    return executor(sql, params, many, context)
  File "D:\Desktop\web dev\django\personalFinanceEnv\Lib\site-packa
ges\django\db\backends\utils.py", line 100, in _execute
    with self.db.wrap_database_errors:
         ^^^^^^^^^^^^^^^^^^^^^^^^^^^^
  File "D:\Desktop\web dev\django\personalFinanceEnv\Lib\site-packa
ges\django\db\utils.py", line 94, in __exit__
    raise dj_exc_value.with_traceback(traceback) from exc_value
  File "D:\Desktop\web dev\django\personalFinanceEnv\Lib\site-packa
ges\django\db\backends\utils.py", line 105, in _execute
    return self.cursor.execute(sql, params)
           ~~~~~~~~~~~~~~~~~~~^^^^^^^^^^^^^
  File "D:\Desktop\web dev\django\personalFinanceEnv\Lib\site-packa
ges\django\db\backends\sqlite3\base.py", line 359, in execute
    return super().execute(query, params)
           ~~~~~~~~~~~~~~~^^^^^^^^^^^^^^^
django.db.utils.OperationalError: database table is locked: 
auth_user
AI pipeline failed for user 1
Traceback (most recent call last):
  File "D:\Desktop\web dev\django\personalFinanceEnv\Lib\site-packa
ges\django\db\backends\utils.py", line 105, in _execute
    return self.cursor.execute(sql, params)
           ~~~~~~~~~~~~~~~~~~~^^^^^^^^^^^^^
  File "D:\Desktop\web dev\django\personalFinanceEnv\Lib\site-packa
ges\django\db\backends\sqlite3\base.py", line 359, in execute
    return super().execute(query, params)
           ~~~~~~~~~~~~~~~^^^^^^^^^^^^^^^
sqlite3.OperationalError: database table is locked: auth_user

The above exception was the direct cause of the following 
exception:

Traceback (most recent call last):
  File "D:\Desktop\web dev\django\financeproject\core\signals.py", 
line 17, in _run_pipeline
    result = generate_insights_for_user(user_id)
  File "D:\Desktop\web 
dev\django\financeproject\ai_pipeline\insights.py", line 47, in 
generate_insights_for_user
    user = User.objects.get(pk=user_id)
  File "D:\Desktop\web dev\django\personalFinanceEnv\Lib\site-packa
ges\django\db\models\manager.py", line 87, in manager_method
    return getattr(self.get_queryset(), name)(*args, **kwargs)
           ~~~~~~~~~~~~~~~~~~~~~~~~~~~~~~~~~~^^^^^^^^^^^^^^^^^
  File "D:\Desktop\web dev\django\personalFinanceEnv\Lib\site-packa
ges\django\db\models\query.py", line 635, in get
    num = len(clone)
  File "D:\Desktop\web dev\django\personalFinanceEnv\Lib\site-packa
ges\django\db\models\query.py", line 372, in __len__
    self._fetch_all()
    ~~~~~~~~~~~~~~~^^
  File "D:\Desktop\web dev\django\personalFinanceEnv\Lib\site-packa
ges\django\db\models\query.py", line 2000, in _fetch_all
    self._result_cache = list(self._iterable_class(self))
                         ~~~~^^^^^^^^^^^^^^^^^^^^^^^^^^^^
  File "D:\Desktop\web dev\django\personalFinanceEnv\Lib\site-packa
ges\django\db\models\query.py", line 95, in __iter__
    results = compiler.execute_sql(
        chunked_fetch=self.chunked_fetch, 
chunk_size=self.chunk_size
    )
  File "D:\Desktop\web dev\django\personalFinanceEnv\Lib\site-packa
ges\django\db\models\sql\compiler.py", line 1624, in execute_sql
    cursor.execute(sql, params)
    ~~~~~~~~~~~~~~^^^^^^^^^^^^^
  File "D:\Desktop\web dev\django\personalFinanceEnv\Lib\site-packa
ges\django\db\backends\utils.py", line 79, in execute
    return self._execute_with_wrappers(
           ~~~~~~~~~~~~~~~~~~~~~~~~~~~^
        sql, params, many=False, executor=self._execute
        ^^^^^^^^^^^^^^^^^^^^^^^^^^^^^^^^^^^^^^^^^^^^^^^
    )
    ^
  File "D:\Desktop\web dev\django\personalFinanceEnv\Lib\site-packa
ges\django\db\backends\utils.py", line 92, in 
_execute_with_wrappers
    return executor(sql, params, many, context)
  File "D:\Desktop\web dev\django\personalFinanceEnv\Lib\site-packa
ges\django\db\backends\utils.py", line 100, in _execute
    with self.db.wrap_database_errors:
         ^^^^^^^^^^^^^^^^^^^^^^^^^^^^
  File "D:\Desktop\web dev\django\personalFinanceEnv\Lib\site-packa
ges\django\db\utils.py", line 94, in __exit__
    raise dj_exc_value.with_traceback(traceback) from exc_value
  File "D:\Desktop\web dev\django\personalFinanceEnv\Lib\site-packa
ges\django\db\backends\utils.py", line 105, in _execute
    return self.cursor.execute(sql, params)
           ~~~~~~~~~~~~~~~~~~~^^^^^^^^^^^^^
  File "D:\Desktop\web dev\django\personalFinanceEnv\Lib\site-packa
ges\django\db\backends\sqlite3\base.py", line 359, in execute
    return super().execute(query, params)
           ~~~~~~~~~~~~~~~^^^^^^^^^^^^^^^
django.db.utils.OperationalError: database table is locked: 
auth_user
AI pipeline failed for user 1
Traceback (most recent call last):
  File "D:\Desktop\web dev\django\personalFinanceEnv\Lib\site-packa
ges\django\db\backends\utils.py", line 105, in _execute
    return self.cursor.execute(sql, params)
           ~~~~~~~~~~~~~~~~~~~^^^^^^^^^^^^^
  File "D:\Desktop\web dev\django\personalFinanceEnv\Lib\site-packa
ges\django\db\backends\sqlite3\base.py", line 359, in execute
    return super().execute(query, params)
           ~~~~~~~~~~~~~~~^^^^^^^^^^^^^^^
sqlite3.OperationalError: database table is locked: auth_user

The above exception was the direct cause of the following 
exception:

Traceback (most recent call last):
  File "D:\Desktop\web dev\django\financeproject\core\signals.py", 
line 17, in _run_pipeline
    result = generate_insights_for_user(user_id)
  File "D:\Desktop\web 
dev\django\financeproject\ai_pipeline\insights.py", line 47, in 
generate_insights_for_user
    user = User.objects.get(pk=user_id)
  File "D:\Desktop\web dev\django\personalFinanceEnv\Lib\site-packa
ges\django\db\models\manager.py", line 87, in manager_method
    return getattr(self.get_queryset(), name)(*args, **kwargs)
           ~~~~~~~~~~~~~~~~~~~~~~~~~~~~~~~~~~^^^^^^^^^^^^^^^^^
  File "D:\Desktop\web dev\django\personalFinanceEnv\Lib\site-packa
ges\django\db\models\query.py", line 635, in get
    num = len(clone)
  File "D:\Desktop\web dev\django\personalFinanceEnv\Lib\site-packa
ges\django\db\models\query.py", line 372, in __len__
    self._fetch_all()
    ~~~~~~~~~~~~~~~^^
  File "D:\Desktop\web dev\django\personalFinanceEnv\Lib\site-packa
ges\django\db\models\query.py", line 2000, in _fetch_all
    self._result_cache = list(self._iterable_class(self))
                         ~~~~^^^^^^^^^^^^^^^^^^^^^^^^^^^^
  File "D:\Desktop\web dev\django\personalFinanceEnv\Lib\site-packa
ges\django\db\models\query.py", line 95, in __iter__
    results = compiler.execute_sql(
        chunked_fetch=self.chunked_fetch, 
chunk_size=self.chunk_size
    )
  File "D:\Desktop\web dev\django\personalFinanceEnv\Lib\site-packa
ges\django\db\models\sql\compiler.py", line 1624, in execute_sql
    cursor.execute(sql, params)
    ~~~~~~~~~~~~~~^^^^^^^^^^^^^
  File "D:\Desktop\web dev\django\personalFinanceEnv\Lib\site-packa
ges\django\db\backends\utils.py", line 79, in execute
    return self._execute_with_wrappers(
           ~~~~~~~~~~~~~~~~~~~~~~~~~~~^
        sql, params, many=False, executor=self._execute
        ^^^^^^^^^^^^^^^^^^^^^^^^^^^^^^^^^^^^^^^^^^^^^^^
    )
    ^
  File "D:\Desktop\web dev\django\personalFinanceEnv\Lib\site-packa
ges\django\db\backends\utils.py", line 92, in 
_execute_with_wrappers
    return executor(sql, params, many, context)
  File "D:\Desktop\web dev\django\personalFinanceEnv\Lib\site-packa
ges\django\db\backends\utils.py", line 100, in _execute
    with self.db.wrap_database_errors:
         ^^^^^^^^^^^^^^^^^^^^^^^^^^^^
  File "D:\Desktop\web dev\django\personalFinanceEnv\Lib\site-packa
ges\django\db\utils.py", line 94, in __exit__
    raise dj_exc_value.with_traceback(traceback) from exc_value
  File "D:\Desktop\web dev\django\personalFinanceEnv\Lib\site-packa
ges\django\db\backends\utils.py", line 105, in _execute
    return self.cursor.execute(sql, params)
           ~~~~~~~~~~~~~~~~~~~^^^^^^^^^^^^^
  File "D:\Desktop\web dev\django\personalFinanceEnv\Lib\site-packa
ges\django\db\backends\sqlite3\base.py", line 359, in execute
    return super().execute(query, params)
           ~~~~~~~~~~~~~~~^^^^^^^^^^^^^^^
django.db.utils.OperationalError: database table is locked: 
auth_user
AI pipeline failed for user 1
Traceback (most recent call last):
  File "D:\Desktop\web dev\django\personalFinanceEnv\Lib\site-packa
ges\django\db\backends\utils.py", line 105, in _execute
    return self.cursor.execute(sql, params)
           ~~~~~~~~~~~~~~~~~~~^^^^^^^^^^^^^
  File "D:\Desktop\web dev\django\personalFinanceEnv\Lib\site-packa
ges\django\db\backends\sqlite3\base.py", line 359, in execute
    return super().execute(query, params)
           ~~~~~~~~~~~~~~~^^^^^^^^^^^^^^^
sqlite3.OperationalError: database table is locked: auth_user

The above exception was the direct cause of the following 
exception:

Traceback (most recent call last):
  File "D:\Desktop\web dev\django\financeproject\core\signals.py", 
line 17, in _run_pipeline
    result = generate_insights_for_user(user_id)
  File "D:\Desktop\web 
dev\django\financeproject\ai_pipeline\insights.py", line 47, in 
generate_insights_for_user
    user = User.objects.get(pk=user_id)
  File "D:\Desktop\web dev\django\personalFinanceEnv\Lib\site-packa
ges\django\db\models\manager.py", line 87, in manager_method
    return getattr(self.get_queryset(), name)(*args, **kwargs)
           ~~~~~~~~~~~~~~~~~~~~~~~~~~~~~~~~~~^^^^^^^^^^^^^^^^^
  File "D:\Desktop\web dev\django\personalFinanceEnv\Lib\site-packa
ges\django\db\models\query.py", line 635, in get
    num = len(clone)
  File "D:\Desktop\web dev\django\personalFinanceEnv\Lib\site-packa
ges\django\db\models\query.py", line 372, in __len__
    self._fetch_all()
    ~~~~~~~~~~~~~~~^^
  File "D:\Desktop\web dev\django\personalFinanceEnv\Lib\site-packa
ges\django\db\models\query.py", line 2000, in _fetch_all
    self._result_cache = list(self._iterable_class(self))
                         ~~~~^^^^^^^^^^^^^^^^^^^^^^^^^^^^
  File "D:\Desktop\web dev\django\personalFinanceEnv\Lib\site-packa
ges\django\db\models\query.py", line 95, in __iter__
    results = compiler.execute_sql(
        chunked_fetch=self.chunked_fetch, 
chunk_size=self.chunk_size
    )
  File "D:\Desktop\web dev\django\personalFinanceEnv\Lib\site-packa
ges\django\db\models\sql\compiler.py", line 1624, in execute_sql
    cursor.execute(sql, params)
    ~~~~~~~~~~~~~~^^^^^^^^^^^^^
  File "D:\Desktop\web dev\django\personalFinanceEnv\Lib\site-packa
ges\django\db\backends\utils.py", line 79, in execute
    return self._execute_with_wrappers(
           ~~~~~~~~~~~~~~~~~~~~~~~~~~~^
        sql, params, many=False, executor=self._execute
        ^^^^^^^^^^^^^^^^^^^^^^^^^^^^^^^^^^^^^^^^^^^^^^^
    )
    ^
  File "D:\Desktop\web dev\django\personalFinanceEnv\Lib\site-packa
ges\django\db\backends\utils.py", line 92, in 
_execute_with_wrappers
    return executor(sql, params, many, context)
  File "D:\Desktop\web dev\django\personalFinanceEnv\Lib\site-packa
ges\django\db\backends\utils.py", line 100, in _execute
    with self.db.wrap_database_errors:
         ^^^^^^^^^^^^^^^^^^^^^^^^^^^^
  File "D:\Desktop\web dev\django\personalFinanceEnv\Lib\site-packa
ges\django\db\utils.py", line 94, in __exit__
    raise dj_exc_value.with_traceback(traceback) from exc_value
  File "D:\Desktop\web dev\django\personalFinanceEnv\Lib\site-packa
ges\django\db\backends\utils.py", line 105, in _execute
    return self.cursor.execute(sql, params)
           ~~~~~~~~~~~~~~~~~~~^^^^^^^^^^^^^
  File "D:\Desktop\web dev\django\personalFinanceEnv\Lib\site-packa
ges\django\db\backends\sqlite3\base.py", line 359, in execute
    return super().execute(query, params)
           ~~~~~~~~~~~~~~~^^^^^^^^^^^^^^^
django.db.utils.OperationalError: database table is locked: 
auth_user
AI pipeline failed for user 1
Traceback (most recent call last):
  File "D:\Desktop\web dev\django\personalFinanceEnv\Lib\site-packa
ges\django\db\backends\utils.py", line 105, in _execute
    return self.cursor.execute(sql, params)
           ~~~~~~~~~~~~~~~~~~~^^^^^^^^^^^^^
  File "D:\Desktop\web dev\django\personalFinanceEnv\Lib\site-packa
ges\django\db\backends\sqlite3\base.py", line 359, in execute
    return super().execute(query, params)
           ~~~~~~~~~~~~~~~^^^^^^^^^^^^^^^
sqlite3.OperationalError: database table is locked: auth_user

The above exception was the direct cause of the following 
exception:

Traceback (most recent call last):
  File "D:\Desktop\web dev\django\financeproject\core\signals.py", 
line 17, in _run_pipeline
    result = generate_insights_for_user(user_id)
  File "D:\Desktop\web 
dev\django\financeproject\ai_pipeline\insights.py", line 47, in 
generate_insights_for_user
    user = User.objects.get(pk=user_id)
  File "D:\Desktop\web dev\django\personalFinanceEnv\Lib\site-packa
ges\django\db\models\manager.py", line 87, in manager_method
    return getattr(self.get_queryset(), name)(*args, **kwargs)
           ~~~~~~~~~~~~~~~~~~~~~~~~~~~~~~~~~~^^^^^^^^^^^^^^^^^
  File "D:\Desktop\web dev\django\personalFinanceEnv\Lib\site-packa
ges\django\db\models\query.py", line 635, in get
    num = len(clone)
  File "D:\Desktop\web dev\django\personalFinanceEnv\Lib\site-packa
ges\django\db\models\query.py", line 372, in __len__
    self._fetch_all()
    ~~~~~~~~~~~~~~~^^
  File "D:\Desktop\web dev\django\personalFinanceEnv\Lib\site-packa
ges\django\db\models\query.py", line 2000, in _fetch_all
    self._result_cache = list(self._iterable_class(self))
                         ~~~~^^^^^^^^^^^^^^^^^^^^^^^^^^^^
  File "D:\Desktop\web dev\django\personalFinanceEnv\Lib\site-packa
ges\django\db\models\query.py", line 95, in __iter__
    results = compiler.execute_sql(
        chunked_fetch=self.chunked_fetch, 
chunk_size=self.chunk_size
    )
  File "D:\Desktop\web dev\django\personalFinanceEnv\Lib\site-packa
ges\django\db\models\sql\compiler.py", line 1624, in execute_sql
    cursor.execute(sql, params)
    ~~~~~~~~~~~~~~^^^^^^^^^^^^^
  File "D:\Desktop\web dev\django\personalFinanceEnv\Lib\site-packa
ges\django\db\backends\utils.py", line 79, in execute
    return self._execute_with_wrappers(
           ~~~~~~~~~~~~~~~~~~~~~~~~~~~^
        sql, params, many=False, executor=self._execute
        ^^^^^^^^^^^^^^^^^^^^^^^^^^^^^^^^^^^^^^^^^^^^^^^
    )
    ^
  File "D:\Desktop\web dev\django\personalFinanceEnv\Lib\site-packa
ges\django\db\backends\utils.py", line 92, in 
_execute_with_wrappers
    return executor(sql, params, many, context)
  File "D:\Desktop\web dev\django\personalFinanceEnv\Lib\site-packa
ges\django\db\backends\utils.py", line 100, in _execute
    with self.db.wrap_database_errors:
         ^^^^^^^^^^^^^^^^^^^^^^^^^^^^
  File "D:\Desktop\web dev\django\personalFinanceEnv\Lib\site-packa
ges\django\db\utils.py", line 94, in __exit__
    raise dj_exc_value.with_traceback(traceback) from exc_value
  File "D:\Desktop\web dev\django\personalFinanceEnv\Lib\site-packa
ges\django\db\backends\utils.py", line 105, in _execute
    return self.cursor.execute(sql, params)
           ~~~~~~~~~~~~~~~~~~~^^^^^^^^^^^^^
  File "D:\Desktop\web dev\django\personalFinanceEnv\Lib\site-packa
ges\django\db\backends\sqlite3\base.py", line 359, in execute
    return super().execute(query, params)
           ~~~~~~~~~~~~~~~^^^^^^^^^^^^^^^
django.db.utils.OperationalError: database table is locked: 
auth_user
ok
test_result_schema (ai_pipeline.tests.test_anomaly.AnomalyDetection
Test.test_result_schema) ... AI pipeline failed for user 1
Traceback (most recent call last):
  File "D:\Desktop\web dev\django\personalFinanceEnv\Lib\site-packa
ges\django\db\backends\utils.py", line 105, in _execute
    return self.cursor.execute(sql, params)
           ~~~~~~~~~~~~~~~~~~~^^^^^^^^^^^^^
  File "D:\Desktop\web dev\django\personalFinanceEnv\Lib\site-packa
ges\django\db\backends\sqlite3\base.py", line 359, in execute
    return super().execute(query, params)
           ~~~~~~~~~~~~~~~^^^^^^^^^^^^^^^
sqlite3.OperationalError: database table is locked: auth_user

The above exception was the direct cause of the following 
exception:

Traceback (most recent call last):
  File "D:\Desktop\web dev\django\financeproject\core\signals.py", 
line 17, in _run_pipeline
    result = generate_insights_for_user(user_id)
  File "D:\Desktop\web 
dev\django\financeproject\ai_pipeline\insights.py", line 47, in 
generate_insights_for_user
    user = User.objects.get(pk=user_id)
  File "D:\Desktop\web dev\django\personalFinanceEnv\Lib\site-packa
ges\django\db\models\manager.py", line 87, in manager_method
    return getattr(self.get_queryset(), name)(*args, **kwargs)
           ~~~~~~~~~~~~~~~~~~~~~~~~~~~~~~~~~~^^^^^^^^^^^^^^^^^
  File "D:\Desktop\web dev\django\personalFinanceEnv\Lib\site-packa
ges\django\db\models\query.py", line 635, in get
    num = len(clone)
  File "D:\Desktop\web dev\django\personalFinanceEnv\Lib\site-packa
ges\django\db\models\query.py", line 372, in __len__
    self._fetch_all()
    ~~~~~~~~~~~~~~~^^
  File "D:\Desktop\web dev\django\personalFinanceEnv\Lib\site-packa
ges\django\db\models\query.py", line 2000, in _fetch_all
    self._result_cache = list(self._iterable_class(self))
                         ~~~~^^^^^^^^^^^^^^^^^^^^^^^^^^^^
  File "D:\Desktop\web dev\django\personalFinanceEnv\Lib\site-packa
ges\django\db\models\query.py", line 95, in __iter__
    results = compiler.execute_sql(
        chunked_fetch=self.chunked_fetch, 
chunk_size=self.chunk_size
    )
  File "D:\Desktop\web dev\django\personalFinanceEnv\Lib\site-packa
ges\django\db\models\sql\compiler.py", line 1624, in execute_sql
    cursor.execute(sql, params)
    ~~~~~~~~~~~~~~^^^^^^^^^^^^^
  File "D:\Desktop\web dev\django\personalFinanceEnv\Lib\site-packa
ges\django\db\backends\utils.py", line 79, in execute
    return self._execute_with_wrappers(
           ~~~~~~~~~~~~~~~~~~~~~~~~~~~^
        sql, params, many=False, executor=self._execute
        ^^^^^^^^^^^^^^^^^^^^^^^^^^^^^^^^^^^^^^^^^^^^^^^
    )
    ^
  File "D:\Desktop\web dev\django\personalFinanceEnv\Lib\site-packa
ges\django\db\backends\utils.py", line 92, in 
_execute_with_wrappers
    return executor(sql, params, many, context)
  File "D:\Desktop\web dev\django\personalFinanceEnv\Lib\site-packa
ges\django\db\backends\utils.py", line 100, in _execute
    with self.db.wrap_database_errors:
         ^^^^^^^^^^^^^^^^^^^^^^^^^^^^
  File "D:\Desktop\web dev\django\personalFinanceEnv\Lib\site-packa
ges\django\db\utils.py", line 94, in __exit__
    raise dj_exc_value.with_traceback(traceback) from exc_value
  File "D:\Desktop\web dev\django\personalFinanceEnv\Lib\site-packa
ges\django\db\backends\utils.py", line 105, in _execute
    return self.cursor.execute(sql, params)
           ~~~~~~~~~~~~~~~~~~~^^^^^^^^^^^^^
  File "D:\Desktop\web dev\django\personalFinanceEnv\Lib\site-packa
ges\django\db\backends\sqlite3\base.py", line 359, in execute
    return super().execute(query, params)
           ~~~~~~~~~~~~~~~^^^^^^^^^^^^^^^
django.db.utils.OperationalError: database table is locked: 
auth_user
AI pipeline failed for user 1
Traceback (most recent call last):
  File "D:\Desktop\web dev\django\personalFinanceEnv\Lib\site-packa
ges\django\db\backends\utils.py", line 105, in _execute
    return self.cursor.execute(sql, params)
           ~~~~~~~~~~~~~~~~~~~^^^^^^^^^^^^^
  File "D:\Desktop\web dev\django\personalFinanceEnv\Lib\site-packa
ges\django\db\backends\sqlite3\base.py", line 359, in execute
    return super().execute(query, params)
           ~~~~~~~~~~~~~~~^^^^^^^^^^^^^^^
sqlite3.OperationalError: database table is locked: auth_user

The above exception was the direct cause of the following 
exception:

Traceback (most recent call last):
  File "D:\Desktop\web dev\django\financeproject\core\signals.py", 
line 17, in _run_pipeline
    result = generate_insights_for_user(user_id)
  File "D:\Desktop\web 
dev\django\financeproject\ai_pipeline\insights.py", line 47, in 
generate_insights_for_user
    user = User.objects.get(pk=user_id)
  File "D:\Desktop\web dev\django\personalFinanceEnv\Lib\site-packa
ges\django\db\models\manager.py", line 87, in manager_method
    return getattr(self.get_queryset(), name)(*args, **kwargs)
           ~~~~~~~~~~~~~~~~~~~~~~~~~~~~~~~~~~^^^^^^^^^^^^^^^^^
  File "D:\Desktop\web dev\django\personalFinanceEnv\Lib\site-packa
ges\django\db\models\query.py", line 635, in get
    num = len(clone)
  File "D:\Desktop\web dev\django\personalFinanceEnv\Lib\site-packa
ges\django\db\models\query.py", line 372, in __len__
    self._fetch_all()
    ~~~~~~~~~~~~~~~^^
  File "D:\Desktop\web dev\django\personalFinanceEnv\Lib\site-packa
ges\django\db\models\query.py", line 2000, in _fetch_all
    self._result_cache = list(self._iterable_class(self))
                         ~~~~^^^^^^^^^^^^^^^^^^^^^^^^^^^^
  File "D:\Desktop\web dev\django\personalFinanceEnv\Lib\site-packa
ges\django\db\models\query.py", line 95, in __iter__
    results = compiler.execute_sql(
        chunked_fetch=self.chunked_fetch, 
chunk_size=self.chunk_size
    )
  File "D:\Desktop\web dev\django\personalFinanceEnv\Lib\site-packa
ges\django\db\models\sql\compiler.py", line 1624, in execute_sql
    cursor.execute(sql, params)
    ~~~~~~~~~~~~~~^^^^^^^^^^^^^
  File "D:\Desktop\web dev\django\personalFinanceEnv\Lib\site-packa
ges\django\db\backends\utils.py", line 79, in execute
    return self._execute_with_wrappers(
           ~~~~~~~~~~~~~~~~~~~~~~~~~~~^
        sql, params, many=False, executor=self._execute
        ^^^^^^^^^^^^^^^^^^^^^^^^^^^^^^^^^^^^^^^^^^^^^^^
    )
    ^
  File "D:\Desktop\web dev\django\personalFinanceEnv\Lib\site-packa
ges\django\db\backends\utils.py", line 92, in 
_execute_with_wrappers
    return executor(sql, params, many, context)
  File "D:\Desktop\web dev\django\personalFinanceEnv\Lib\site-packa
ges\django\db\backends\utils.py", line 100, in _execute
    with self.db.wrap_database_errors:
         ^^^^^^^^^^^^^^^^^^^^^^^^^^^^
  File "D:\Desktop\web dev\django\personalFinanceEnv\Lib\site-packa
ges\django\db\utils.py", line 94, in __exit__
    raise dj_exc_value.with_traceback(traceback) from exc_value
  File "D:\Desktop\web dev\django\personalFinanceEnv\Lib\site-packa
ges\django\db\backends\utils.py", line 105, in _execute
    return self.cursor.execute(sql, params)
           ~~~~~~~~~~~~~~~~~~~^^^^^^^^^^^^^
  File "D:\Desktop\web dev\django\personalFinanceEnv\Lib\site-packa
ges\django\db\backends\sqlite3\base.py", line 359, in execute
    return super().execute(query, params)
           ~~~~~~~~~~~~~~~^^^^^^^^^^^^^^^
django.db.utils.OperationalError: database table is locked: 
auth_user
AI pipeline failed for user 1
Traceback (most recent call last):
  File "D:\Desktop\web dev\django\personalFinanceEnv\Lib\site-packa
ges\django\db\backends\utils.py", line 105, in _execute
    return self.cursor.execute(sql, params)
           ~~~~~~~~~~~~~~~~~~~^^^^^^^^^^^^^
  File "D:\Desktop\web dev\django\personalFinanceEnv\Lib\site-packa
ges\django\db\backends\sqlite3\base.py", line 359, in execute
    return super().execute(query, params)
           ~~~~~~~~~~~~~~~^^^^^^^^^^^^^^^
sqlite3.OperationalError: database table is locked: auth_user

The above exception was the direct cause of the following 
exception:

Traceback (most recent call last):
  File "D:\Desktop\web dev\django\financeproject\core\signals.py", 
line 17, in _run_pipeline
    result = generate_insights_for_user(user_id)
  File "D:\Desktop\web 
dev\django\financeproject\ai_pipeline\insights.py", line 47, in 
generate_insights_for_user
    user = User.objects.get(pk=user_id)
  File "D:\Desktop\web dev\django\personalFinanceEnv\Lib\site-packa
ges\django\db\models\manager.py", line 87, in manager_method
    return getattr(self.get_queryset(), name)(*args, **kwargs)
           ~~~~~~~~~~~~~~~~~~~~~~~~~~~~~~~~~~^^^^^^^^^^^^^^^^^
  File "D:\Desktop\web dev\django\personalFinanceEnv\Lib\site-packa
ges\django\db\models\query.py", line 635, in get
    num = len(clone)
  File "D:\Desktop\web dev\django\personalFinanceEnv\Lib\site-packa
ges\django\db\models\query.py", line 372, in __len__
    self._fetch_all()
    ~~~~~~~~~~~~~~~^^
  File "D:\Desktop\web dev\django\personalFinanceEnv\Lib\site-packa
ges\django\db\models\query.py", line 2000, in _fetch_all
    self._result_cache = list(self._iterable_class(self))
                         ~~~~^^^^^^^^^^^^^^^^^^^^^^^^^^^^
  File "D:\Desktop\web dev\django\personalFinanceEnv\Lib\site-packa
ges\django\db\models\query.py", line 95, in __iter__
    results = compiler.execute_sql(
        chunked_fetch=self.chunked_fetch, 
chunk_size=self.chunk_size
    )
  File "D:\Desktop\web dev\django\personalFinanceEnv\Lib\site-packa
ges\django\db\models\sql\compiler.py", line 1624, in execute_sql
    cursor.execute(sql, params)
    ~~~~~~~~~~~~~~^^^^^^^^^^^^^
  File "D:\Desktop\web dev\django\personalFinanceEnv\Lib\site-packa
ges\django\db\backends\utils.py", line 79, in execute
    return self._execute_with_wrappers(
           ~~~~~~~~~~~~~~~~~~~~~~~~~~~^
        sql, params, many=False, executor=self._execute
        ^^^^^^^^^^^^^^^^^^^^^^^^^^^^^^^^^^^^^^^^^^^^^^^
    )
    ^
  File "D:\Desktop\web dev\django\personalFinanceEnv\Lib\site-packa
ges\django\db\backends\utils.py", line 92, in 
_execute_with_wrappers
    return executor(sql, params, many, context)
  File "D:\Desktop\web dev\django\personalFinanceEnv\Lib\site-packa
ges\django\db\backends\utils.py", line 100, in _execute
    with self.db.wrap_database_errors:
         ^^^^^^^^^^^^^^^^^^^^^^^^^^^^
  File "D:\Desktop\web dev\django\personalFinanceEnv\Lib\site-packa
ges\django\db\utils.py", line 94, in __exit__
    raise dj_exc_value.with_traceback(traceback) from exc_value
  File "D:\Desktop\web dev\django\personalFinanceEnv\Lib\site-packa
ges\django\db\backends\utils.py", line 105, in _execute
    return self.cursor.execute(sql, params)
           ~~~~~~~~~~~~~~~~~~~^^^^^^^^^^^^^
  File "D:\Desktop\web dev\django\personalFinanceEnv\Lib\site-packa
ges\django\db\backends\sqlite3\base.py", line 359, in execute
    return super().execute(query, params)
           ~~~~~~~~~~~~~~~^^^^^^^^^^^^^^^
django.db.utils.OperationalError: database table is locked: 
auth_user
AI pipeline failed for user 1
Traceback (most recent call last):
  File "D:\Desktop\web dev\django\personalFinanceEnv\Lib\site-packa
ges\django\db\backends\utils.py", line 105, in _execute
    return self.cursor.execute(sql, params)
           ~~~~~~~~~~~~~~~~~~~^^^^^^^^^^^^^
  File "D:\Desktop\web dev\django\personalFinanceEnv\Lib\site-packa
ges\django\db\backends\sqlite3\base.py", line 359, in execute
    return super().execute(query, params)
           ~~~~~~~~~~~~~~~^^^^^^^^^^^^^^^
sqlite3.OperationalError: database table is locked: auth_user

The above exception was the direct cause of the following 
exception:

Traceback (most recent call last):
  File "D:\Desktop\web dev\django\financeproject\core\signals.py", 
line 17, in _run_pipeline
    result = generate_insights_for_user(user_id)
  File "D:\Desktop\web 
dev\django\financeproject\ai_pipeline\insights.py", line 47, in 
generate_insights_for_user
    user = User.objects.get(pk=user_id)
  File "D:\Desktop\web dev\django\personalFinanceEnv\Lib\site-packa
ges\django\db\models\manager.py", line 87, in manager_method
    return getattr(self.get_queryset(), name)(*args, **kwargs)
           ~~~~~~~~~~~~~~~~~~~~~~~~~~~~~~~~~~^^^^^^^^^^^^^^^^^
  File "D:\Desktop\web dev\django\personalFinanceEnv\Lib\site-packa
ges\django\db\models\query.py", line 635, in get
    num = len(clone)
  File "D:\Desktop\web dev\django\personalFinanceEnv\Lib\site-packa
ges\django\db\models\query.py", line 372, in __len__
    self._fetch_all()
    ~~~~~~~~~~~~~~~^^
  File "D:\Desktop\web dev\django\personalFinanceEnv\Lib\site-packa
ges\django\db\models\query.py", line 2000, in _fetch_all
    self._result_cache = list(self._iterable_class(self))
                         ~~~~^^^^^^^^^^^^^^^^^^^^^^^^^^^^
  File "D:\Desktop\web dev\django\personalFinanceEnv\Lib\site-packa
ges\django\db\models\query.py", line 95, in __iter__
    results = compiler.execute_sql(
        chunked_fetch=self.chunked_fetch, 
chunk_size=self.chunk_size
    )
  File "D:\Desktop\web dev\django\personalFinanceEnv\Lib\site-packa
ges\django\db\models\sql\compiler.py", line 1624, in execute_sql
    cursor.execute(sql, params)
    ~~~~~~~~~~~~~~^^^^^^^^^^^^^
  File "D:\Desktop\web dev\django\personalFinanceEnv\Lib\site-packa
ges\django\db\backends\utils.py", line 79, in execute
    return self._execute_with_wrappers(
           ~~~~~~~~~~~~~~~~~~~~~~~~~~~^
        sql, params, many=False, executor=self._execute
        ^^^^^^^^^^^^^^^^^^^^^^^^^^^^^^^^^^^^^^^^^^^^^^^
    )
    ^
  File "D:\Desktop\web dev\django\personalFinanceEnv\Lib\site-packa
ges\django\db\backends\utils.py", line 92, in 
_execute_with_wrappers
    return executor(sql, params, many, context)
  File "D:\Desktop\web dev\django\personalFinanceEnv\Lib\site-packa
ges\django\db\backends\utils.py", line 100, in _execute
    with self.db.wrap_database_errors:
         ^^^^^^^^^^^^^^^^^^^^^^^^^^^^
  File "D:\Desktop\web dev\django\personalFinanceEnv\Lib\site-packa
ges\django\db\utils.py", line 94, in __exit__
    raise dj_exc_value.with_traceback(traceback) from exc_value
  File "D:\Desktop\web dev\django\personalFinanceEnv\Lib\site-packa
ges\django\db\backends\utils.py", line 105, in _execute
    return self.cursor.execute(sql, params)
           ~~~~~~~~~~~~~~~~~~~^^^^^^^^^^^^^
  File "D:\Desktop\web dev\django\personalFinanceEnv\Lib\site-packa
ges\django\db\backends\sqlite3\base.py", line 359, in execute
    return super().execute(query, params)
           ~~~~~~~~~~~~~~~^^^^^^^^^^^^^^^
django.db.utils.OperationalError: database table is locked: 
auth_user
AI pipeline failed for user 1
Traceback (most recent call last):
  File "D:\Desktop\web dev\django\personalFinanceEnv\Lib\site-packa
ges\django\db\backends\utils.py", line 105, in _execute
    return self.cursor.execute(sql, params)
           ~~~~~~~~~~~~~~~~~~~^^^^^^^^^^^^^
  File "D:\Desktop\web dev\django\personalFinanceEnv\Lib\site-packa
ges\django\db\backends\sqlite3\base.py", line 359, in execute
    return super().execute(query, params)
           ~~~~~~~~~~~~~~~^^^^^^^^^^^^^^^
sqlite3.OperationalError: database table is locked: auth_user

The above exception was the direct cause of the following 
exception:

Traceback (most recent call last):
  File "D:\Desktop\web dev\django\financeproject\core\signals.py", 
line 17, in _run_pipeline
    result = generate_insights_for_user(user_id)
  File "D:\Desktop\web 
dev\django\financeproject\ai_pipeline\insights.py", line 47, in 
generate_insights_for_user
    user = User.objects.get(pk=user_id)
  File "D:\Desktop\web dev\django\personalFinanceEnv\Lib\site-packa
ges\django\db\models\manager.py", line 87, in manager_method
    return getattr(self.get_queryset(), name)(*args, **kwargs)
           ~~~~~~~~~~~~~~~~~~~~~~~~~~~~~~~~~~^^^^^^^^^^^^^^^^^
  File "D:\Desktop\web dev\django\personalFinanceEnv\Lib\site-packa
ges\django\db\models\query.py", line 635, in get
    num = len(clone)
  File "D:\Desktop\web dev\django\personalFinanceEnv\Lib\site-packa
ges\django\db\models\query.py", line 372, in __len__
    self._fetch_all()
    ~~~~~~~~~~~~~~~^^
  File "D:\Desktop\web dev\django\personalFinanceEnv\Lib\site-packa
ges\django\db\models\query.py", line 2000, in _fetch_all
    self._result_cache = list(self._iterable_class(self))
                         ~~~~^^^^^^^^^^^^^^^^^^^^^^^^^^^^
  File "D:\Desktop\web dev\django\personalFinanceEnv\Lib\site-packa
ges\django\db\models\query.py", line 95, in __iter__
    results = compiler.execute_sql(
        chunked_fetch=self.chunked_fetch, 
chunk_size=self.chunk_size
    )
  File "D:\Desktop\web dev\django\personalFinanceEnv\Lib\site-packa
ges\django\db\models\sql\compiler.py", line 1624, in execute_sql
    cursor.execute(sql, params)
    ~~~~~~~~~~~~~~^^^^^^^^^^^^^
  File "D:\Desktop\web dev\django\personalFinanceEnv\Lib\site-packa
ges\django\db\backends\utils.py", line 79, in execute
    return self._execute_with_wrappers(
           ~~~~~~~~~~~~~~~~~~~~~~~~~~~^
        sql, params, many=False, executor=self._execute
        ^^^^^^^^^^^^^^^^^^^^^^^^^^^^^^^^^^^^^^^^^^^^^^^
    )
    ^
  File "D:\Desktop\web dev\django\personalFinanceEnv\Lib\site-packa
ges\django\db\backends\utils.py", line 92, in 
_execute_with_wrappers
    return executor(sql, params, many, context)
  File "D:\Desktop\web dev\django\personalFinanceEnv\Lib\site-packa
ges\django\db\backends\utils.py", line 100, in _execute
    with self.db.wrap_database_errors:
         ^^^^^^^^^^^^^^^^^^^^^^^^^^^^
  File "D:\Desktop\web dev\django\personalFinanceEnv\Lib\site-packa
ges\django\db\utils.py", line 94, in __exit__
    raise dj_exc_value.with_traceback(traceback) from exc_value
  File "D:\Desktop\web dev\django\personalFinanceEnv\Lib\site-packa
ges\django\db\backends\utils.py", line 105, in _execute
    return self.cursor.execute(sql, params)
           ~~~~~~~~~~~~~~~~~~~^^^^^^^^^^^^^
  File "D:\Desktop\web dev\django\personalFinanceEnv\Lib\site-packa
ges\django\db\backends\sqlite3\base.py", line 359, in execute
    return super().execute(query, params)
           ~~~~~~~~~~~~~~~^^^^^^^^^^^^^^^
django.db.utils.OperationalError: database table is locked: 
auth_user
AI pipeline failed for user 1
Traceback (most recent call last):
  File "D:\Desktop\web dev\django\personalFinanceEnv\Lib\site-packa
ges\django\db\backends\utils.py", line 105, in _execute
    return self.cursor.execute(sql, params)
           ~~~~~~~~~~~~~~~~~~~^^^^^^^^^^^^^
  File "D:\Desktop\web dev\django\personalFinanceEnv\Lib\site-packa
ges\django\db\backends\sqlite3\base.py", line 359, in execute
    return super().execute(query, params)
           ~~~~~~~~~~~~~~~^^^^^^^^^^^^^^^
sqlite3.OperationalError: database table is locked: auth_user

The above exception was the direct cause of the following 
exception:

Traceback (most recent call last):
  File "D:\Desktop\web dev\django\financeproject\core\signals.py", 
line 17, in _run_pipeline
    result = generate_insights_for_user(user_id)
  File "D:\Desktop\web 
dev\django\financeproject\ai_pipeline\insights.py", line 47, in 
generate_insights_for_user
    user = User.objects.get(pk=user_id)
  File "D:\Desktop\web dev\django\personalFinanceEnv\Lib\site-packa
ges\django\db\models\manager.py", line 87, in manager_method
    return getattr(self.get_queryset(), name)(*args, **kwargs)
           ~~~~~~~~~~~~~~~~~~~~~~~~~~~~~~~~~~^^^^^^^^^^^^^^^^^
  File "D:\Desktop\web dev\django\personalFinanceEnv\Lib\site-packa
ges\django\db\models\query.py", line 635, in get
    num = len(clone)
  File "D:\Desktop\web dev\django\personalFinanceEnv\Lib\site-packa
ges\django\db\models\query.py", line 372, in __len__
    self._fetch_all()
    ~~~~~~~~~~~~~~~^^
  File "D:\Desktop\web dev\django\personalFinanceEnv\Lib\site-packa
ges\django\db\models\query.py", line 2000, in _fetch_all
    self._result_cache = list(self._iterable_class(self))
                         ~~~~^^^^^^^^^^^^^^^^^^^^^^^^^^^^
  File "D:\Desktop\web dev\django\personalFinanceEnv\Lib\site-packa
ges\django\db\models\query.py", line 95, in __iter__
    results = compiler.execute_sql(
        chunked_fetch=self.chunked_fetch, 
chunk_size=self.chunk_size
    )
  File "D:\Desktop\web dev\django\personalFinanceEnv\Lib\site-packa
ges\django\db\models\sql\compiler.py", line 1624, in execute_sql
    cursor.execute(sql, params)
    ~~~~~~~~~~~~~~^^^^^^^^^^^^^
  File "D:\Desktop\web dev\django\personalFinanceEnv\Lib\site-packa
ges\django\db\backends\utils.py", line 79, in execute
    return self._execute_with_wrappers(
           ~~~~~~~~~~~~~~~~~~~~~~~~~~~^
        sql, params, many=False, executor=self._execute
        ^^^^^^^^^^^^^^^^^^^^^^^^^^^^^^^^^^^^^^^^^^^^^^^
    )
    ^
  File "D:\Desktop\web dev\django\personalFinanceEnv\Lib\site-packa
ges\django\db\backends\utils.py", line 92, in 
_execute_with_wrappers
    return executor(sql, params, many, context)
  File "D:\Desktop\web dev\django\personalFinanceEnv\Lib\site-packa
ges\django\db\backends\utils.py", line 100, in _execute
    with self.db.wrap_database_errors:
         ^^^^^^^^^^^^^^^^^^^^^^^^^^^^
  File "D:\Desktop\web dev\django\personalFinanceEnv\Lib\site-packa
ges\django\db\utils.py", line 94, in __exit__
    raise dj_exc_value.with_traceback(traceback) from exc_value
  File "D:\Desktop\web dev\django\personalFinanceEnv\Lib\site-packa
ges\django\db\backends\utils.py", line 105, in _execute
    return self.cursor.execute(sql, params)
           ~~~~~~~~~~~~~~~~~~~^^^^^^^^^^^^^
  File "D:\Desktop\web dev\django\personalFinanceEnv\Lib\site-packa
ges\django\db\backends\sqlite3\base.py", line 359, in execute
    return super().execute(query, params)
           ~~~~~~~~~~~~~~~^^^^^^^^^^^^^^^
django.db.utils.OperationalError: database table is locked: 
auth_user
ok
test_single_transaction_per_category_skipped (ai_pipeline.tests.tes
t_anomaly.AnomalyDetectionTest.test_single_transaction_per_category
_skipped)
Cannot compute baseline from a single transaction ù no anomaly. 
... AI pipeline failed for user 1
Traceback (most recent call last):
  File "D:\Desktop\web dev\django\personalFinanceEnv\Lib\site-packa
ges\django\db\backends\utils.py", line 105, in _execute
    return self.cursor.execute(sql, params)
           ~~~~~~~~~~~~~~~~~~~^^^^^^^^^^^^^
  File "D:\Desktop\web dev\django\personalFinanceEnv\Lib\site-packa
ges\django\db\backends\sqlite3\base.py", line 359, in execute
    return super().execute(query, params)
           ~~~~~~~~~~~~~~~^^^^^^^^^^^^^^^
sqlite3.OperationalError: database table is locked: auth_user

The above exception was the direct cause of the following 
exception:

Traceback (most recent call last):
  File "D:\Desktop\web dev\django\financeproject\core\signals.py", 
line 17, in _run_pipeline
    result = generate_insights_for_user(user_id)
  File "D:\Desktop\web 
dev\django\financeproject\ai_pipeline\insights.py", line 47, in 
generate_insights_for_user
    user = User.objects.get(pk=user_id)
  File "D:\Desktop\web dev\django\personalFinanceEnv\Lib\site-packa
ges\django\db\models\manager.py", line 87, in manager_method
    return getattr(self.get_queryset(), name)(*args, **kwargs)
           ~~~~~~~~~~~~~~~~~~~~~~~~~~~~~~~~~~^^^^^^^^^^^^^^^^^
  File "D:\Desktop\web dev\django\personalFinanceEnv\Lib\site-packa
ges\django\db\models\query.py", line 635, in get
    num = len(clone)
  File "D:\Desktop\web dev\django\personalFinanceEnv\Lib\site-packa
ges\django\db\models\query.py", line 372, in __len__
    self._fetch_all()
    ~~~~~~~~~~~~~~~^^
  File "D:\Desktop\web dev\django\personalFinanceEnv\Lib\site-packa
ges\django\db\models\query.py", line 2000, in _fetch_all
    self._result_cache = list(self._iterable_class(self))
                         ~~~~^^^^^^^^^^^^^^^^^^^^^^^^^^^^
  File "D:\Desktop\web dev\django\personalFinanceEnv\Lib\site-packa
ges\django\db\models\query.py", line 95, in __iter__
    results = compiler.execute_sql(
        chunked_fetch=self.chunked_fetch, 
chunk_size=self.chunk_size
    )
  File "D:\Desktop\web dev\django\personalFinanceEnv\Lib\site-packa
ges\django\db\models\sql\compiler.py", line 1624, in execute_sql
    cursor.execute(sql, params)
    ~~~~~~~~~~~~~~^^^^^^^^^^^^^
  File "D:\Desktop\web dev\django\personalFinanceEnv\Lib\site-packa
ges\django\db\backends\utils.py", line 79, in execute
    return self._execute_with_wrappers(
           ~~~~~~~~~~~~~~~~~~~~~~~~~~~^
        sql, params, many=False, executor=self._execute
        ^^^^^^^^^^^^^^^^^^^^^^^^^^^^^^^^^^^^^^^^^^^^^^^
    )
    ^
  File "D:\Desktop\web dev\django\personalFinanceEnv\Lib\site-packa
ges\django\db\backends\utils.py", line 92, in 
_execute_with_wrappers
    return executor(sql, params, many, context)
  File "D:\Desktop\web dev\django\personalFinanceEnv\Lib\site-packa
ges\django\db\backends\utils.py", line 100, in _execute
    with self.db.wrap_database_errors:
         ^^^^^^^^^^^^^^^^^^^^^^^^^^^^
  File "D:\Desktop\web dev\django\personalFinanceEnv\Lib\site-packa
ges\django\db\utils.py", line 94, in __exit__
    raise dj_exc_value.with_traceback(traceback) from exc_value
  File "D:\Desktop\web dev\django\personalFinanceEnv\Lib\site-packa
ges\django\db\backends\utils.py", line 105, in _execute
    return self.cursor.execute(sql, params)
           ~~~~~~~~~~~~~~~~~~~^^^^^^^^^^^^^
  File "D:\Desktop\web dev\django\personalFinanceEnv\Lib\site-packa
ges\django\db\backends\sqlite3\base.py", line 359, in execute
    return super().execute(query, params)
           ~~~~~~~~~~~~~~~^^^^^^^^^^^^^^^
django.db.utils.OperationalError: database table is locked: 
auth_user
ok
AI pipeline failed for user 1
Traceback (most recent call last):
  File "D:\Desktop\web dev\django\personalFinanceEnv\Lib\site-packa
ges\django\db\backends\utils.py", line 105, in _execute
    return self.cursor.execute(sql, params)
           ~~~~~~~~~~~~~~~~~~~^^^^^^^^^^^^^
  File "D:\Desktop\web dev\django\personalFinanceEnv\Lib\site-packa
ges\django\db\backends\sqlite3\base.py", line 359, in execute
    return super().execute(query, params)
           ~~~~~~~~~~~~~~~^^^^^^^^^^^^^^^
sqlite3.OperationalError: database table is locked: auth_user

The above exception was the direct cause of the following 
exception:

Traceback (most recent call last):
  File "D:\Desktop\web dev\django\financeproject\core\signals.py", 
line 17, in _run_pipeline
    result = generate_insights_for_user(user_id)
  File "D:\Desktop\web 
dev\django\financeproject\ai_pipeline\insights.py", line 47, in 
generate_insights_for_user
    user = User.objects.get(pk=user_id)
  File "D:\Desktop\web dev\django\personalFinanceEnv\Lib\site-packa
ges\django\db\models\manager.py", line 87, in manager_method
    return getattr(self.get_queryset(), name)(*args, **kwargs)
           ~~~~~~~~~~~~~~~~~~~~~~~~~~~~~~~~~~^^^^^^^^^^^^^^^^^
  File "D:\Desktop\web dev\django\personalFinanceEnv\Lib\site-packa
ges\django\db\models\query.py", line 635, in get
    num = len(clone)
  File "D:\Desktop\web dev\django\personalFinanceEnv\Lib\site-packa
ges\django\db\models\query.py", line 372, in __len__
    self._fetch_all()
    ~~~~~~~~~~~~~~~^^
  File "D:\Desktop\web dev\django\personalFinanceEnv\Lib\site-packa
ges\django\db\models\query.py", line 2000, in _fetch_all
    self._result_cache = list(self._iterable_class(self))
                         ~~~~^^^^^^^^^^^^^^^^^^^^^^^^^^^^
  File "D:\Desktop\web dev\django\personalFinanceEnv\Lib\site-packa
ges\django\db\models\query.py", line 95, in __iter__
    results = compiler.execute_sql(
        chunked_fetch=self.chunked_fetch, 
chunk_size=self.chunk_size
    )
  File "D:\Desktop\web dev\django\personalFinanceEnv\Lib\site-packa
ges\django\db\models\sql\compiler.py", line 1624, in execute_sql
    cursor.execute(sql, params)
    ~~~~~~~~~~~~~~^^^^^^^^^^^^^
  File "D:\Desktop\web dev\django\personalFinanceEnv\Lib\site-packa
ges\django\db\backends\utils.py", line 79, in execute
    return self._execute_with_wrappers(
           ~~~~~~~~~~~~~~~~~~~~~~~~~~~^
        sql, params, many=False, executor=self._execute
        ^^^^^^^^^^^^^^^^^^^^^^^^^^^^^^^^^^^^^^^^^^^^^^^
    )
    ^
  File "D:\Desktop\web dev\django\personalFinanceEnv\Lib\site-packa
ges\django\db\backends\utils.py", line 92, in 
_execute_with_wrappers
    return executor(sql, params, many, context)
  File "D:\Desktop\web dev\django\personalFinanceEnv\Lib\site-packa
ges\django\db\backends\utils.py", line 100, in _execute
    with self.db.wrap_database_errors:
         ^^^^^^^^^^^^^^^^^^^^^^^^^^^^
  File "D:\Desktop\web dev\django\personalFinanceEnv\Lib\site-packa
ges\django\db\utils.py", line 94, in __exit__
    raise dj_exc_value.with_traceback(traceback) from exc_value
  File "D:\Desktop\web dev\django\personalFinanceEnv\Lib\site-packa
ges\django\db\backends\utils.py", line 105, in _execute
    return self.cursor.execute(sql, params)
           ~~~~~~~~~~~~~~~~~~~^^^^^^^^^^^^^
  File "D:\Desktop\web dev\django\personalFinanceEnv\Lib\site-packa
ges\django\db\backends\sqlite3\base.py", line 359, in execute
    return super().execute(query, params)
           ~~~~~~~~~~~~~~~^^^^^^^^^^^^^^^
django.db.utils.OperationalError: database table is locked: 
auth_user
test_sorted_by_score_desc (ai_pipeline.tests.test_anomaly.AnomalyDe
tectionTest.test_sorted_by_score_desc)
Anomalies must be sorted highest score first. ... AI pipeline 
failed for user 1
Traceback (most recent call last):
  File "D:\Desktop\web dev\django\personalFinanceEnv\Lib\site-packa
ges\django\db\backends\utils.py", line 105, in _execute
    return self.cursor.execute(sql, params)
           ~~~~~~~~~~~~~~~~~~~^^^^^^^^^^^^^
  File "D:\Desktop\web dev\django\personalFinanceEnv\Lib\site-packa
ges\django\db\backends\sqlite3\base.py", line 359, in execute
    return super().execute(query, params)
           ~~~~~~~~~~~~~~~^^^^^^^^^^^^^^^
sqlite3.OperationalError: database table is locked: auth_user

The above exception was the direct cause of the following 
exception:

Traceback (most recent call last):
  File "D:\Desktop\web dev\django\financeproject\core\signals.py", 
line 17, in _run_pipeline
    result = generate_insights_for_user(user_id)
  File "D:\Desktop\web 
dev\django\financeproject\ai_pipeline\insights.py", line 47, in 
generate_insights_for_user
    user = User.objects.get(pk=user_id)
  File "D:\Desktop\web dev\django\personalFinanceEnv\Lib\site-packa
ges\django\db\models\manager.py", line 87, in manager_method
    return getattr(self.get_queryset(), name)(*args, **kwargs)
           ~~~~~~~~~~~~~~~~~~~~~~~~~~~~~~~~~~^^^^^^^^^^^^^^^^^
  File "D:\Desktop\web dev\django\personalFinanceEnv\Lib\site-packa
ges\django\db\models\query.py", line 635, in get
    num = len(clone)
  File "D:\Desktop\web dev\django\personalFinanceEnv\Lib\site-packa
ges\django\db\models\query.py", line 372, in __len__
    self._fetch_all()
    ~~~~~~~~~~~~~~~^^
  File "D:\Desktop\web dev\django\personalFinanceEnv\Lib\site-packa
ges\django\db\models\query.py", line 2000, in _fetch_all
    self._result_cache = list(self._iterable_class(self))
                         ~~~~^^^^^^^^^^^^^^^^^^^^^^^^^^^^
  File "D:\Desktop\web dev\django\personalFinanceEnv\Lib\site-packa
ges\django\db\models\query.py", line 95, in __iter__
    results = compiler.execute_sql(
        chunked_fetch=self.chunked_fetch, 
chunk_size=self.chunk_size
    )
  File "D:\Desktop\web dev\django\personalFinanceEnv\Lib\site-packa
ges\django\db\models\sql\compiler.py", line 1624, in execute_sql
    cursor.execute(sql, params)
    ~~~~~~~~~~~~~~^^^^^^^^^^^^^
  File "D:\Desktop\web dev\django\personalFinanceEnv\Lib\site-packa
ges\django\db\backends\utils.py", line 79, in execute
    return self._execute_with_wrappers(
           ~~~~~~~~~~~~~~~~~~~~~~~~~~~^
        sql, params, many=False, executor=self._execute
        ^^^^^^^^^^^^^^^^^^^^^^^^^^^^^^^^^^^^^^^^^^^^^^^
    )
    ^
  File "D:\Desktop\web dev\django\personalFinanceEnv\Lib\site-packa
ges\django\db\backends\utils.py", line 92, in 
_execute_with_wrappers
    return executor(sql, params, many, context)
  File "D:\Desktop\web dev\django\personalFinanceEnv\Lib\site-packa
ges\django\db\backends\utils.py", line 100, in _execute
    with self.db.wrap_database_errors:
         ^^^^^^^^^^^^^^^^^^^^^^^^^^^^
  File "D:\Desktop\web dev\django\personalFinanceEnv\Lib\site-packa
ges\django\db\utils.py", line 94, in __exit__
    raise dj_exc_value.with_traceback(traceback) from exc_value
  File "D:\Desktop\web dev\django\personalFinanceEnv\Lib\site-packa
ges\django\db\backends\utils.py", line 105, in _execute
    return self.cursor.execute(sql, params)
           ~~~~~~~~~~~~~~~~~~~^^^^^^^^^^^^^
  File "D:\Desktop\web dev\django\personalFinanceEnv\Lib\site-packa
ges\django\db\backends\sqlite3\base.py", line 359, in execute
    return super().execute(query, params)
           ~~~~~~~~~~~~~~~^^^^^^^^^^^^^^^
django.db.utils.OperationalError: database table is locked: 
auth_user
AI pipeline failed for user 1
Traceback (most recent call last):
  File "D:\Desktop\web dev\django\personalFinanceEnv\Lib\site-packa
ges\django\db\backends\utils.py", line 105, in _execute
    return self.cursor.execute(sql, params)
           ~~~~~~~~~~~~~~~~~~~^^^^^^^^^^^^^
  File "D:\Desktop\web dev\django\personalFinanceEnv\Lib\site-packa
ges\django\db\backends\sqlite3\base.py", line 359, in execute
    return super().execute(query, params)
           ~~~~~~~~~~~~~~~^^^^^^^^^^^^^^^
sqlite3.OperationalError: database table is locked: auth_user

The above exception was the direct cause of the following 
exception:

Traceback (most recent call last):
  File "D:\Desktop\web dev\django\financeproject\core\signals.py", 
line 17, in _run_pipeline
    result = generate_insights_for_user(user_id)
  File "D:\Desktop\web 
dev\django\financeproject\ai_pipeline\insights.py", line 47, in 
generate_insights_for_user
    user = User.objects.get(pk=user_id)
  File "D:\Desktop\web dev\django\personalFinanceEnv\Lib\site-packa
ges\django\db\models\manager.py", line 87, in manager_method
    return getattr(self.get_queryset(), name)(*args, **kwargs)
           ~~~~~~~~~~~~~~~~~~~~~~~~~~~~~~~~~~^^^^^^^^^^^^^^^^^
  File "D:\Desktop\web dev\django\personalFinanceEnv\Lib\site-packa
ges\django\db\models\query.py", line 635, in get
    num = len(clone)
  File "D:\Desktop\web dev\django\personalFinanceEnv\Lib\site-packa
ges\django\db\models\query.py", line 372, in __len__
    self._fetch_all()
    ~~~~~~~~~~~~~~~^^
  File "D:\Desktop\web dev\django\personalFinanceEnv\Lib\site-packa
ges\django\db\models\query.py", line 2000, in _fetch_all
    self._result_cache = list(self._iterable_class(self))
                         ~~~~^^^^^^^^^^^^^^^^^^^^^^^^^^^^
  File "D:\Desktop\web dev\django\personalFinanceEnv\Lib\site-packa
ges\django\db\models\query.py", line 95, in __iter__
    results = compiler.execute_sql(
        chunked_fetch=self.chunked_fetch, 
chunk_size=self.chunk_size
    )
  File "D:\Desktop\web dev\django\personalFinanceEnv\Lib\site-packa
ges\django\db\models\sql\compiler.py", line 1624, in execute_sql
    cursor.execute(sql, params)
    ~~~~~~~~~~~~~~^^^^^^^^^^^^^
  File "D:\Desktop\web dev\django\personalFinanceEnv\Lib\site-packa
ges\django\db\backends\utils.py", line 79, in execute
    return self._execute_with_wrappers(
           ~~~~~~~~~~~~~~~~~~~~~~~~~~~^
        sql, params, many=False, executor=self._execute
        ^^^^^^^^^^^^^^^^^^^^^^^^^^^^^^^^^^^^^^^^^^^^^^^
    )
    ^
  File "D:\Desktop\web dev\django\personalFinanceEnv\Lib\site-packa
ges\django\db\backends\utils.py", line 92, in 
_execute_with_wrappers
    return executor(sql, params, many, context)
  File "D:\Desktop\web dev\django\personalFinanceEnv\Lib\site-packa
ges\django\db\backends\utils.py", line 100, in _execute
    with self.db.wrap_database_errors:
         ^^^^^^^^^^^^^^^^^^^^^^^^^^^^
  File "D:\Desktop\web dev\django\personalFinanceEnv\Lib\site-packa
ges\django\db\utils.py", line 94, in __exit__
    raise dj_exc_value.with_traceback(traceback) from exc_value
  File "D:\Desktop\web dev\django\personalFinanceEnv\Lib\site-packa
ges\django\db\backends\utils.py", line 105, in _execute
    return self.cursor.execute(sql, params)
           ~~~~~~~~~~~~~~~~~~~^^^^^^^^^^^^^
  File "D:\Desktop\web dev\django\personalFinanceEnv\Lib\site-packa
ges\django\db\backends\sqlite3\base.py", line 359, in execute
    return super().execute(query, params)
           ~~~~~~~~~~~~~~~^^^^^^^^^^^^^^^
django.db.utils.OperationalError: database table is locked: 
auth_user
AI pipeline failed for user 1
Traceback (most recent call last):
  File "D:\Desktop\web dev\django\personalFinanceEnv\Lib\site-packa
ges\django\db\backends\utils.py", line 105, in _execute
    return self.cursor.execute(sql, params)
           ~~~~~~~~~~~~~~~~~~~^^^^^^^^^^^^^
  File "D:\Desktop\web dev\django\personalFinanceEnv\Lib\site-packa
ges\django\db\backends\sqlite3\base.py", line 359, in execute
    return super().execute(query, params)
           ~~~~~~~~~~~~~~~^^^^^^^^^^^^^^^
sqlite3.OperationalError: database table is locked: auth_user

The above exception was the direct cause of the following 
exception:

Traceback (most recent call last):
  File "D:\Desktop\web dev\django\financeproject\core\signals.py", 
line 17, in _run_pipeline
    result = generate_insights_for_user(user_id)
  File "D:\Desktop\web 
dev\django\financeproject\ai_pipeline\insights.py", line 47, in 
generate_insights_for_user
    user = User.objects.get(pk=user_id)
  File "D:\Desktop\web dev\django\personalFinanceEnv\Lib\site-packa
ges\django\db\models\manager.py", line 87, in manager_method
    return getattr(self.get_queryset(), name)(*args, **kwargs)
           ~~~~~~~~~~~~~~~~~~~~~~~~~~~~~~~~~~^^^^^^^^^^^^^^^^^
  File "D:\Desktop\web dev\django\personalFinanceEnv\Lib\site-packa
ges\django\db\models\query.py", line 635, in get
    num = len(clone)
  File "D:\Desktop\web dev\django\personalFinanceEnv\Lib\site-packa
ges\django\db\models\query.py", line 372, in __len__
    self._fetch_all()
    ~~~~~~~~~~~~~~~^^
  File "D:\Desktop\web dev\django\personalFinanceEnv\Lib\site-packa
ges\django\db\models\query.py", line 2000, in _fetch_all
    self._result_cache = list(self._iterable_class(self))
                         ~~~~^^^^^^^^^^^^^^^^^^^^^^^^^^^^
  File "D:\Desktop\web dev\django\personalFinanceEnv\Lib\site-packa
ges\django\db\models\query.py", line 95, in __iter__
    results = compiler.execute_sql(
        chunked_fetch=self.chunked_fetch, 
chunk_size=self.chunk_size
    )
  File "D:\Desktop\web dev\django\personalFinanceEnv\Lib\site-packa
ges\django\db\models\sql\compiler.py", line 1624, in execute_sql
    cursor.execute(sql, params)
    ~~~~~~~~~~~~~~^^^^^^^^^^^^^
  File "D:\Desktop\web dev\django\personalFinanceEnv\Lib\site-packa
ges\django\db\backends\utils.py", line 79, in execute
    return self._execute_with_wrappers(
           ~~~~~~~~~~~~~~~~~~~~~~~~~~~^
        sql, params, many=False, executor=self._execute
        ^^^^^^^^^^^^^^^^^^^^^^^^^^^^^^^^^^^^^^^^^^^^^^^
    )
    ^
  File "D:\Desktop\web dev\django\personalFinanceEnv\Lib\site-packa
ges\django\db\backends\utils.py", line 92, in 
_execute_with_wrappers
    return executor(sql, params, many, context)
  File "D:\Desktop\web dev\django\personalFinanceEnv\Lib\site-packa
ges\django\db\backends\utils.py", line 100, in _execute
    with self.db.wrap_database_errors:
         ^^^^^^^^^^^^^^^^^^^^^^^^^^^^
  File "D:\Desktop\web dev\django\personalFinanceEnv\Lib\site-packa
ges\django\db\utils.py", line 94, in __exit__
    raise dj_exc_value.with_traceback(traceback) from exc_value
  File "D:\Desktop\web dev\django\personalFinanceEnv\Lib\site-packa
ges\django\db\backends\utils.py", line 105, in _execute
    return self.cursor.execute(sql, params)
           ~~~~~~~~~~~~~~~~~~~^^^^^^^^^^^^^
  File "D:\Desktop\web dev\django\personalFinanceEnv\Lib\site-packa
ges\django\db\backends\sqlite3\base.py", line 359, in execute
    return super().execute(query, params)
           ~~~~~~~~~~~~~~~^^^^^^^^^^^^^^^
django.db.utils.OperationalError: database table is locked: 
auth_user
AI pipeline failed for user 1
Traceback (most recent call last):
  File "D:\Desktop\web dev\django\personalFinanceEnv\Lib\site-packa
ges\django\db\backends\utils.py", line 105, in _execute
    return self.cursor.execute(sql, params)
           ~~~~~~~~~~~~~~~~~~~^^^^^^^^^^^^^
  File "D:\Desktop\web dev\django\personalFinanceEnv\Lib\site-packa
ges\django\db\backends\sqlite3\base.py", line 359, in execute
    return super().execute(query, params)
           ~~~~~~~~~~~~~~~^^^^^^^^^^^^^^^
sqlite3.OperationalError: database table is locked: auth_user

The above exception was the direct cause of the following 
exception:

Traceback (most recent call last):
  File "D:\Desktop\web dev\django\financeproject\core\signals.py", 
line 17, in _run_pipeline
    result = generate_insights_for_user(user_id)
  File "D:\Desktop\web 
dev\django\financeproject\ai_pipeline\insights.py", line 47, in 
generate_insights_for_user
    user = User.objects.get(pk=user_id)
  File "D:\Desktop\web dev\django\personalFinanceEnv\Lib\site-packa
ges\django\db\models\manager.py", line 87, in manager_method
    return getattr(self.get_queryset(), name)(*args, **kwargs)
           ~~~~~~~~~~~~~~~~~~~~~~~~~~~~~~~~~~^^^^^^^^^^^^^^^^^
  File "D:\Desktop\web dev\django\personalFinanceEnv\Lib\site-packa
ges\django\db\models\query.py", line 635, in get
    num = len(clone)
  File "D:\Desktop\web dev\django\personalFinanceEnv\Lib\site-packa
ges\django\db\models\query.py", line 372, in __len__
    self._fetch_all()
    ~~~~~~~~~~~~~~~^^
  File "D:\Desktop\web dev\django\personalFinanceEnv\Lib\site-packa
ges\django\db\models\query.py", line 2000, in _fetch_all
    self._result_cache = list(self._iterable_class(self))
                         ~~~~^^^^^^^^^^^^^^^^^^^^^^^^^^^^
  File "D:\Desktop\web dev\django\personalFinanceEnv\Lib\site-packa
ges\django\db\models\query.py", line 95, in __iter__
    results = compiler.execute_sql(
        chunked_fetch=self.chunked_fetch, 
chunk_size=self.chunk_size
    )
  File "D:\Desktop\web dev\django\personalFinanceEnv\Lib\site-packa
ges\django\db\models\sql\compiler.py", line 1624, in execute_sql
    cursor.execute(sql, params)
    ~~~~~~~~~~~~~~^^^^^^^^^^^^^
  File "D:\Desktop\web dev\django\personalFinanceEnv\Lib\site-packa
ges\django\db\backends\utils.py", line 79, in execute
    return self._execute_with_wrappers(
           ~~~~~~~~~~~~~~~~~~~~~~~~~~~^
        sql, params, many=False, executor=self._execute
        ^^^^^^^^^^^^^^^^^^^^^^^^^^^^^^^^^^^^^^^^^^^^^^^
    )
    ^
  File "D:\Desktop\web dev\django\personalFinanceEnv\Lib\site-packa
ges\django\db\backends\utils.py", line 92, in 
_execute_with_wrappers
    return executor(sql, params, many, context)
  File "D:\Desktop\web dev\django\personalFinanceEnv\Lib\site-packa
ges\django\db\backends\utils.py", line 100, in _execute
    with self.db.wrap_database_errors:
         ^^^^^^^^^^^^^^^^^^^^^^^^^^^^
  File "D:\Desktop\web dev\django\personalFinanceEnv\Lib\site-packa
ges\django\db\utils.py", line 94, in __exit__
    raise dj_exc_value.with_traceback(traceback) from exc_value
  File "D:\Desktop\web dev\django\personalFinanceEnv\Lib\site-packa
ges\django\db\backends\utils.py", line 105, in _execute
    return self.cursor.execute(sql, params)
           ~~~~~~~~~~~~~~~~~~~^^^^^^^^^^^^^
  File "D:\Desktop\web dev\django\personalFinanceEnv\Lib\site-packa
ges\django\db\backends\sqlite3\base.py", line 359, in execute
    return super().execute(query, params)
           ~~~~~~~~~~~~~~~^^^^^^^^^^^^^^^
django.db.utils.OperationalError: database table is locked: 
auth_user
ok
test_accept_feedback (ai_pipeline.tests.test_insights_api.TestFeedb
ackEndpoint.test_accept_feedback) ... AI pipeline failed for user 1
Traceback (most recent call last):
  File "D:\Desktop\web dev\django\personalFinanceEnv\Lib\site-packa
ges\django\db\backends\utils.py", line 105, in _execute
    return self.cursor.execute(sql, params)
           ~~~~~~~~~~~~~~~~~~~^^^^^^^^^^^^^
  File "D:\Desktop\web dev\django\personalFinanceEnv\Lib\site-packa
ges\django\db\backends\sqlite3\base.py", line 359, in execute
    return super().execute(query, params)
           ~~~~~~~~~~~~~~~^^^^^^^^^^^^^^^
sqlite3.OperationalError: database table is locked: auth_user

The above exception was the direct cause of the following 
exception:

Traceback (most recent call last):
  File "D:\Desktop\web dev\django\financeproject\core\signals.py", 
line 17, in _run_pipeline
    result = generate_insights_for_user(user_id)
  File "D:\Desktop\web 
dev\django\financeproject\ai_pipeline\insights.py", line 47, in 
generate_insights_for_user
    user = User.objects.get(pk=user_id)
  File "D:\Desktop\web dev\django\personalFinanceEnv\Lib\site-packa
ges\django\db\models\manager.py", line 87, in manager_method
    return getattr(self.get_queryset(), name)(*args, **kwargs)
           ~~~~~~~~~~~~~~~~~~~~~~~~~~~~~~~~~~^^^^^^^^^^^^^^^^^
  File "D:\Desktop\web dev\django\personalFinanceEnv\Lib\site-packa
ges\django\db\models\query.py", line 635, in get
    num = len(clone)
  File "D:\Desktop\web dev\django\personalFinanceEnv\Lib\site-packa
ges\django\db\models\query.py", line 372, in __len__
    self._fetch_all()
    ~~~~~~~~~~~~~~~^^
  File "D:\Desktop\web dev\django\personalFinanceEnv\Lib\site-packa
ges\django\db\models\query.py", line 2000, in _fetch_all
    self._result_cache = list(self._iterable_class(self))
                         ~~~~^^^^^^^^^^^^^^^^^^^^^^^^^^^^
  File "D:\Desktop\web dev\django\personalFinanceEnv\Lib\site-packa
ges\django\db\models\query.py", line 95, in __iter__
    results = compiler.execute_sql(
        chunked_fetch=self.chunked_fetch, 
chunk_size=self.chunk_size
    )
  File "D:\Desktop\web dev\django\personalFinanceEnv\Lib\site-packa
ges\django\db\models\sql\compiler.py", line 1624, in execute_sql
    cursor.execute(sql, params)
    ~~~~~~~~~~~~~~^^^^^^^^^^^^^
  File "D:\Desktop\web dev\django\personalFinanceEnv\Lib\site-packa
ges\django\db\backends\utils.py", line 79, in execute
    return self._execute_with_wrappers(
           ~~~~~~~~~~~~~~~~~~~~~~~~~~~^
        sql, params, many=False, executor=self._execute
        ^^^^^^^^^^^^^^^^^^^^^^^^^^^^^^^^^^^^^^^^^^^^^^^
    )
    ^
  File "D:\Desktop\web dev\django\personalFinanceEnv\Lib\site-packa
ges\django\db\backends\utils.py", line 92, in 
_execute_with_wrappers
    return executor(sql, params, many, context)
  File "D:\Desktop\web dev\django\personalFinanceEnv\Lib\site-packa
ges\django\db\backends\utils.py", line 100, in _execute
    with self.db.wrap_database_errors:
         ^^^^^^^^^^^^^^^^^^^^^^^^^^^^
  File "D:\Desktop\web dev\django\personalFinanceEnv\Lib\site-packa
ges\django\db\utils.py", line 94, in __exit__
    raise dj_exc_value.with_traceback(traceback) from exc_value
  File "D:\Desktop\web dev\django\personalFinanceEnv\Lib\site-packa
ges\django\db\backends\utils.py", line 105, in _execute
    return self.cursor.execute(sql, params)
           ~~~~~~~~~~~~~~~~~~~^^^^^^^^^^^^^
  File "D:\Desktop\web dev\django\personalFinanceEnv\Lib\site-packa
ges\django\db\backends\sqlite3\base.py", line 359, in execute
    return super().execute(query, params)
           ~~~~~~~~~~~~~~~^^^^^^^^^^^^^^^
django.db.utils.OperationalError: database table is locked: 
auth_user
AI pipeline failed for user 1
Traceback (most recent call last):
  File "D:\Desktop\web dev\django\personalFinanceEnv\Lib\site-packa
ges\django\db\backends\utils.py", line 105, in _execute
    return self.cursor.execute(sql, params)
           ~~~~~~~~~~~~~~~~~~~^^^^^^^^^^^^^
  File "D:\Desktop\web dev\django\personalFinanceEnv\Lib\site-packa
ges\django\db\backends\sqlite3\base.py", line 359, in execute
    return super().execute(query, params)
           ~~~~~~~~~~~~~~~^^^^^^^^^^^^^^^
sqlite3.OperationalError: database table is locked: auth_user

The above exception was the direct cause of the following 
exception:

Traceback (most recent call last):
  File "D:\Desktop\web dev\django\financeproject\core\signals.py", 
line 17, in _run_pipeline
    result = generate_insights_for_user(user_id)
  File "D:\Desktop\web 
dev\django\financeproject\ai_pipeline\insights.py", line 47, in 
generate_insights_for_user
    user = User.objects.get(pk=user_id)
  File "D:\Desktop\web dev\django\personalFinanceEnv\Lib\site-packa
ges\django\db\models\manager.py", line 87, in manager_method
    return getattr(self.get_queryset(), name)(*args, **kwargs)
           ~~~~~~~~~~~~~~~~~~~~~~~~~~~~~~~~~~^^^^^^^^^^^^^^^^^
  File "D:\Desktop\web dev\django\personalFinanceEnv\Lib\site-packa
ges\django\db\models\query.py", line 635, in get
    num = len(clone)
  File "D:\Desktop\web dev\django\personalFinanceEnv\Lib\site-packa
ges\django\db\models\query.py", line 372, in __len__
    self._fetch_all()
    ~~~~~~~~~~~~~~~^^
  File "D:\Desktop\web dev\django\personalFinanceEnv\Lib\site-packa
ges\django\db\models\query.py", line 2000, in _fetch_all
    self._result_cache = list(self._iterable_class(self))
                         ~~~~^^^^^^^^^^^^^^^^^^^^^^^^^^^^
  File "D:\Desktop\web dev\django\personalFinanceEnv\Lib\site-packa
ges\django\db\models\query.py", line 95, in __iter__
    results = compiler.execute_sql(
        chunked_fetch=self.chunked_fetch, 
chunk_size=self.chunk_size
    )
  File "D:\Desktop\web dev\django\personalFinanceEnv\Lib\site-packa
ges\django\db\models\sql\compiler.py", line 1624, in execute_sql
    cursor.execute(sql, params)
    ~~~~~~~~~~~~~~^^^^^^^^^^^^^
  File "D:\Desktop\web dev\django\personalFinanceEnv\Lib\site-packa
ges\django\db\backends\utils.py", line 79, in execute
    return self._execute_with_wrappers(
           ~~~~~~~~~~~~~~~~~~~~~~~~~~~^
        sql, params, many=False, executor=self._execute
        ^^^^^^^^^^^^^^^^^^^^^^^^^^^^^^^^^^^^^^^^^^^^^^^
    )
    ^
  File "D:\Desktop\web dev\django\personalFinanceEnv\Lib\site-packa
ges\django\db\backends\utils.py", line 92, in 
_execute_with_wrappers
    return executor(sql, params, many, context)
  File "D:\Desktop\web dev\django\personalFinanceEnv\Lib\site-packa
ges\django\db\backends\utils.py", line 100, in _execute
    with self.db.wrap_database_errors:
         ^^^^^^^^^^^^^^^^^^^^^^^^^^^^
  File "D:\Desktop\web dev\django\personalFinanceEnv\Lib\site-packa
ges\django\db\utils.py", line 94, in __exit__
    raise dj_exc_value.with_traceback(traceback) from exc_value
  File "D:\Desktop\web dev\django\personalFinanceEnv\Lib\site-packa
ges\django\db\backends\utils.py", line 105, in _execute
    return self.cursor.execute(sql, params)
           ~~~~~~~~~~~~~~~~~~~^^^^^^^^^^^^^
  File "D:\Desktop\web dev\django\personalFinanceEnv\Lib\site-packa
ges\django\db\backends\sqlite3\base.py", line 359, in execute
    return super().execute(query, params)
           ~~~~~~~~~~~~~~~^^^^^^^^^^^^^^^
django.db.utils.OperationalError: database table is locked: 
auth_user
AI pipeline failed for user 1
Traceback (most recent call last):
  File "D:\Desktop\web dev\django\personalFinanceEnv\Lib\site-packa
ges\django\db\backends\utils.py", line 105, in _execute
    return self.cursor.execute(sql, params)
           ~~~~~~~~~~~~~~~~~~~^^^^^^^^^^^^^
  File "D:\Desktop\web dev\django\personalFinanceEnv\Lib\site-packa
ges\django\db\backends\sqlite3\base.py", line 359, in execute
    return super().execute(query, params)
           ~~~~~~~~~~~~~~~^^^^^^^^^^^^^^^
sqlite3.OperationalError: database table is locked: auth_user

The above exception was the direct cause of the following 
exception:

Traceback (most recent call last):
  File "D:\Desktop\web dev\django\financeproject\core\signals.py", 
line 17, in _run_pipeline
    result = generate_insights_for_user(user_id)
  File "D:\Desktop\web 
dev\django\financeproject\ai_pipeline\insights.py", line 47, in 
generate_insights_for_user
    user = User.objects.get(pk=user_id)
  File "D:\Desktop\web dev\django\personalFinanceEnv\Lib\site-packa
ges\django\db\models\manager.py", line 87, in manager_method
    return getattr(self.get_queryset(), name)(*args, **kwargs)
           ~~~~~~~~~~~~~~~~~~~~~~~~~~~~~~~~~~^^^^^^^^^^^^^^^^^
  File "D:\Desktop\web dev\django\personalFinanceEnv\Lib\site-packa
ges\django\db\models\query.py", line 635, in get
    num = len(clone)
  File "D:\Desktop\web dev\django\personalFinanceEnv\Lib\site-packa
ges\django\db\models\query.py", line 372, in __len__
    self._fetch_all()
    ~~~~~~~~~~~~~~~^^
  File "D:\Desktop\web dev\django\personalFinanceEnv\Lib\site-packa
ges\django\db\models\query.py", line 2000, in _fetch_all
    self._result_cache = list(self._iterable_class(self))
                         ~~~~^^^^^^^^^^^^^^^^^^^^^^^^^^^^
  File "D:\Desktop\web dev\django\personalFinanceEnv\Lib\site-packa
ges\django\db\models\query.py", line 95, in __iter__
    results = compiler.execute_sql(
        chunked_fetch=self.chunked_fetch, 
chunk_size=self.chunk_size
    )
  File "D:\Desktop\web dev\django\personalFinanceEnv\Lib\site-packa
ges\django\db\models\sql\compiler.py", line 1624, in execute_sql
    cursor.execute(sql, params)
    ~~~~~~~~~~~~~~^^^^^^^^^^^^^
  File "D:\Desktop\web dev\django\personalFinanceEnv\Lib\site-packa
ges\django\db\backends\utils.py", line 79, in execute
    return self._execute_with_wrappers(
           ~~~~~~~~~~~~~~~~~~~~~~~~~~~^
        sql, params, many=False, executor=self._execute
        ^^^^^^^^^^^^^^^^^^^^^^^^^^^^^^^^^^^^^^^^^^^^^^^
    )
    ^
  File "D:\Desktop\web dev\django\personalFinanceEnv\Lib\site-packa
ges\django\db\backends\utils.py", line 92, in 
_execute_with_wrappers
    return executor(sql, params, many, context)
  File "D:\Desktop\web dev\django\personalFinanceEnv\Lib\site-packa
ges\django\db\backends\utils.py", line 100, in _execute
    with self.db.wrap_database_errors:
         ^^^^^^^^^^^^^^^^^^^^^^^^^^^^
  File "D:\Desktop\web dev\django\personalFinanceEnv\Lib\site-packa
ges\django\db\utils.py", line 94, in __exit__
    raise dj_exc_value.with_traceback(traceback) from exc_value
  File "D:\Desktop\web dev\django\personalFinanceEnv\Lib\site-packa
ges\django\db\backends\utils.py", line 105, in _execute
    return self.cursor.execute(sql, params)
           ~~~~~~~~~~~~~~~~~~~^^^^^^^^^^^^^
  File "D:\Desktop\web dev\django\personalFinanceEnv\Lib\site-packa
ges\django\db\backends\sqlite3\base.py", line 359, in execute
    return super().execute(query, params)
           ~~~~~~~~~~~~~~~^^^^^^^^^^^^^^^
django.db.utils.OperationalError: database table is locked: 
auth_user
ok
test_cannot_feedback_other_users_insight (ai_pipeline.tests.test_in
sights_api.TestFeedbackEndpoint.test_cannot_feedback_other_users_in
sight) ... ok
test_invalid_feedback_value_rejected (ai_pipeline.tests.test_insigh
ts_api.TestFeedbackEndpoint.test_invalid_feedback_value_rejected) 
... ok
test_nonexistent_insight_returns_404 (ai_pipeline.tests.test_insigh
ts_api.TestFeedbackEndpoint.test_nonexistent_insight_returns_404) 
... ok
test_reject_feedback (ai_pipeline.tests.test_insights_api.TestFeedb
ackEndpoint.test_reject_feedback) ... ok
test_requires_authentication (ai_pipeline.tests.test_insights_api.T
estFeedbackEndpoint.test_requires_authentication) ... ok
test_excludes_draft_pipeline_output (ai_pipeline.tests.test_insight
s_api.TestLatestInsightsEndpoint.test_excludes_draft_pipeline_outpu
t)
Milestone 2 draft rows should not appear in the Garvis UI. ... ok
test_requires_authentication (ai_pipeline.tests.test_insights_api.T
estLatestInsightsEndpoint.test_requires_authentication) ... ok
test_response_shape (ai_pipeline.tests.test_insights_api.TestLatest
InsightsEndpoint.test_response_shape) ... ok
test_returns_at_most_3 (ai_pipeline.tests.test_insights_api.TestLat
estInsightsEndpoint.test_returns_at_most_3) ... ok
test_returns_empty_list_when_no_insights (ai_pipeline.tests.test_in
sights_api.TestLatestInsightsEndpoint.test_returns_empty_list_when_
no_insights) ... FAIL
test_returns_only_own_insights (ai_pipeline.tests.test_insights_api
.TestLatestInsightsEndpoint.test_returns_only_own_insights) ... 
FAIL
test_action_matches_mock_adapter_output (ai_pipeline.tests.test_llm
_adapter.TestGenerateInsightsIntegration.test_action_matches_mock_a
dapter_output)
The saved action text must match what MockAdapter returns. ... ok
test_aiinsight_rows_created (ai_pipeline.tests.test_llm_adapter.Tes
tGenerateInsightsIntegration.test_aiinsight_rows_created) ... ok
test_disabled_ai_preferences_short_circuits (ai_pipeline.tests.test
_llm_adapter.TestGenerateInsightsIntegration.test_disabled_ai_prefe
rences_short_circuits) ... ok
test_idempotent_multiple_calls (ai_pipeline.tests.test_llm_adapter.
TestGenerateInsightsIntegration.test_idempotent_multiple_calls)
Each call with fresh cache must create new rows (no upsert). ... ok
test_insight_fields_populated (ai_pipeline.tests.test_llm_adapter.T
estGenerateInsightsIntegration.test_insight_fields_populated) ... 
ok
test_no_pii_in_explanation (ai_pipeline.tests.test_llm_adapter.Test
GenerateInsightsIntegration.test_no_pii_in_explanation)
Net-zero PII: no email-like or long digit sequences in 
explanations. ... ok
test_returns_ok_status (ai_pipeline.tests.test_llm_adapter.TestGene
rateInsightsIntegration.test_returns_ok_status) ... ok
test_returns_saved_ids (ai_pipeline.tests.test_llm_adapter.TestGene
rateInsightsIntegration.test_returns_saved_ids) ... ok
test_generate_is_deterministic (ai_pipeline.tests.test_llm_adapter.
TestMockAdapter.test_generate_is_deterministic)
Same adapter always returns the same string. ... ok
test_generate_is_valid_json (ai_pipeline.tests.test_llm_adapter.Tes
tMockAdapter.test_generate_is_valid_json) ... ok
test_generate_passes_parser (ai_pipeline.tests.test_llm_adapter.Tes
tMockAdapter.test_generate_passes_parser) ... ok
test_generate_returns_string (ai_pipeline.tests.test_llm_adapter.Te
stMockAdapter.test_generate_returns_string) ... ok
test_accepts_json_with_preamble (ai_pipeline.tests.test_llm_adapter
.TestParser.test_accepts_json_with_preamble)
Handles models that add stray text before the JSON. ... ok
test_accepts_valid_json (ai_pipeline.tests.test_llm_adapter.TestPar
ser.test_accepts_valid_json) ... ok
test_null_saving_accepted (ai_pipeline.tests.test_llm_adapter.TestP
arser.test_null_saving_accepted) ... ok
test_rejects_additional_properties (ai_pipeline.tests.test_llm_adap
ter.TestParser.test_rejects_additional_properties) ... ok
test_rejects_empty_string (ai_pipeline.tests.test_llm_adapter.TestP
arser.test_rejects_empty_string) ... ok
test_rejects_missing_required_field (ai_pipeline.tests.test_llm_ada
pter.TestParser.test_rejects_missing_required_field) ... ok
test_rejects_plain_text (ai_pipeline.tests.test_llm_adapter.TestPar
ser.test_rejects_plain_text) ... ok
test_rejects_wrong_confidence (ai_pipeline.tests.test_llm_adapter.T
estParser.test_rejects_wrong_confidence) ... ok
test_build_prompt_compact_json (ai_pipeline.tests.test_llm_adapter.
TestPromptBuilder.test_build_prompt_compact_json)
Compact separators ù no spaces after colons in the embedded JSON. 
... FAIL
test_build_prompt_contains_payload (ai_pipeline.tests.test_llm_adap
ter.TestPromptBuilder.test_build_prompt_contains_payload) ... FAIL
test_avg_monthly_expense (ai_pipeline.tests.test_metrics.MetricsBas
icTest.test_avg_monthly_expense)
avg_monthly_expense = total_expense / 
distinct_months_with_activity ... ok
test_category_breakdown (ai_pipeline.tests.test_metrics.MetricsBasi
cTest.test_category_breakdown) ... AI pipeline failed for user 1
Traceback (most recent call last):
  File "D:\Desktop\web dev\django\personalFinanceEnv\Lib\site-packa
ges\django\db\backends\utils.py", line 105, in _execute
    return self.cursor.execute(sql, params)
           ~~~~~~~~~~~~~~~~~~~^^^^^^^^^^^^^
  File "D:\Desktop\web dev\django\personalFinanceEnv\Lib\site-packa
ges\django\db\backends\sqlite3\base.py", line 359, in execute
    return super().execute(query, params)
           ~~~~~~~~~~~~~~~^^^^^^^^^^^^^^^
sqlite3.OperationalError: database table is locked: auth_user

The above exception was the direct cause of the following 
exception:

Traceback (most recent call last):
  File "D:\Desktop\web dev\django\financeproject\core\signals.py", 
line 17, in _run_pipeline
    result = generate_insights_for_user(user_id)
  File "D:\Desktop\web 
dev\django\financeproject\ai_pipeline\insights.py", line 47, in 
generate_insights_for_user
    user = User.objects.get(pk=user_id)
  File "D:\Desktop\web dev\django\personalFinanceEnv\Lib\site-packa
ges\django\db\models\manager.py", line 87, in manager_method
    return getattr(self.get_queryset(), name)(*args, **kwargs)
           ~~~~~~~~~~~~~~~~~~~~~~~~~~~~~~~~~~^^^^^^^^^^^^^^^^^
  File "D:\Desktop\web dev\django\personalFinanceEnv\Lib\site-packa
ges\django\db\models\query.py", line 635, in get
    num = len(clone)
  File "D:\Desktop\web dev\django\personalFinanceEnv\Lib\site-packa
ges\django\db\models\query.py", line 372, in __len__
    self._fetch_all()
    ~~~~~~~~~~~~~~~^^
  File "D:\Desktop\web dev\django\personalFinanceEnv\Lib\site-packa
ges\django\db\models\query.py", line 2000, in _fetch_all
    self._result_cache = list(self._iterable_class(self))
                         ~~~~^^^^^^^^^^^^^^^^^^^^^^^^^^^^
  File "D:\Desktop\web dev\django\personalFinanceEnv\Lib\site-packa
ges\django\db\models\query.py", line 95, in __iter__
    results = compiler.execute_sql(
        chunked_fetch=self.chunked_fetch, 
chunk_size=self.chunk_size
    )
  File "D:\Desktop\web dev\django\personalFinanceEnv\Lib\site-packa
ges\django\db\models\sql\compiler.py", line 1624, in execute_sql
    cursor.execute(sql, params)
    ~~~~~~~~~~~~~~^^^^^^^^^^^^^
  File "D:\Desktop\web dev\django\personalFinanceEnv\Lib\site-packa
ges\django\db\backends\utils.py", line 79, in execute
    return self._execute_with_wrappers(
           ~~~~~~~~~~~~~~~~~~~~~~~~~~~^
        sql, params, many=False, executor=self._execute
        ^^^^^^^^^^^^^^^^^^^^^^^^^^^^^^^^^^^^^^^^^^^^^^^
    )
    ^
  File "D:\Desktop\web dev\django\personalFinanceEnv\Lib\site-packa
ges\django\db\backends\utils.py", line 92, in 
_execute_with_wrappers
    return executor(sql, params, many, context)
  File "D:\Desktop\web dev\django\personalFinanceEnv\Lib\site-packa
ges\django\db\backends\utils.py", line 100, in _execute
    with self.db.wrap_database_errors:
         ^^^^^^^^^^^^^^^^^^^^^^^^^^^^
  File "D:\Desktop\web dev\django\personalFinanceEnv\Lib\site-packa
ges\django\db\utils.py", line 94, in __exit__
    raise dj_exc_value.with_traceback(traceback) from exc_value
  File "D:\Desktop\web dev\django\personalFinanceEnv\Lib\site-packa
ges\django\db\backends\utils.py", line 105, in _execute
    return self.cursor.execute(sql, params)
           ~~~~~~~~~~~~~~~~~~~^^^^^^^^^^^^^
  File "D:\Desktop\web dev\django\personalFinanceEnv\Lib\site-packa
ges\django\db\backends\sqlite3\base.py", line 359, in execute
    return super().execute(query, params)
           ~~~~~~~~~~~~~~~^^^^^^^^^^^^^^^
django.db.utils.OperationalError: database table is locked: 
auth_user
AI pipeline failed for user 1
Traceback (most recent call last):
  File "D:\Desktop\web dev\django\personalFinanceEnv\Lib\site-packa
ges\django\db\backends\utils.py", line 105, in _execute
    return self.cursor.execute(sql, params)
           ~~~~~~~~~~~~~~~~~~~^^^^^^^^^^^^^
  File "D:\Desktop\web dev\django\personalFinanceEnv\Lib\site-packa
ges\django\db\backends\sqlite3\base.py", line 359, in execute
    return super().execute(query, params)
           ~~~~~~~~~~~~~~~^^^^^^^^^^^^^^^
sqlite3.OperationalError: database table is locked: auth_user

The above exception was the direct cause of the following 
exception:

Traceback (most recent call last):
  File "D:\Desktop\web dev\django\financeproject\core\signals.py", 
line 17, in _run_pipeline
    result = generate_insights_for_user(user_id)
  File "D:\Desktop\web 
dev\django\financeproject\ai_pipeline\insights.py", line 47, in 
generate_insights_for_user
    user = User.objects.get(pk=user_id)
  File "D:\Desktop\web dev\django\personalFinanceEnv\Lib\site-packa
ges\django\db\models\manager.py", line 87, in manager_method
    return getattr(self.get_queryset(), name)(*args, **kwargs)
           ~~~~~~~~~~~~~~~~~~~~~~~~~~~~~~~~~~^^^^^^^^^^^^^^^^^
  File "D:\Desktop\web dev\django\personalFinanceEnv\Lib\site-packa
ges\django\db\models\query.py", line 635, in get
    num = len(clone)
  File "D:\Desktop\web dev\django\personalFinanceEnv\Lib\site-packa
ges\django\db\models\query.py", line 372, in __len__
    self._fetch_all()
    ~~~~~~~~~~~~~~~^^
  File "D:\Desktop\web dev\django\personalFinanceEnv\Lib\site-packa
ges\django\db\models\query.py", line 2000, in _fetch_all
    self._result_cache = list(self._iterable_class(self))
                         ~~~~^^^^^^^^^^^^^^^^^^^^^^^^^^^^
  File "D:\Desktop\web dev\django\personalFinanceEnv\Lib\site-packa
ges\django\db\models\query.py", line 95, in __iter__
    results = compiler.execute_sql(
        chunked_fetch=self.chunked_fetch, 
chunk_size=self.chunk_size
    )
  File "D:\Desktop\web dev\django\personalFinanceEnv\Lib\site-packa
ges\django\db\models\sql\compiler.py", line 1624, in execute_sql
    cursor.execute(sql, params)
    ~~~~~~~~~~~~~~^^^^^^^^^^^^^
  File "D:\Desktop\web dev\django\personalFinanceEnv\Lib\site-packa
ges\django\db\backends\utils.py", line 79, in execute
    return self._execute_with_wrappers(
           ~~~~~~~~~~~~~~~~~~~~~~~~~~~^
        sql, params, many=False, executor=self._execute
        ^^^^^^^^^^^^^^^^^^^^^^^^^^^^^^^^^^^^^^^^^^^^^^^
    )
    ^
  File "D:\Desktop\web dev\django\personalFinanceEnv\Lib\site-packa
ges\django\db\backends\utils.py", line 92, in 
_execute_with_wrappers
    return executor(sql, params, many, context)
  File "D:\Desktop\web dev\django\personalFinanceEnv\Lib\site-packa
ges\django\db\backends\utils.py", line 100, in _execute
    with self.db.wrap_database_errors:
         ^^^^^^^^^^^^^^^^^^^^^^^^^^^^
  File "D:\Desktop\web dev\django\personalFinanceEnv\Lib\site-packa
ges\django\db\utils.py", line 94, in __exit__
    raise dj_exc_value.with_traceback(traceback) from exc_value
  File "D:\Desktop\web dev\django\personalFinanceEnv\Lib\site-packa
ges\django\db\backends\utils.py", line 105, in _execute
    return self.cursor.execute(sql, params)
           ~~~~~~~~~~~~~~~~~~~^^^^^^^^^^^^^
  File "D:\Desktop\web dev\django\personalFinanceEnv\Lib\site-packa
ges\django\db\backends\sqlite3\base.py", line 359, in execute
    return super().execute(query, params)
           ~~~~~~~~~~~~~~~^^^^^^^^^^^^^^^
django.db.utils.OperationalError: database table is locked: 
auth_user
AI pipeline failed for user 1
Traceback (most recent call last):
  File "D:\Desktop\web dev\django\personalFinanceEnv\Lib\site-packa
ges\django\db\backends\utils.py", line 105, in _execute
    return self.cursor.execute(sql, params)
           ~~~~~~~~~~~~~~~~~~~^^^^^^^^^^^^^
  File "D:\Desktop\web dev\django\personalFinanceEnv\Lib\site-packa
ges\django\db\backends\sqlite3\base.py", line 359, in execute
    return super().execute(query, params)
           ~~~~~~~~~~~~~~~^^^^^^^^^^^^^^^
sqlite3.OperationalError: database table is locked: auth_user

The above exception was the direct cause of the following 
exception:

Traceback (most recent call last):
  File "D:\Desktop\web dev\django\financeproject\core\signals.py", 
line 17, in _run_pipeline
    result = generate_insights_for_user(user_id)
  File "D:\Desktop\web 
dev\django\financeproject\ai_pipeline\insights.py", line 47, in 
generate_insights_for_user
    user = User.objects.get(pk=user_id)
  File "D:\Desktop\web dev\django\personalFinanceEnv\Lib\site-packa
ges\django\db\models\manager.py", line 87, in manager_method
    return getattr(self.get_queryset(), name)(*args, **kwargs)
           ~~~~~~~~~~~~~~~~~~~~~~~~~~~~~~~~~~^^^^^^^^^^^^^^^^^
  File "D:\Desktop\web dev\django\personalFinanceEnv\Lib\site-packa
ges\django\db\models\query.py", line 635, in get
    num = len(clone)
  File "D:\Desktop\web dev\django\personalFinanceEnv\Lib\site-packa
ges\django\db\models\query.py", line 372, in __len__
    self._fetch_all()
    ~~~~~~~~~~~~~~~^^
  File "D:\Desktop\web dev\django\personalFinanceEnv\Lib\site-packa
ges\django\db\models\query.py", line 2000, in _fetch_all
    self._result_cache = list(self._iterable_class(self))
                         ~~~~^^^^^^^^^^^^^^^^^^^^^^^^^^^^
  File "D:\Desktop\web dev\django\personalFinanceEnv\Lib\site-packa
ges\django\db\models\query.py", line 95, in __iter__
    results = compiler.execute_sql(
        chunked_fetch=self.chunked_fetch, 
chunk_size=self.chunk_size
    )
  File "D:\Desktop\web dev\django\personalFinanceEnv\Lib\site-packa
ges\django\db\models\sql\compiler.py", line 1624, in execute_sql
    cursor.execute(sql, params)
    ~~~~~~~~~~~~~~^^^^^^^^^^^^^
  File "D:\Desktop\web dev\django\personalFinanceEnv\Lib\site-packa
ges\django\db\backends\utils.py", line 79, in execute
    return self._execute_with_wrappers(
           ~~~~~~~~~~~~~~~~~~~~~~~~~~~^
        sql, params, many=False, executor=self._execute
        ^^^^^^^^^^^^^^^^^^^^^^^^^^^^^^^^^^^^^^^^^^^^^^^
    )
    ^
  File "D:\Desktop\web dev\django\personalFinanceEnv\Lib\site-packa
ges\django\db\backends\utils.py", line 92, in 
_execute_with_wrappers
    return executor(sql, params, many, context)
  File "D:\Desktop\web dev\django\personalFinanceEnv\Lib\site-packa
ges\django\db\backends\utils.py", line 100, in _execute
    with self.db.wrap_database_errors:
         ^^^^^^^^^^^^^^^^^^^^^^^^^^^^
  File "D:\Desktop\web dev\django\personalFinanceEnv\Lib\site-packa
ges\django\db\utils.py", line 94, in __exit__
    raise dj_exc_value.with_traceback(traceback) from exc_value
  File "D:\Desktop\web dev\django\personalFinanceEnv\Lib\site-packa
ges\django\db\backends\utils.py", line 105, in _execute
    return self.cursor.execute(sql, params)
           ~~~~~~~~~~~~~~~~~~~^^^^^^^^^^^^^
  File "D:\Desktop\web dev\django\personalFinanceEnv\Lib\site-packa
ges\django\db\backends\sqlite3\base.py", line 359, in execute
    return super().execute(query, params)
           ~~~~~~~~~~~~~~~^^^^^^^^^^^^^^^
django.db.utils.OperationalError: database table is locked: 
auth_user
AI pipeline failed for user 1
Traceback (most recent call last):
  File "D:\Desktop\web dev\django\personalFinanceEnv\Lib\site-packa
ges\django\db\backends\utils.py", line 105, in _execute
    return self.cursor.execute(sql, params)
           ~~~~~~~~~~~~~~~~~~~^^^^^^^^^^^^^
  File "D:\Desktop\web dev\django\personalFinanceEnv\Lib\site-packa
ges\django\db\backends\sqlite3\base.py", line 359, in execute
    return super().execute(query, params)
           ~~~~~~~~~~~~~~~^^^^^^^^^^^^^^^
sqlite3.OperationalError: database table is locked: auth_user

The above exception was the direct cause of the following 
exception:

Traceback (most recent call last):
  File "D:\Desktop\web dev\django\financeproject\core\signals.py", 
line 17, in _run_pipeline
    result = generate_insights_for_user(user_id)
  File "D:\Desktop\web 
dev\django\financeproject\ai_pipeline\insights.py", line 47, in 
generate_insights_for_user
    user = User.objects.get(pk=user_id)
  File "D:\Desktop\web dev\django\personalFinanceEnv\Lib\site-packa
ges\django\db\models\manager.py", line 87, in manager_method
    return getattr(self.get_queryset(), name)(*args, **kwargs)
           ~~~~~~~~~~~~~~~~~~~~~~~~~~~~~~~~~~^^^^^^^^^^^^^^^^^
  File "D:\Desktop\web dev\django\personalFinanceEnv\Lib\site-packa
ges\django\db\models\query.py", line 635, in get
    num = len(clone)
  File "D:\Desktop\web dev\django\personalFinanceEnv\Lib\site-packa
ges\django\db\models\query.py", line 372, in __len__
    self._fetch_all()
    ~~~~~~~~~~~~~~~^^
  File "D:\Desktop\web dev\django\personalFinanceEnv\Lib\site-packa
ges\django\db\models\query.py", line 2000, in _fetch_all
    self._result_cache = list(self._iterable_class(self))
                         ~~~~^^^^^^^^^^^^^^^^^^^^^^^^^^^^
  File "D:\Desktop\web dev\django\personalFinanceEnv\Lib\site-packa
ges\django\db\models\query.py", line 95, in __iter__
    results = compiler.execute_sql(
        chunked_fetch=self.chunked_fetch, 
chunk_size=self.chunk_size
    )
  File "D:\Desktop\web dev\django\personalFinanceEnv\Lib\site-packa
ges\django\db\models\sql\compiler.py", line 1624, in execute_sql
    cursor.execute(sql, params)
    ~~~~~~~~~~~~~~^^^^^^^^^^^^^
  File "D:\Desktop\web dev\django\personalFinanceEnv\Lib\site-packa
ges\django\db\backends\utils.py", line 79, in execute
    return self._execute_with_wrappers(
           ~~~~~~~~~~~~~~~~~~~~~~~~~~~^
        sql, params, many=False, executor=self._execute
        ^^^^^^^^^^^^^^^^^^^^^^^^^^^^^^^^^^^^^^^^^^^^^^^
    )
    ^
  File "D:\Desktop\web dev\django\personalFinanceEnv\Lib\site-packa
ges\django\db\backends\utils.py", line 92, in 
_execute_with_wrappers
    return executor(sql, params, many, context)
  File "D:\Desktop\web dev\django\personalFinanceEnv\Lib\site-packa
ges\django\db\backends\utils.py", line 100, in _execute
    with self.db.wrap_database_errors:
         ^^^^^^^^^^^^^^^^^^^^^^^^^^^^
  File "D:\Desktop\web dev\django\personalFinanceEnv\Lib\site-packa
ges\django\db\utils.py", line 94, in __exit__
    raise dj_exc_value.with_traceback(traceback) from exc_value
  File "D:\Desktop\web dev\django\personalFinanceEnv\Lib\site-packa
ges\django\db\backends\utils.py", line 105, in _execute
    return self.cursor.execute(sql, params)
           ~~~~~~~~~~~~~~~~~~~^^^^^^^^^^^^^
  File "D:\Desktop\web dev\django\personalFinanceEnv\Lib\site-packa
ges\django\db\backends\sqlite3\base.py", line 359, in execute
    return super().execute(query, params)
           ~~~~~~~~~~~~~~~^^^^^^^^^^^^^^^
django.db.utils.OperationalError: database table is locked: 
auth_user
AI pipeline failed for user 1
Traceback (most recent call last):
  File "D:\Desktop\web dev\django\personalFinanceEnv\Lib\site-packa
ges\django\db\backends\utils.py", line 105, in _execute
    return self.cursor.execute(sql, params)
           ~~~~~~~~~~~~~~~~~~~^^^^^^^^^^^^^
  File "D:\Desktop\web dev\django\personalFinanceEnv\Lib\site-packa
ges\django\db\backends\sqlite3\base.py", line 359, in execute
    return super().execute(query, params)
           ~~~~~~~~~~~~~~~^^^^^^^^^^^^^^^
sqlite3.OperationalError: database table is locked: auth_user

The above exception was the direct cause of the following 
exception:

Traceback (most recent call last):
  File "D:\Desktop\web dev\django\financeproject\core\signals.py", 
line 17, in _run_pipeline
    result = generate_insights_for_user(user_id)
  File "D:\Desktop\web 
dev\django\financeproject\ai_pipeline\insights.py", line 47, in 
generate_insights_for_user
    user = User.objects.get(pk=user_id)
  File "D:\Desktop\web dev\django\personalFinanceEnv\Lib\site-packa
ges\django\db\models\manager.py", line 87, in manager_method
    return getattr(self.get_queryset(), name)(*args, **kwargs)
           ~~~~~~~~~~~~~~~~~~~~~~~~~~~~~~~~~~^^^^^^^^^^^^^^^^^
  File "D:\Desktop\web dev\django\personalFinanceEnv\Lib\site-packa
ges\django\db\models\query.py", line 635, in get
    num = len(clone)
  File "D:\Desktop\web dev\django\personalFinanceEnv\Lib\site-packa
ges\django\db\models\query.py", line 372, in __len__
    self._fetch_all()
    ~~~~~~~~~~~~~~~^^
  File "D:\Desktop\web dev\django\personalFinanceEnv\Lib\site-packa
ges\django\db\models\query.py", line 2000, in _fetch_all
    self._result_cache = list(self._iterable_class(self))
                         ~~~~^^^^^^^^^^^^^^^^^^^^^^^^^^^^
  File "D:\Desktop\web dev\django\personalFinanceEnv\Lib\site-packa
ges\django\db\models\query.py", line 95, in __iter__
    results = compiler.execute_sql(
        chunked_fetch=self.chunked_fetch, 
chunk_size=self.chunk_size
    )
  File "D:\Desktop\web dev\django\personalFinanceEnv\Lib\site-packa
ges\django\db\models\sql\compiler.py", line 1624, in execute_sql
    cursor.execute(sql, params)
    ~~~~~~~~~~~~~~^^^^^^^^^^^^^
  File "D:\Desktop\web dev\django\personalFinanceEnv\Lib\site-packa
ges\django\db\backends\utils.py", line 79, in execute
    return self._execute_with_wrappers(
           ~~~~~~~~~~~~~~~~~~~~~~~~~~~^
        sql, params, many=False, executor=self._execute
        ^^^^^^^^^^^^^^^^^^^^^^^^^^^^^^^^^^^^^^^^^^^^^^^
    )
    ^
  File "D:\Desktop\web dev\django\personalFinanceEnv\Lib\site-packa
ges\django\db\backends\utils.py", line 92, in 
_execute_with_wrappers
    return executor(sql, params, many, context)
  File "D:\Desktop\web dev\django\personalFinanceEnv\Lib\site-packa
ges\django\db\backends\utils.py", line 100, in _execute
    with self.db.wrap_database_errors:
         ^^^^^^^^^^^^^^^^^^^^^^^^^^^^
  File "D:\Desktop\web dev\django\personalFinanceEnv\Lib\site-packa
ges\django\db\utils.py", line 94, in __exit__
    raise dj_exc_value.with_traceback(traceback) from exc_value
  File "D:\Desktop\web dev\django\personalFinanceEnv\Lib\site-packa
ges\django\db\backends\utils.py", line 105, in _execute
    return self.cursor.execute(sql, params)
           ~~~~~~~~~~~~~~~~~~~^^^^^^^^^^^^^
  File "D:\Desktop\web dev\django\personalFinanceEnv\Lib\site-packa
ges\django\db\backends\sqlite3\base.py", line 359, in execute
    return super().execute(query, params)
           ~~~~~~~~~~~~~~~^^^^^^^^^^^^^^^
django.db.utils.OperationalError: database table is locked: 
auth_user
ok
test_empty_transactions (ai_pipeline.tests.test_metrics.MetricsBasi
cTest.test_empty_transactions) ... ok
test_json_serialisable (ai_pipeline.tests.test_metrics.MetricsBasic
Test.test_json_serialisable) ... ok
test_total_income_and_expense (ai_pipeline.tests.test_metrics.Metri
csBasicTest.test_total_income_and_expense) ... AI pipeline failed 
for user 1
Traceback (most recent call last):
  File "D:\Desktop\web dev\django\personalFinanceEnv\Lib\site-packa
ges\django\db\backends\utils.py", line 105, in _execute
    return self.cursor.execute(sql, params)
           ~~~~~~~~~~~~~~~~~~~^^^^^^^^^^^^^
  File "D:\Desktop\web dev\django\personalFinanceEnv\Lib\site-packa
ges\django\db\backends\sqlite3\base.py", line 359, in execute
    return super().execute(query, params)
           ~~~~~~~~~~~~~~~^^^^^^^^^^^^^^^
sqlite3.OperationalError: database table is locked: auth_user

The above exception was the direct cause of the following 
exception:

Traceback (most recent call last):
  File "D:\Desktop\web dev\django\financeproject\core\signals.py", 
line 17, in _run_pipeline
    result = generate_insights_for_user(user_id)
  File "D:\Desktop\web 
dev\django\financeproject\ai_pipeline\insights.py", line 47, in 
generate_insights_for_user
    user = User.objects.get(pk=user_id)
  File "D:\Desktop\web dev\django\personalFinanceEnv\Lib\site-packa
ges\django\db\models\manager.py", line 87, in manager_method
    return getattr(self.get_queryset(), name)(*args, **kwargs)
           ~~~~~~~~~~~~~~~~~~~~~~~~~~~~~~~~~~^^^^^^^^^^^^^^^^^
  File "D:\Desktop\web dev\django\personalFinanceEnv\Lib\site-packa
ges\django\db\models\query.py", line 635, in get
    num = len(clone)
  File "D:\Desktop\web dev\django\personalFinanceEnv\Lib\site-packa
ges\django\db\models\query.py", line 372, in __len__
    self._fetch_all()
    ~~~~~~~~~~~~~~~^^
  File "D:\Desktop\web dev\django\personalFinanceEnv\Lib\site-packa
ges\django\db\models\query.py", line 2000, in _fetch_all
    self._result_cache = list(self._iterable_class(self))
                         ~~~~^^^^^^^^^^^^^^^^^^^^^^^^^^^^
  File "D:\Desktop\web dev\django\personalFinanceEnv\Lib\site-packa
ges\django\db\models\query.py", line 95, in __iter__
    results = compiler.execute_sql(
        chunked_fetch=self.chunked_fetch, 
chunk_size=self.chunk_size
    )
  File "D:\Desktop\web dev\django\personalFinanceEnv\Lib\site-packa
ges\django\db\models\sql\compiler.py", line 1624, in execute_sql
    cursor.execute(sql, params)
    ~~~~~~~~~~~~~~^^^^^^^^^^^^^
  File "D:\Desktop\web dev\django\personalFinanceEnv\Lib\site-packa
ges\django\db\backends\utils.py", line 79, in execute
    return self._execute_with_wrappers(
           ~~~~~~~~~~~~~~~~~~~~~~~~~~~^
        sql, params, many=False, executor=self._execute
        ^^^^^^^^^^^^^^^^^^^^^^^^^^^^^^^^^^^^^^^^^^^^^^^
    )
    ^
  File "D:\Desktop\web dev\django\personalFinanceEnv\Lib\site-packa
ges\django\db\backends\utils.py", line 92, in 
_execute_with_wrappers
    return executor(sql, params, many, context)
  File "D:\Desktop\web dev\django\personalFinanceEnv\Lib\site-packa
ges\django\db\backends\utils.py", line 100, in _execute
    with self.db.wrap_database_errors:
         ^^^^^^^^^^^^^^^^^^^^^^^^^^^^
  File "D:\Desktop\web dev\django\personalFinanceEnv\Lib\site-packa
ges\django\db\utils.py", line 94, in __exit__
    raise dj_exc_value.with_traceback(traceback) from exc_value
  File "D:\Desktop\web dev\django\personalFinanceEnv\Lib\site-packa
ges\django\db\backends\utils.py", line 105, in _execute
    return self.cursor.execute(sql, params)
           ~~~~~~~~~~~~~~~~~~~^^^^^^^^^^^^^
  File "D:\Desktop\web dev\django\personalFinanceEnv\Lib\site-packa
ges\django\db\backends\sqlite3\base.py", line 359, in execute
    return super().execute(query, params)
           ~~~~~~~~~~~~~~~^^^^^^^^^^^^^^^
django.db.utils.OperationalError: database table is locked: 
auth_user
ok
test_trend_has_correct_keys (ai_pipeline.tests.test_metrics.Metrics
BasicTest.test_trend_has_correct_keys) ... AI pipeline failed for 
user 1
Traceback (most recent call last):
  File "D:\Desktop\web dev\django\personalFinanceEnv\Lib\site-packa
ges\django\db\backends\utils.py", line 105, in _execute
    return self.cursor.execute(sql, params)
           ~~~~~~~~~~~~~~~~~~~^^^^^^^^^^^^^
  File "D:\Desktop\web dev\django\personalFinanceEnv\Lib\site-packa
ges\django\db\backends\sqlite3\base.py", line 359, in execute
    return super().execute(query, params)
           ~~~~~~~~~~~~~~~^^^^^^^^^^^^^^^
sqlite3.OperationalError: database table is locked: auth_user

The above exception was the direct cause of the following 
exception:

Traceback (most recent call last):
  File "D:\Desktop\web dev\django\financeproject\core\signals.py", 
line 17, in _run_pipeline
    result = generate_insights_for_user(user_id)
  File "D:\Desktop\web 
dev\django\financeproject\ai_pipeline\insights.py", line 47, in 
generate_insights_for_user
    user = User.objects.get(pk=user_id)
  File "D:\Desktop\web dev\django\personalFinanceEnv\Lib\site-packa
ges\django\db\models\manager.py", line 87, in manager_method
    return getattr(self.get_queryset(), name)(*args, **kwargs)
           ~~~~~~~~~~~~~~~~~~~~~~~~~~~~~~~~~~^^^^^^^^^^^^^^^^^
  File "D:\Desktop\web dev\django\personalFinanceEnv\Lib\site-packa
ges\django\db\models\query.py", line 635, in get
    num = len(clone)
  File "D:\Desktop\web dev\django\personalFinanceEnv\Lib\site-packa
ges\django\db\models\query.py", line 372, in __len__
    self._fetch_all()
    ~~~~~~~~~~~~~~~^^
  File "D:\Desktop\web dev\django\personalFinanceEnv\Lib\site-packa
ges\django\db\models\query.py", line 2000, in _fetch_all
    self._result_cache = list(self._iterable_class(self))
                         ~~~~^^^^^^^^^^^^^^^^^^^^^^^^^^^^
  File "D:\Desktop\web dev\django\personalFinanceEnv\Lib\site-packa
ges\django\db\models\query.py", line 95, in __iter__
    results = compiler.execute_sql(
        chunked_fetch=self.chunked_fetch, 
chunk_size=self.chunk_size
    )
  File "D:\Desktop\web dev\django\personalFinanceEnv\Lib\site-packa
ges\django\db\models\sql\compiler.py", line 1624, in execute_sql
    cursor.execute(sql, params)
    ~~~~~~~~~~~~~~^^^^^^^^^^^^^
  File "D:\Desktop\web dev\django\personalFinanceEnv\Lib\site-packa
ges\django\db\backends\utils.py", line 79, in execute
    return self._execute_with_wrappers(
           ~~~~~~~~~~~~~~~~~~~~~~~~~~~^
        sql, params, many=False, executor=self._execute
        ^^^^^^^^^^^^^^^^^^^^^^^^^^^^^^^^^^^^^^^^^^^^^^^
    )
    ^
  File "D:\Desktop\web dev\django\personalFinanceEnv\Lib\site-packa
ges\django\db\backends\utils.py", line 92, in 
_execute_with_wrappers
    return executor(sql, params, many, context)
  File "D:\Desktop\web dev\django\personalFinanceEnv\Lib\site-packa
ges\django\db\backends\utils.py", line 100, in _execute
    with self.db.wrap_database_errors:
         ^^^^^^^^^^^^^^^^^^^^^^^^^^^^
  File "D:\Desktop\web dev\django\personalFinanceEnv\Lib\site-packa
ges\django\db\utils.py", line 94, in __exit__
    raise dj_exc_value.with_traceback(traceback) from exc_value
  File "D:\Desktop\web dev\django\personalFinanceEnv\Lib\site-packa
ges\django\db\backends\utils.py", line 105, in _execute
    return self.cursor.execute(sql, params)
           ~~~~~~~~~~~~~~~~~~~^^^^^^^^^^^^^
  File "D:\Desktop\web dev\django\personalFinanceEnv\Lib\site-packa
ges\django\db\backends\sqlite3\base.py", line 359, in execute
    return super().execute(query, params)
           ~~~~~~~~~~~~~~~^^^^^^^^^^^^^^^
django.db.utils.OperationalError: database table is locked: 
auth_user
AI pipeline failed for user 1
Traceback (most recent call last):
  File "D:\Desktop\web dev\django\personalFinanceEnv\Lib\site-packa
ges\django\db\backends\utils.py", line 105, in _execute
    return self.cursor.execute(sql, params)
           ~~~~~~~~~~~~~~~~~~~^^^^^^^^^^^^^
  File "D:\Desktop\web dev\django\personalFinanceEnv\Lib\site-packa
ges\django\db\backends\sqlite3\base.py", line 359, in execute
    return super().execute(query, params)
           ~~~~~~~~~~~~~~~^^^^^^^^^^^^^^^
sqlite3.OperationalError: database table is locked: auth_user

The above exception was the direct cause of the following 
exception:

Traceback (most recent call last):
  File "D:\Desktop\web dev\django\financeproject\core\signals.py", 
line 17, in _run_pipeline
    result = generate_insights_for_user(user_id)
  File "D:\Desktop\web 
dev\django\financeproject\ai_pipeline\insights.py", line 47, in 
generate_insights_for_user
    user = User.objects.get(pk=user_id)
  File "D:\Desktop\web dev\django\personalFinanceEnv\Lib\site-packa
ges\django\db\models\manager.py", line 87, in manager_method
    return getattr(self.get_queryset(), name)(*args, **kwargs)
           ~~~~~~~~~~~~~~~~~~~~~~~~~~~~~~~~~~^^^^^^^^^^^^^^^^^
  File "D:\Desktop\web dev\django\personalFinanceEnv\Lib\site-packa
ges\django\db\models\query.py", line 635, in get
    num = len(clone)
  File "D:\Desktop\web dev\django\personalFinanceEnv\Lib\site-packa
ges\django\db\models\query.py", line 372, in __len__
    self._fetch_all()
    ~~~~~~~~~~~~~~~^^
  File "D:\Desktop\web dev\django\personalFinanceEnv\Lib\site-packa
ges\django\db\models\query.py", line 2000, in _fetch_all
    self._result_cache = list(self._iterable_class(self))
                         ~~~~^^^^^^^^^^^^^^^^^^^^^^^^^^^^
  File "D:\Desktop\web dev\django\personalFinanceEnv\Lib\site-packa
ges\django\db\models\query.py", line 95, in __iter__
    results = compiler.execute_sql(
        chunked_fetch=self.chunked_fetch, 
chunk_size=self.chunk_size
    )
  File "D:\Desktop\web dev\django\personalFinanceEnv\Lib\site-packa
ges\django\db\models\sql\compiler.py", line 1624, in execute_sql
    cursor.execute(sql, params)
    ~~~~~~~~~~~~~~^^^^^^^^^^^^^
  File "D:\Desktop\web dev\django\personalFinanceEnv\Lib\site-packa
ges\django\db\backends\utils.py", line 79, in execute
    return self._execute_with_wrappers(
           ~~~~~~~~~~~~~~~~~~~~~~~~~~~^
        sql, params, many=False, executor=self._execute
        ^^^^^^^^^^^^^^^^^^^^^^^^^^^^^^^^^^^^^^^^^^^^^^^
    )
    ^
  File "D:\Desktop\web dev\django\personalFinanceEnv\Lib\site-packa
ges\django\db\backends\utils.py", line 92, in 
_execute_with_wrappers
    return executor(sql, params, many, context)
  File "D:\Desktop\web dev\django\personalFinanceEnv\Lib\site-packa
ges\django\db\backends\utils.py", line 100, in _execute
    with self.db.wrap_database_errors:
         ^^^^^^^^^^^^^^^^^^^^^^^^^^^^
  File "D:\Desktop\web dev\django\personalFinanceEnv\Lib\site-packa
ges\django\db\utils.py", line 94, in __exit__
    raise dj_exc_value.with_traceback(traceback) from exc_value
  File "D:\Desktop\web dev\django\personalFinanceEnv\Lib\site-packa
ges\django\db\backends\utils.py", line 105, in _execute
    return self.cursor.execute(sql, params)
           ~~~~~~~~~~~~~~~~~~~^^^^^^^^^^^^^
  File "D:\Desktop\web dev\django\personalFinanceEnv\Lib\site-packa
ges\django\db\backends\sqlite3\base.py", line 359, in execute
    return super().execute(query, params)
           ~~~~~~~~~~~~~~~^^^^^^^^^^^^^^^
django.db.utils.OperationalError: database table is locked: 
auth_user
AI pipeline failed for user 1
Traceback (most recent call last):
  File "D:\Desktop\web dev\django\personalFinanceEnv\Lib\site-packa
ges\django\db\backends\utils.py", line 105, in _execute
    return self.cursor.execute(sql, params)
           ~~~~~~~~~~~~~~~~~~~^^^^^^^^^^^^^
  File "D:\Desktop\web dev\django\personalFinanceEnv\Lib\site-packa
ges\django\db\backends\sqlite3\base.py", line 359, in execute
    return super().execute(query, params)
           ~~~~~~~~~~~~~~~^^^^^^^^^^^^^^^
sqlite3.OperationalError: database table is locked: auth_user

The above exception was the direct cause of the following 
exception:

Traceback (most recent call last):
  File "D:\Desktop\web dev\django\financeproject\core\signals.py", 
line 17, in _run_pipeline
    result = generate_insights_for_user(user_id)
  File "D:\Desktop\web 
dev\django\financeproject\ai_pipeline\insights.py", line 47, in 
generate_insights_for_user
    user = User.objects.get(pk=user_id)
  File "D:\Desktop\web dev\django\personalFinanceEnv\Lib\site-packa
ges\django\db\models\manager.py", line 87, in manager_method
    return getattr(self.get_queryset(), name)(*args, **kwargs)
           ~~~~~~~~~~~~~~~~~~~~~~~~~~~~~~~~~~^^^^^^^^^^^^^^^^^
  File "D:\Desktop\web dev\django\personalFinanceEnv\Lib\site-packa
ges\django\db\models\query.py", line 635, in get
    num = len(clone)
  File "D:\Desktop\web dev\django\personalFinanceEnv\Lib\site-packa
ges\django\db\models\query.py", line 372, in __len__
    self._fetch_all()
    ~~~~~~~~~~~~~~~^^
  File "D:\Desktop\web dev\django\personalFinanceEnv\Lib\site-packa
ges\django\db\models\query.py", line 2000, in _fetch_all
    self._result_cache = list(self._iterable_class(self))
                         ~~~~^^^^^^^^^^^^^^^^^^^^^^^^^^^^
  File "D:\Desktop\web dev\django\personalFinanceEnv\Lib\site-packa
ges\django\db\models\query.py", line 95, in __iter__
    results = compiler.execute_sql(
        chunked_fetch=self.chunked_fetch, 
chunk_size=self.chunk_size
    )
  File "D:\Desktop\web dev\django\personalFinanceEnv\Lib\site-packa
ges\django\db\models\sql\compiler.py", line 1624, in execute_sql
    cursor.execute(sql, params)
    ~~~~~~~~~~~~~~^^^^^^^^^^^^^
  File "D:\Desktop\web dev\django\personalFinanceEnv\Lib\site-packa
ges\django\db\backends\utils.py", line 79, in execute
    return self._execute_with_wrappers(
           ~~~~~~~~~~~~~~~~~~~~~~~~~~~^
        sql, params, many=False, executor=self._execute
        ^^^^^^^^^^^^^^^^^^^^^^^^^^^^^^^^^^^^^^^^^^^^^^^
    )
    ^
  File "D:\Desktop\web dev\django\personalFinanceEnv\Lib\site-packa
ges\django\db\backends\utils.py", line 92, in 
_execute_with_wrappers
    return executor(sql, params, many, context)
  File "D:\Desktop\web dev\django\personalFinanceEnv\Lib\site-packa
ges\django\db\backends\utils.py", line 100, in _execute
    with self.db.wrap_database_errors:
         ^^^^^^^^^^^^^^^^^^^^^^^^^^^^
  File "D:\Desktop\web dev\django\personalFinanceEnv\Lib\site-packa
ges\django\db\utils.py", line 94, in __exit__
    raise dj_exc_value.with_traceback(traceback) from exc_value
  File "D:\Desktop\web dev\django\personalFinanceEnv\Lib\site-packa
ges\django\db\backends\utils.py", line 105, in _execute
    return self.cursor.execute(sql, params)
           ~~~~~~~~~~~~~~~~~~~^^^^^^^^^^^^^
  File "D:\Desktop\web dev\django\personalFinanceEnv\Lib\site-packa
ges\django\db\backends\sqlite3\base.py", line 359, in execute
    return super().execute(query, params)
           ~~~~~~~~~~~~~~~^^^^^^^^^^^^^^^
django.db.utils.OperationalError: database table is locked: 
auth_user
AI pipeline failed for user 1
Traceback (most recent call last):
  File "D:\Desktop\web dev\django\personalFinanceEnv\Lib\site-packa
ges\django\db\backends\utils.py", line 105, in _execute
    return self.cursor.execute(sql, params)
           ~~~~~~~~~~~~~~~~~~~^^^^^^^^^^^^^
  File "D:\Desktop\web dev\django\personalFinanceEnv\Lib\site-packa
ges\django\db\backends\sqlite3\base.py", line 359, in execute
    return super().execute(query, params)
           ~~~~~~~~~~~~~~~^^^^^^^^^^^^^^^
sqlite3.OperationalError: database table is locked: auth_user

The above exception was the direct cause of the following 
exception:

Traceback (most recent call last):
  File "D:\Desktop\web dev\django\financeproject\core\signals.py", 
line 17, in _run_pipeline
    result = generate_insights_for_user(user_id)
  File "D:\Desktop\web 
dev\django\financeproject\ai_pipeline\insights.py", line 47, in 
generate_insights_for_user
    user = User.objects.get(pk=user_id)
  File "D:\Desktop\web dev\django\personalFinanceEnv\Lib\site-packa
ges\django\db\models\manager.py", line 87, in manager_method
    return getattr(self.get_queryset(), name)(*args, **kwargs)
           ~~~~~~~~~~~~~~~~~~~~~~~~~~~~~~~~~~^^^^^^^^^^^^^^^^^
  File "D:\Desktop\web dev\django\personalFinanceEnv\Lib\site-packa
ges\django\db\models\query.py", line 635, in get
    num = len(clone)
  File "D:\Desktop\web dev\django\personalFinanceEnv\Lib\site-packa
ges\django\db\models\query.py", line 372, in __len__
    self._fetch_all()
    ~~~~~~~~~~~~~~~^^
  File "D:\Desktop\web dev\django\personalFinanceEnv\Lib\site-packa
ges\django\db\models\query.py", line 2000, in _fetch_all
    self._result_cache = list(self._iterable_class(self))
                         ~~~~^^^^^^^^^^^^^^^^^^^^^^^^^^^^
  File "D:\Desktop\web dev\django\personalFinanceEnv\Lib\site-packa
ges\django\db\models\query.py", line 95, in __iter__
    results = compiler.execute_sql(
        chunked_fetch=self.chunked_fetch, 
chunk_size=self.chunk_size
    )
  File "D:\Desktop\web dev\django\personalFinanceEnv\Lib\site-packa
ges\django\db\models\sql\compiler.py", line 1624, in execute_sql
    cursor.execute(sql, params)
    ~~~~~~~~~~~~~~^^^^^^^^^^^^^
  File "D:\Desktop\web dev\django\personalFinanceEnv\Lib\site-packa
ges\django\db\backends\utils.py", line 79, in execute
    return self._execute_with_wrappers(
           ~~~~~~~~~~~~~~~~~~~~~~~~~~~^
        sql, params, many=False, executor=self._execute
        ^^^^^^^^^^^^^^^^^^^^^^^^^^^^^^^^^^^^^^^^^^^^^^^
    )
    ^
  File "D:\Desktop\web dev\django\personalFinanceEnv\Lib\site-packa
ges\django\db\backends\utils.py", line 92, in 
_execute_with_wrappers
    return executor(sql, params, many, context)
  File "D:\Desktop\web dev\django\personalFinanceEnv\Lib\site-packa
ges\django\db\backends\utils.py", line 100, in _execute
    with self.db.wrap_database_errors:
         ^^^^^^^^^^^^^^^^^^^^^^^^^^^^
  File "D:\Desktop\web dev\django\personalFinanceEnv\Lib\site-packa
ges\django\db\utils.py", line 94, in __exit__
    raise dj_exc_value.with_traceback(traceback) from exc_value
  File "D:\Desktop\web dev\django\personalFinanceEnv\Lib\site-packa
ges\django\db\backends\utils.py", line 105, in _execute
    return self.cursor.execute(sql, params)
           ~~~~~~~~~~~~~~~~~~~^^^^^^^^^^^^^
  File "D:\Desktop\web dev\django\personalFinanceEnv\Lib\site-packa
ges\django\db\backends\sqlite3\base.py", line 359, in execute
    return super().execute(query, params)
           ~~~~~~~~~~~~~~~^^^^^^^^^^^^^^^
django.db.utils.OperationalError: database table is locked: 
auth_user
ok
test_ai_disabled_short_circuits (ai_pipeline.tests.test_orchestrato
r.OrchestratorTest.test_ai_disabled_short_circuits) ... AI 
pipeline failed for user 1
Traceback (most recent call last):
  File "D:\Desktop\web dev\django\personalFinanceEnv\Lib\site-packa
ges\django\db\backends\utils.py", line 105, in _execute
    return self.cursor.execute(sql, params)
           ~~~~~~~~~~~~~~~~~~~^^^^^^^^^^^^^
  File "D:\Desktop\web dev\django\personalFinanceEnv\Lib\site-packa
ges\django\db\backends\sqlite3\base.py", line 359, in execute
    return super().execute(query, params)
           ~~~~~~~~~~~~~~~^^^^^^^^^^^^^^^
sqlite3.OperationalError: database table is locked: auth_user

The above exception was the direct cause of the following 
exception:

Traceback (most recent call last):
  File "D:\Desktop\web dev\django\financeproject\core\signals.py", 
line 17, in _run_pipeline
    result = generate_insights_for_user(user_id)
  File "D:\Desktop\web 
dev\django\financeproject\ai_pipeline\insights.py", line 47, in 
generate_insights_for_user
    user = User.objects.get(pk=user_id)
  File "D:\Desktop\web dev\django\personalFinanceEnv\Lib\site-packa
ges\django\db\models\manager.py", line 87, in manager_method
    return getattr(self.get_queryset(), name)(*args, **kwargs)
           ~~~~~~~~~~~~~~~~~~~~~~~~~~~~~~~~~~^^^^^^^^^^^^^^^^^
  File "D:\Desktop\web dev\django\personalFinanceEnv\Lib\site-packa
ges\django\db\models\query.py", line 635, in get
    num = len(clone)
  File "D:\Desktop\web dev\django\personalFinanceEnv\Lib\site-packa
ges\django\db\models\query.py", line 372, in __len__
    self._fetch_all()
    ~~~~~~~~~~~~~~~^^
  File "D:\Desktop\web dev\django\personalFinanceEnv\Lib\site-packa
ges\django\db\models\query.py", line 2000, in _fetch_all
    self._result_cache = list(self._iterable_class(self))
                         ~~~~^^^^^^^^^^^^^^^^^^^^^^^^^^^^
  File "D:\Desktop\web dev\django\personalFinanceEnv\Lib\site-packa
ges\django\db\models\query.py", line 95, in __iter__
    results = compiler.execute_sql(
        chunked_fetch=self.chunked_fetch, 
chunk_size=self.chunk_size
    )
  File "D:\Desktop\web dev\django\personalFinanceEnv\Lib\site-packa
ges\django\db\models\sql\compiler.py", line 1624, in execute_sql
    cursor.execute(sql, params)
    ~~~~~~~~~~~~~~^^^^^^^^^^^^^
  File "D:\Desktop\web dev\django\personalFinanceEnv\Lib\site-packa
ges\django\db\backends\utils.py", line 79, in execute
    return self._execute_with_wrappers(
           ~~~~~~~~~~~~~~~~~~~~~~~~~~~^
        sql, params, many=False, executor=self._execute
        ^^^^^^^^^^^^^^^^^^^^^^^^^^^^^^^^^^^^^^^^^^^^^^^
    )
    ^
  File "D:\Desktop\web dev\django\personalFinanceEnv\Lib\site-packa
ges\django\db\backends\utils.py", line 92, in 
_execute_with_wrappers
    return executor(sql, params, many, context)
  File "D:\Desktop\web dev\django\personalFinanceEnv\Lib\site-packa
ges\django\db\backends\utils.py", line 100, in _execute
    with self.db.wrap_database_errors:
         ^^^^^^^^^^^^^^^^^^^^^^^^^^^^
  File "D:\Desktop\web dev\django\personalFinanceEnv\Lib\site-packa
ges\django\db\utils.py", line 94, in __exit__
    raise dj_exc_value.with_traceback(traceback) from exc_value
  File "D:\Desktop\web dev\django\personalFinanceEnv\Lib\site-packa
ges\django\db\backends\utils.py", line 105, in _execute
    return self.cursor.execute(sql, params)
           ~~~~~~~~~~~~~~~~~~~^^^^^^^^^^^^^
  File "D:\Desktop\web dev\django\personalFinanceEnv\Lib\site-packa
ges\django\db\backends\sqlite3\base.py", line 359, in execute
    return super().execute(query, params)
           ~~~~~~~~~~~~~~~^^^^^^^^^^^^^^^
django.db.utils.OperationalError: database table is locked: 
auth_user
AI pipeline failed for user 1
Traceback (most recent call last):
  File "D:\Desktop\web dev\django\personalFinanceEnv\Lib\site-packa
ges\django\db\backends\utils.py", line 105, in _execute
    return self.cursor.execute(sql, params)
           ~~~~~~~~~~~~~~~~~~~^^^^^^^^^^^^^
  File "D:\Desktop\web dev\django\personalFinanceEnv\Lib\site-packa
ges\django\db\backends\sqlite3\base.py", line 359, in execute
    return super().execute(query, params)
           ~~~~~~~~~~~~~~~^^^^^^^^^^^^^^^
sqlite3.OperationalError: database table is locked: auth_user

The above exception was the direct cause of the following 
exception:

Traceback (most recent call last):
  File "D:\Desktop\web dev\django\financeproject\core\signals.py", 
line 17, in _run_pipeline
    result = generate_insights_for_user(user_id)
  File "D:\Desktop\web 
dev\django\financeproject\ai_pipeline\insights.py", line 47, in 
generate_insights_for_user
    user = User.objects.get(pk=user_id)
  File "D:\Desktop\web dev\django\personalFinanceEnv\Lib\site-packa
ges\django\db\models\manager.py", line 87, in manager_method
    return getattr(self.get_queryset(), name)(*args, **kwargs)
           ~~~~~~~~~~~~~~~~~~~~~~~~~~~~~~~~~~^^^^^^^^^^^^^^^^^
  File "D:\Desktop\web dev\django\personalFinanceEnv\Lib\site-packa
ges\django\db\models\query.py", line 635, in get
    num = len(clone)
  File "D:\Desktop\web dev\django\personalFinanceEnv\Lib\site-packa
ges\django\db\models\query.py", line 372, in __len__
    self._fetch_all()
    ~~~~~~~~~~~~~~~^^
  File "D:\Desktop\web dev\django\personalFinanceEnv\Lib\site-packa
ges\django\db\models\query.py", line 2000, in _fetch_all
    self._result_cache = list(self._iterable_class(self))
                         ~~~~^^^^^^^^^^^^^^^^^^^^^^^^^^^^
  File "D:\Desktop\web dev\django\personalFinanceEnv\Lib\site-packa
ges\django\db\models\query.py", line 95, in __iter__
    results = compiler.execute_sql(
        chunked_fetch=self.chunked_fetch, 
chunk_size=self.chunk_size
    )
  File "D:\Desktop\web dev\django\personalFinanceEnv\Lib\site-packa
ges\django\db\models\sql\compiler.py", line 1624, in execute_sql
    cursor.execute(sql, params)
    ~~~~~~~~~~~~~~^^^^^^^^^^^^^
  File "D:\Desktop\web dev\django\personalFinanceEnv\Lib\site-packa
ges\django\db\backends\utils.py", line 79, in execute
    return self._execute_with_wrappers(
           ~~~~~~~~~~~~~~~~~~~~~~~~~~~^
        sql, params, many=False, executor=self._execute
        ^^^^^^^^^^^^^^^^^^^^^^^^^^^^^^^^^^^^^^^^^^^^^^^
    )
    ^
  File "D:\Desktop\web dev\django\personalFinanceEnv\Lib\site-packa
ges\django\db\backends\utils.py", line 92, in 
_execute_with_wrappers
    return executor(sql, params, many, context)
  File "D:\Desktop\web dev\django\personalFinanceEnv\Lib\site-packa
ges\django\db\backends\utils.py", line 100, in _execute
    with self.db.wrap_database_errors:
         ^^^^^^^^^^^^^^^^^^^^^^^^^^^^
  File "D:\Desktop\web dev\django\personalFinanceEnv\Lib\site-packa
ges\django\db\utils.py", line 94, in __exit__
    raise dj_exc_value.with_traceback(traceback) from exc_value
  File "D:\Desktop\web dev\django\personalFinanceEnv\Lib\site-packa
ges\django\db\backends\utils.py", line 105, in _execute
    return self.cursor.execute(sql, params)
           ~~~~~~~~~~~~~~~~~~~^^^^^^^^^^^^^
  File "D:\Desktop\web dev\django\personalFinanceEnv\Lib\site-packa
ges\django\db\backends\sqlite3\base.py", line 359, in execute
    return super().execute(query, params)
           ~~~~~~~~~~~~~~~^^^^^^^^^^^^^^^
django.db.utils.OperationalError: database table is locked: 
auth_user
AI pipeline failed for user 1
Traceback (most recent call last):
  File "D:\Desktop\web dev\django\personalFinanceEnv\Lib\site-packa
ges\django\db\backends\utils.py", line 105, in _execute
    return self.cursor.execute(sql, params)
           ~~~~~~~~~~~~~~~~~~~^^^^^^^^^^^^^
  File "D:\Desktop\web dev\django\personalFinanceEnv\Lib\site-packa
ges\django\db\backends\sqlite3\base.py", line 359, in execute
    return super().execute(query, params)
           ~~~~~~~~~~~~~~~^^^^^^^^^^^^^^^
sqlite3.OperationalError: database table is locked: auth_user

The above exception was the direct cause of the following 
exception:

Traceback (most recent call last):
  File "D:\Desktop\web dev\django\financeproject\core\signals.py", 
line 17, in _run_pipeline
    result = generate_insights_for_user(user_id)
  File "D:\Desktop\web 
dev\django\financeproject\ai_pipeline\insights.py", line 47, in 
generate_insights_for_user
    user = User.objects.get(pk=user_id)
  File "D:\Desktop\web dev\django\personalFinanceEnv\Lib\site-packa
ges\django\db\models\manager.py", line 87, in manager_method
    return getattr(self.get_queryset(), name)(*args, **kwargs)
           ~~~~~~~~~~~~~~~~~~~~~~~~~~~~~~~~~~^^^^^^^^^^^^^^^^^
  File "D:\Desktop\web dev\django\personalFinanceEnv\Lib\site-packa
ges\django\db\models\query.py", line 635, in get
    num = len(clone)
  File "D:\Desktop\web dev\django\personalFinanceEnv\Lib\site-packa
ges\django\db\models\query.py", line 372, in __len__
    self._fetch_all()
    ~~~~~~~~~~~~~~~^^
  File "D:\Desktop\web dev\django\personalFinanceEnv\Lib\site-packa
ges\django\db\models\query.py", line 2000, in _fetch_all
    self._result_cache = list(self._iterable_class(self))
                         ~~~~^^^^^^^^^^^^^^^^^^^^^^^^^^^^
  File "D:\Desktop\web dev\django\personalFinanceEnv\Lib\site-packa
ges\django\db\models\query.py", line 95, in __iter__
    results = compiler.execute_sql(
        chunked_fetch=self.chunked_fetch, 
chunk_size=self.chunk_size
    )
  File "D:\Desktop\web dev\django\personalFinanceEnv\Lib\site-packa
ges\django\db\models\sql\compiler.py", line 1624, in execute_sql
    cursor.execute(sql, params)
    ~~~~~~~~~~~~~~^^^^^^^^^^^^^
  File "D:\Desktop\web dev\django\personalFinanceEnv\Lib\site-packa
ges\django\db\backends\utils.py", line 79, in execute
    return self._execute_with_wrappers(
           ~~~~~~~~~~~~~~~~~~~~~~~~~~~^
        sql, params, many=False, executor=self._execute
        ^^^^^^^^^^^^^^^^^^^^^^^^^^^^^^^^^^^^^^^^^^^^^^^
    )
    ^
  File "D:\Desktop\web dev\django\personalFinanceEnv\Lib\site-packa
ges\django\db\backends\utils.py", line 92, in 
_execute_with_wrappers
    return executor(sql, params, many, context)
  File "D:\Desktop\web dev\django\personalFinanceEnv\Lib\site-packa
ges\django\db\backends\utils.py", line 100, in _execute
    with self.db.wrap_database_errors:
         ^^^^^^^^^^^^^^^^^^^^^^^^^^^^
  File "D:\Desktop\web dev\django\personalFinanceEnv\Lib\site-packa
ges\django\db\utils.py", line 94, in __exit__
    raise dj_exc_value.with_traceback(traceback) from exc_value
  File "D:\Desktop\web dev\django\personalFinanceEnv\Lib\site-packa
ges\django\db\backends\utils.py", line 105, in _execute
    return self.cursor.execute(sql, params)
           ~~~~~~~~~~~~~~~~~~~^^^^^^^^^^^^^
  File "D:\Desktop\web dev\django\personalFinanceEnv\Lib\site-packa
ges\django\db\backends\sqlite3\base.py", line 359, in execute
    return super().execute(query, params)
           ~~~~~~~~~~~~~~~^^^^^^^^^^^^^^^
django.db.utils.OperationalError: database table is locked: 
auth_user
AI pipeline failed for user 1
Traceback (most recent call last):
  File "D:\Desktop\web dev\django\personalFinanceEnv\Lib\site-packa
ges\django\db\backends\utils.py", line 105, in _execute
    return self.cursor.execute(sql, params)
           ~~~~~~~~~~~~~~~~~~~^^^^^^^^^^^^^
  File "D:\Desktop\web dev\django\personalFinanceEnv\Lib\site-packa
ges\django\db\backends\sqlite3\base.py", line 359, in execute
    return super().execute(query, params)
           ~~~~~~~~~~~~~~~^^^^^^^^^^^^^^^
sqlite3.OperationalError: database table is locked: auth_user

The above exception was the direct cause of the following 
exception:

Traceback (most recent call last):
  File "D:\Desktop\web dev\django\financeproject\core\signals.py", 
line 17, in _run_pipeline
    result = generate_insights_for_user(user_id)
  File "D:\Desktop\web 
dev\django\financeproject\ai_pipeline\insights.py", line 47, in 
generate_insights_for_user
    user = User.objects.get(pk=user_id)
  File "D:\Desktop\web dev\django\personalFinanceEnv\Lib\site-packa
ges\django\db\models\manager.py", line 87, in manager_method
    return getattr(self.get_queryset(), name)(*args, **kwargs)
           ~~~~~~~~~~~~~~~~~~~~~~~~~~~~~~~~~~^^^^^^^^^^^^^^^^^
  File "D:\Desktop\web dev\django\personalFinanceEnv\Lib\site-packa
ges\django\db\models\query.py", line 635, in get
    num = len(clone)
  File "D:\Desktop\web dev\django\personalFinanceEnv\Lib\site-packa
ges\django\db\models\query.py", line 372, in __len__
    self._fetch_all()
    ~~~~~~~~~~~~~~~^^
  File "D:\Desktop\web dev\django\personalFinanceEnv\Lib\site-packa
ges\django\db\models\query.py", line 2000, in _fetch_all
    self._result_cache = list(self._iterable_class(self))
                         ~~~~^^^^^^^^^^^^^^^^^^^^^^^^^^^^
  File "D:\Desktop\web dev\django\personalFinanceEnv\Lib\site-packa
ges\django\db\models\query.py", line 95, in __iter__
    results = compiler.execute_sql(
        chunked_fetch=self.chunked_fetch, 
chunk_size=self.chunk_size
    )
  File "D:\Desktop\web dev\django\personalFinanceEnv\Lib\site-packa
ges\django\db\models\sql\compiler.py", line 1624, in execute_sql
    cursor.execute(sql, params)
    ~~~~~~~~~~~~~~^^^^^^^^^^^^^
  File "D:\Desktop\web dev\django\personalFinanceEnv\Lib\site-packa
ges\django\db\backends\utils.py", line 79, in execute
    return self._execute_with_wrappers(
           ~~~~~~~~~~~~~~~~~~~~~~~~~~~^
        sql, params, many=False, executor=self._execute
        ^^^^^^^^^^^^^^^^^^^^^^^^^^^^^^^^^^^^^^^^^^^^^^^
    )
    ^
  File "D:\Desktop\web dev\django\personalFinanceEnv\Lib\site-packa
ges\django\db\backends\utils.py", line 92, in 
_execute_with_wrappers
    return executor(sql, params, many, context)
  File "D:\Desktop\web dev\django\personalFinanceEnv\Lib\site-packa
ges\django\db\backends\utils.py", line 100, in _execute
    with self.db.wrap_database_errors:
         ^^^^^^^^^^^^^^^^^^^^^^^^^^^^
  File "D:\Desktop\web dev\django\personalFinanceEnv\Lib\site-packa
ges\django\db\utils.py", line 94, in __exit__
    raise dj_exc_value.with_traceback(traceback) from exc_value
  File "D:\Desktop\web dev\django\personalFinanceEnv\Lib\site-packa
ges\django\db\backends\utils.py", line 105, in _execute
    return self.cursor.execute(sql, params)
           ~~~~~~~~~~~~~~~~~~~^^^^^^^^^^^^^
  File "D:\Desktop\web dev\django\personalFinanceEnv\Lib\site-packa
ges\django\db\backends\sqlite3\base.py", line 359, in execute
    return super().execute(query, params)
           ~~~~~~~~~~~~~~~^^^^^^^^^^^^^^^
django.db.utils.OperationalError: database table is locked: 
auth_user
ok
test_json_serialisable (ai_pipeline.tests.test_orchestrator.Orchest
ratorTest.test_json_serialisable) ... AI pipeline failed for user 1
Traceback (most recent call last):
  File "D:\Desktop\web dev\django\personalFinanceEnv\Lib\site-packa
ges\django\db\backends\utils.py", line 105, in _execute
    return self.cursor.execute(sql, params)
           ~~~~~~~~~~~~~~~~~~~^^^^^^^^^^^^^
  File "D:\Desktop\web dev\django\personalFinanceEnv\Lib\site-packa
ges\django\db\backends\sqlite3\base.py", line 359, in execute
    return super().execute(query, params)
           ~~~~~~~~~~~~~~~^^^^^^^^^^^^^^^
sqlite3.OperationalError: database table is locked: auth_user

The above exception was the direct cause of the following 
exception:

Traceback (most recent call last):
  File "D:\Desktop\web dev\django\financeproject\core\signals.py", 
line 17, in _run_pipeline
    result = generate_insights_for_user(user_id)
  File "D:\Desktop\web 
dev\django\financeproject\ai_pipeline\insights.py", line 47, in 
generate_insights_for_user
    user = User.objects.get(pk=user_id)
  File "D:\Desktop\web dev\django\personalFinanceEnv\Lib\site-packa
ges\django\db\models\manager.py", line 87, in manager_method
    return getattr(self.get_queryset(), name)(*args, **kwargs)
           ~~~~~~~~~~~~~~~~~~~~~~~~~~~~~~~~~~^^^^^^^^^^^^^^^^^
  File "D:\Desktop\web dev\django\personalFinanceEnv\Lib\site-packa
ges\django\db\models\query.py", line 635, in get
    num = len(clone)
  File "D:\Desktop\web dev\django\personalFinanceEnv\Lib\site-packa
ges\django\db\models\query.py", line 372, in __len__
    self._fetch_all()
    ~~~~~~~~~~~~~~~^^
  File "D:\Desktop\web dev\django\personalFinanceEnv\Lib\site-packa
ges\django\db\models\query.py", line 2000, in _fetch_all
    self._result_cache = list(self._iterable_class(self))
                         ~~~~^^^^^^^^^^^^^^^^^^^^^^^^^^^^
  File "D:\Desktop\web dev\django\personalFinanceEnv\Lib\site-packa
ges\django\db\models\query.py", line 95, in __iter__
    results = compiler.execute_sql(
        chunked_fetch=self.chunked_fetch, 
chunk_size=self.chunk_size
    )
  File "D:\Desktop\web dev\django\personalFinanceEnv\Lib\site-packa
ges\django\db\models\sql\compiler.py", line 1624, in execute_sql
    cursor.execute(sql, params)
    ~~~~~~~~~~~~~~^^^^^^^^^^^^^
  File "D:\Desktop\web dev\django\personalFinanceEnv\Lib\site-packa
ges\django\db\backends\utils.py", line 79, in execute
    return self._execute_with_wrappers(
           ~~~~~~~~~~~~~~~~~~~~~~~~~~~^
        sql, params, many=False, executor=self._execute
        ^^^^^^^^^^^^^^^^^^^^^^^^^^^^^^^^^^^^^^^^^^^^^^^
    )
    ^
  File "D:\Desktop\web dev\django\personalFinanceEnv\Lib\site-packa
ges\django\db\backends\utils.py", line 92, in 
_execute_with_wrappers
    return executor(sql, params, many, context)
  File "D:\Desktop\web dev\django\personalFinanceEnv\Lib\site-packa
ges\django\db\backends\utils.py", line 100, in _execute
    with self.db.wrap_database_errors:
         ^^^^^^^^^^^^^^^^^^^^^^^^^^^^
  File "D:\Desktop\web dev\django\personalFinanceEnv\Lib\site-packa
ges\django\db\utils.py", line 94, in __exit__
    raise dj_exc_value.with_traceback(traceback) from exc_value
  File "D:\Desktop\web dev\django\personalFinanceEnv\Lib\site-packa
ges\django\db\backends\utils.py", line 105, in _execute
    return self.cursor.execute(sql, params)
           ~~~~~~~~~~~~~~~~~~~^^^^^^^^^^^^^
  File "D:\Desktop\web dev\django\personalFinanceEnv\Lib\site-packa
ges\django\db\backends\sqlite3\base.py", line 359, in execute
    return super().execute(query, params)
           ~~~~~~~~~~~~~~~^^^^^^^^^^^^^^^
django.db.utils.OperationalError: database table is locked: 
auth_user
AI pipeline failed for user 1
Traceback (most recent call last):
  File "D:\Desktop\web dev\django\personalFinanceEnv\Lib\site-packa
ges\django\db\backends\utils.py", line 105, in _execute
    return self.cursor.execute(sql, params)
           ~~~~~~~~~~~~~~~~~~~^^^^^^^^^^^^^
  File "D:\Desktop\web dev\django\personalFinanceEnv\Lib\site-packa
ges\django\db\backends\sqlite3\base.py", line 359, in execute
    return super().execute(query, params)
           ~~~~~~~~~~~~~~~^^^^^^^^^^^^^^^
sqlite3.OperationalError: database table is locked: auth_user

The above exception was the direct cause of the following 
exception:

Traceback (most recent call last):
  File "D:\Desktop\web dev\django\financeproject\core\signals.py", 
line 17, in _run_pipeline
    result = generate_insights_for_user(user_id)
  File "D:\Desktop\web 
dev\django\financeproject\ai_pipeline\insights.py", line 47, in 
generate_insights_for_user
    user = User.objects.get(pk=user_id)
  File "D:\Desktop\web dev\django\personalFinanceEnv\Lib\site-packa
ges\django\db\models\manager.py", line 87, in manager_method
    return getattr(self.get_queryset(), name)(*args, **kwargs)
           ~~~~~~~~~~~~~~~~~~~~~~~~~~~~~~~~~~^^^^^^^^^^^^^^^^^
  File "D:\Desktop\web dev\django\personalFinanceEnv\Lib\site-packa
ges\django\db\models\query.py", line 635, in get
    num = len(clone)
  File "D:\Desktop\web dev\django\personalFinanceEnv\Lib\site-packa
ges\django\db\models\query.py", line 372, in __len__
    self._fetch_all()
    ~~~~~~~~~~~~~~~^^
  File "D:\Desktop\web dev\django\personalFinanceEnv\Lib\site-packa
ges\django\db\models\query.py", line 2000, in _fetch_all
    self._result_cache = list(self._iterable_class(self))
                         ~~~~^^^^^^^^^^^^^^^^^^^^^^^^^^^^
  File "D:\Desktop\web dev\django\personalFinanceEnv\Lib\site-packa
ges\django\db\models\query.py", line 95, in __iter__
    results = compiler.execute_sql(
        chunked_fetch=self.chunked_fetch, 
chunk_size=self.chunk_size
    )
  File "D:\Desktop\web dev\django\personalFinanceEnv\Lib\site-packa
ges\django\db\models\sql\compiler.py", line 1624, in execute_sql
    cursor.execute(sql, params)
    ~~~~~~~~~~~~~~^^^^^^^^^^^^^
  File "D:\Desktop\web dev\django\personalFinanceEnv\Lib\site-packa
ges\django\db\backends\utils.py", line 79, in execute
    return self._execute_with_wrappers(
           ~~~~~~~~~~~~~~~~~~~~~~~~~~~^
        sql, params, many=False, executor=self._execute
        ^^^^^^^^^^^^^^^^^^^^^^^^^^^^^^^^^^^^^^^^^^^^^^^
    )
    ^
  File "D:\Desktop\web dev\django\personalFinanceEnv\Lib\site-packa
ges\django\db\backends\utils.py", line 92, in 
_execute_with_wrappers
    return executor(sql, params, many, context)
  File "D:\Desktop\web dev\django\personalFinanceEnv\Lib\site-packa
ges\django\db\backends\utils.py", line 100, in _execute
    with self.db.wrap_database_errors:
         ^^^^^^^^^^^^^^^^^^^^^^^^^^^^
  File "D:\Desktop\web dev\django\personalFinanceEnv\Lib\site-packa
ges\django\db\utils.py", line 94, in __exit__
    raise dj_exc_value.with_traceback(traceback) from exc_value
  File "D:\Desktop\web dev\django\personalFinanceEnv\Lib\site-packa
ges\django\db\backends\utils.py", line 105, in _execute
    return self.cursor.execute(sql, params)
           ~~~~~~~~~~~~~~~~~~~^^^^^^^^^^^^^
  File "D:\Desktop\web dev\django\personalFinanceEnv\Lib\site-packa
ges\django\db\backends\sqlite3\base.py", line 359, in execute
    return super().execute(query, params)
           ~~~~~~~~~~~~~~~^^^^^^^^^^^^^^^
django.db.utils.OperationalError: database table is locked: 
auth_user
AI pipeline failed for user 1
Traceback (most recent call last):
  File "D:\Desktop\web dev\django\personalFinanceEnv\Lib\site-packa
ges\django\db\backends\utils.py", line 105, in _execute
    return self.cursor.execute(sql, params)
           ~~~~~~~~~~~~~~~~~~~^^^^^^^^^^^^^
  File "D:\Desktop\web dev\django\personalFinanceEnv\Lib\site-packa
ges\django\db\backends\sqlite3\base.py", line 359, in execute
    return super().execute(query, params)
           ~~~~~~~~~~~~~~~^^^^^^^^^^^^^^^
sqlite3.OperationalError: database table is locked: auth_user

The above exception was the direct cause of the following 
exception:

Traceback (most recent call last):
  File "D:\Desktop\web dev\django\financeproject\core\signals.py", 
line 17, in _run_pipeline
    result = generate_insights_for_user(user_id)
  File "D:\Desktop\web 
dev\django\financeproject\ai_pipeline\insights.py", line 47, in 
generate_insights_for_user
    user = User.objects.get(pk=user_id)
  File "D:\Desktop\web dev\django\personalFinanceEnv\Lib\site-packa
ges\django\db\models\manager.py", line 87, in manager_method
    return getattr(self.get_queryset(), name)(*args, **kwargs)
           ~~~~~~~~~~~~~~~~~~~~~~~~~~~~~~~~~~^^^^^^^^^^^^^^^^^
  File "D:\Desktop\web dev\django\personalFinanceEnv\Lib\site-packa
ges\django\db\models\query.py", line 635, in get
    num = len(clone)
  File "D:\Desktop\web dev\django\personalFinanceEnv\Lib\site-packa
ges\django\db\models\query.py", line 372, in __len__
    self._fetch_all()
    ~~~~~~~~~~~~~~~^^
  File "D:\Desktop\web dev\django\personalFinanceEnv\Lib\site-packa
ges\django\db\models\query.py", line 2000, in _fetch_all
    self._result_cache = list(self._iterable_class(self))
                         ~~~~^^^^^^^^^^^^^^^^^^^^^^^^^^^^
  File "D:\Desktop\web dev\django\personalFinanceEnv\Lib\site-packa
ges\django\db\models\query.py", line 95, in __iter__
    results = compiler.execute_sql(
        chunked_fetch=self.chunked_fetch, 
chunk_size=self.chunk_size
    )
  File "D:\Desktop\web dev\django\personalFinanceEnv\Lib\site-packa
ges\django\db\models\sql\compiler.py", line 1624, in execute_sql
    cursor.execute(sql, params)
    ~~~~~~~~~~~~~~^^^^^^^^^^^^^
  File "D:\Desktop\web dev\django\personalFinanceEnv\Lib\site-packa
ges\django\db\backends\utils.py", line 79, in execute
    return self._execute_with_wrappers(
           ~~~~~~~~~~~~~~~~~~~~~~~~~~~^
        sql, params, many=False, executor=self._execute
        ^^^^^^^^^^^^^^^^^^^^^^^^^^^^^^^^^^^^^^^^^^^^^^^
    )
    ^
  File "D:\Desktop\web dev\django\personalFinanceEnv\Lib\site-packa
ges\django\db\backends\utils.py", line 92, in 
_execute_with_wrappers
    return executor(sql, params, many, context)
  File "D:\Desktop\web dev\django\personalFinanceEnv\Lib\site-packa
ges\django\db\backends\utils.py", line 100, in _execute
    with self.db.wrap_database_errors:
         ^^^^^^^^^^^^^^^^^^^^^^^^^^^^
  File "D:\Desktop\web dev\django\personalFinanceEnv\Lib\site-packa
ges\django\db\utils.py", line 94, in __exit__
    raise dj_exc_value.with_traceback(traceback) from exc_value
  File "D:\Desktop\web dev\django\personalFinanceEnv\Lib\site-packa
ges\django\db\backends\utils.py", line 105, in _execute
    return self.cursor.execute(sql, params)
           ~~~~~~~~~~~~~~~~~~~^^^^^^^^^^^^^
  File "D:\Desktop\web dev\django\personalFinanceEnv\Lib\site-packa
ges\django\db\backends\sqlite3\base.py", line 359, in execute
    return super().execute(query, params)
           ~~~~~~~~~~~~~~~^^^^^^^^^^^^^^^
django.db.utils.OperationalError: database table is locked: 
auth_user
AI pipeline failed for user 1
Traceback (most recent call last):
  File "D:\Desktop\web dev\django\personalFinanceEnv\Lib\site-packa
ges\django\db\backends\utils.py", line 105, in _execute
    return self.cursor.execute(sql, params)
           ~~~~~~~~~~~~~~~~~~~^^^^^^^^^^^^^
  File "D:\Desktop\web dev\django\personalFinanceEnv\Lib\site-packa
ges\django\db\backends\sqlite3\base.py", line 359, in execute
    return super().execute(query, params)
           ~~~~~~~~~~~~~~~^^^^^^^^^^^^^^^
sqlite3.OperationalError: database table is locked: auth_user

The above exception was the direct cause of the following 
exception:

Traceback (most recent call last):
  File "D:\Desktop\web dev\django\financeproject\core\signals.py", 
line 17, in _run_pipeline
    result = generate_insights_for_user(user_id)
  File "D:\Desktop\web 
dev\django\financeproject\ai_pipeline\insights.py", line 47, in 
generate_insights_for_user
    user = User.objects.get(pk=user_id)
  File "D:\Desktop\web dev\django\personalFinanceEnv\Lib\site-packa
ges\django\db\models\manager.py", line 87, in manager_method
    return getattr(self.get_queryset(), name)(*args, **kwargs)
           ~~~~~~~~~~~~~~~~~~~~~~~~~~~~~~~~~~^^^^^^^^^^^^^^^^^
  File "D:\Desktop\web dev\django\personalFinanceEnv\Lib\site-packa
ges\django\db\models\query.py", line 635, in get
    num = len(clone)
  File "D:\Desktop\web dev\django\personalFinanceEnv\Lib\site-packa
ges\django\db\models\query.py", line 372, in __len__
    self._fetch_all()
    ~~~~~~~~~~~~~~~^^
  File "D:\Desktop\web dev\django\personalFinanceEnv\Lib\site-packa
ges\django\db\models\query.py", line 2000, in _fetch_all
    self._result_cache = list(self._iterable_class(self))
                         ~~~~^^^^^^^^^^^^^^^^^^^^^^^^^^^^
  File "D:\Desktop\web dev\django\personalFinanceEnv\Lib\site-packa
ges\django\db\models\query.py", line 95, in __iter__
    results = compiler.execute_sql(
        chunked_fetch=self.chunked_fetch, 
chunk_size=self.chunk_size
    )
  File "D:\Desktop\web dev\django\personalFinanceEnv\Lib\site-packa
ges\django\db\models\sql\compiler.py", line 1624, in execute_sql
    cursor.execute(sql, params)
    ~~~~~~~~~~~~~~^^^^^^^^^^^^^
  File "D:\Desktop\web dev\django\personalFinanceEnv\Lib\site-packa
ges\django\db\backends\utils.py", line 79, in execute
    return self._execute_with_wrappers(
           ~~~~~~~~~~~~~~~~~~~~~~~~~~~^
        sql, params, many=False, executor=self._execute
        ^^^^^^^^^^^^^^^^^^^^^^^^^^^^^^^^^^^^^^^^^^^^^^^
    )
    ^
  File "D:\Desktop\web dev\django\personalFinanceEnv\Lib\site-packa
ges\django\db\backends\utils.py", line 92, in 
_execute_with_wrappers
    return executor(sql, params, many, context)
  File "D:\Desktop\web dev\django\personalFinanceEnv\Lib\site-packa
ges\django\db\backends\utils.py", line 100, in _execute
    with self.db.wrap_database_errors:
         ^^^^^^^^^^^^^^^^^^^^^^^^^^^^
  File "D:\Desktop\web dev\django\personalFinanceEnv\Lib\site-packa
ges\django\db\utils.py", line 94, in __exit__
    raise dj_exc_value.with_traceback(traceback) from exc_value
  File "D:\Desktop\web dev\django\personalFinanceEnv\Lib\site-packa
ges\django\db\backends\utils.py", line 105, in _execute
    return self.cursor.execute(sql, params)
           ~~~~~~~~~~~~~~~~~~~^^^^^^^^^^^^^
  File "D:\Desktop\web dev\django\personalFinanceEnv\Lib\site-packa
ges\django\db\backends\sqlite3\base.py", line 359, in execute
    return super().execute(query, params)
           ~~~~~~~~~~~~~~~^^^^^^^^^^^^^^^
django.db.utils.OperationalError: database table is locked: 
auth_user
ok
test_meta_fields (ai_pipeline.tests.test_orchestrator.OrchestratorT
est.test_meta_fields) ... AI pipeline failed for user 1
Traceback (most recent call last):
  File "D:\Desktop\web dev\django\personalFinanceEnv\Lib\site-packa
ges\django\db\backends\utils.py", line 105, in _execute
    return self.cursor.execute(sql, params)
           ~~~~~~~~~~~~~~~~~~~^^^^^^^^^^^^^
  File "D:\Desktop\web dev\django\personalFinanceEnv\Lib\site-packa
ges\django\db\backends\sqlite3\base.py", line 359, in execute
    return super().execute(query, params)
           ~~~~~~~~~~~~~~~^^^^^^^^^^^^^^^
sqlite3.OperationalError: database table is locked: auth_user

The above exception was the direct cause of the following 
exception:

Traceback (most recent call last):
  File "D:\Desktop\web dev\django\financeproject\core\signals.py", 
line 17, in _run_pipeline
    result = generate_insights_for_user(user_id)
  File "D:\Desktop\web 
dev\django\financeproject\ai_pipeline\insights.py", line 47, in 
generate_insights_for_user
    user = User.objects.get(pk=user_id)
  File "D:\Desktop\web dev\django\personalFinanceEnv\Lib\site-packa
ges\django\db\models\manager.py", line 87, in manager_method
    return getattr(self.get_queryset(), name)(*args, **kwargs)
           ~~~~~~~~~~~~~~~~~~~~~~~~~~~~~~~~~~^^^^^^^^^^^^^^^^^
  File "D:\Desktop\web dev\django\personalFinanceEnv\Lib\site-packa
ges\django\db\models\query.py", line 635, in get
    num = len(clone)
  File "D:\Desktop\web dev\django\personalFinanceEnv\Lib\site-packa
ges\django\db\models\query.py", line 372, in __len__
    self._fetch_all()
    ~~~~~~~~~~~~~~~^^
  File "D:\Desktop\web dev\django\personalFinanceEnv\Lib\site-packa
ges\django\db\models\query.py", line 2000, in _fetch_all
    self._result_cache = list(self._iterable_class(self))
                         ~~~~^^^^^^^^^^^^^^^^^^^^^^^^^^^^
  File "D:\Desktop\web dev\django\personalFinanceEnv\Lib\site-packa
ges\django\db\models\query.py", line 95, in __iter__
    results = compiler.execute_sql(
        chunked_fetch=self.chunked_fetch, 
chunk_size=self.chunk_size
    )
  File "D:\Desktop\web dev\django\personalFinanceEnv\Lib\site-packa
ges\django\db\models\sql\compiler.py", line 1624, in execute_sql
    cursor.execute(sql, params)
    ~~~~~~~~~~~~~~^^^^^^^^^^^^^
  File "D:\Desktop\web dev\django\personalFinanceEnv\Lib\site-packa
ges\django\db\backends\utils.py", line 79, in execute
    return self._execute_with_wrappers(
           ~~~~~~~~~~~~~~~~~~~~~~~~~~~^
        sql, params, many=False, executor=self._execute
        ^^^^^^^^^^^^^^^^^^^^^^^^^^^^^^^^^^^^^^^^^^^^^^^
    )
    ^
  File "D:\Desktop\web dev\django\personalFinanceEnv\Lib\site-packa
ges\django\db\backends\utils.py", line 92, in 
_execute_with_wrappers
    return executor(sql, params, many, context)
  File "D:\Desktop\web dev\django\personalFinanceEnv\Lib\site-packa
ges\django\db\backends\utils.py", line 100, in _execute
    with self.db.wrap_database_errors:
         ^^^^^^^^^^^^^^^^^^^^^^^^^^^^
  File "D:\Desktop\web dev\django\personalFinanceEnv\Lib\site-packa
ges\django\db\utils.py", line 94, in __exit__
    raise dj_exc_value.with_traceback(traceback) from exc_value
  File "D:\Desktop\web dev\django\personalFinanceEnv\Lib\site-packa
ges\django\db\backends\utils.py", line 105, in _execute
    return self.cursor.execute(sql, params)
           ~~~~~~~~~~~~~~~~~~~^^^^^^^^^^^^^
  File "D:\Desktop\web dev\django\personalFinanceEnv\Lib\site-packa
ges\django\db\backends\sqlite3\base.py", line 359, in execute
    return super().execute(query, params)
           ~~~~~~~~~~~~~~~^^^^^^^^^^^^^^^
django.db.utils.OperationalError: database table is locked: 
auth_user
AI pipeline failed for user 1
Traceback (most recent call last):
  File "D:\Desktop\web dev\django\personalFinanceEnv\Lib\site-packa
ges\django\db\backends\utils.py", line 105, in _execute
    return self.cursor.execute(sql, params)
           ~~~~~~~~~~~~~~~~~~~^^^^^^^^^^^^^
  File "D:\Desktop\web dev\django\personalFinanceEnv\Lib\site-packa
ges\django\db\backends\sqlite3\base.py", line 359, in execute
    return super().execute(query, params)
           ~~~~~~~~~~~~~~~^^^^^^^^^^^^^^^
sqlite3.OperationalError: database table is locked: auth_user

The above exception was the direct cause of the following 
exception:

Traceback (most recent call last):
  File "D:\Desktop\web dev\django\financeproject\core\signals.py", 
line 17, in _run_pipeline
    result = generate_insights_for_user(user_id)
  File "D:\Desktop\web 
dev\django\financeproject\ai_pipeline\insights.py", line 47, in 
generate_insights_for_user
    user = User.objects.get(pk=user_id)
  File "D:\Desktop\web dev\django\personalFinanceEnv\Lib\site-packa
ges\django\db\models\manager.py", line 87, in manager_method
    return getattr(self.get_queryset(), name)(*args, **kwargs)
           ~~~~~~~~~~~~~~~~~~~~~~~~~~~~~~~~~~^^^^^^^^^^^^^^^^^
  File "D:\Desktop\web dev\django\personalFinanceEnv\Lib\site-packa
ges\django\db\models\query.py", line 635, in get
    num = len(clone)
  File "D:\Desktop\web dev\django\personalFinanceEnv\Lib\site-packa
ges\django\db\models\query.py", line 372, in __len__
    self._fetch_all()
    ~~~~~~~~~~~~~~~^^
  File "D:\Desktop\web dev\django\personalFinanceEnv\Lib\site-packa
ges\django\db\models\query.py", line 2000, in _fetch_all
    self._result_cache = list(self._iterable_class(self))
                         ~~~~^^^^^^^^^^^^^^^^^^^^^^^^^^^^
  File "D:\Desktop\web dev\django\personalFinanceEnv\Lib\site-packa
ges\django\db\models\query.py", line 95, in __iter__
    results = compiler.execute_sql(
        chunked_fetch=self.chunked_fetch, 
chunk_size=self.chunk_size
    )
  File "D:\Desktop\web dev\django\personalFinanceEnv\Lib\site-packa
ges\django\db\models\sql\compiler.py", line 1624, in execute_sql
    cursor.execute(sql, params)
    ~~~~~~~~~~~~~~^^^^^^^^^^^^^
  File "D:\Desktop\web dev\django\personalFinanceEnv\Lib\site-packa
ges\django\db\backends\utils.py", line 79, in execute
    return self._execute_with_wrappers(
           ~~~~~~~~~~~~~~~~~~~~~~~~~~~^
        sql, params, many=False, executor=self._execute
        ^^^^^^^^^^^^^^^^^^^^^^^^^^^^^^^^^^^^^^^^^^^^^^^
    )
    ^
  File "D:\Desktop\web dev\django\personalFinanceEnv\Lib\site-packa
ges\django\db\backends\utils.py", line 92, in 
_execute_with_wrappers
    return executor(sql, params, many, context)
  File "D:\Desktop\web dev\django\personalFinanceEnv\Lib\site-packa
ges\django\db\backends\utils.py", line 100, in _execute
    with self.db.wrap_database_errors:
         ^^^^^^^^^^^^^^^^^^^^^^^^^^^^
  File "D:\Desktop\web dev\django\personalFinanceEnv\Lib\site-packa
ges\django\db\utils.py", line 94, in __exit__
    raise dj_exc_value.with_traceback(traceback) from exc_value
  File "D:\Desktop\web dev\django\personalFinanceEnv\Lib\site-packa
ges\django\db\backends\utils.py", line 105, in _execute
    return self.cursor.execute(sql, params)
           ~~~~~~~~~~~~~~~~~~~^^^^^^^^^^^^^
  File "D:\Desktop\web dev\django\personalFinanceEnv\Lib\site-packa
ges\django\db\backends\sqlite3\base.py", line 359, in execute
    return super().execute(query, params)
           ~~~~~~~~~~~~~~~^^^^^^^^^^^^^^^
django.db.utils.OperationalError: database table is locked: 
auth_user
AI pipeline failed for user 1
Traceback (most recent call last):
  File "D:\Desktop\web dev\django\personalFinanceEnv\Lib\site-packa
ges\django\db\backends\utils.py", line 105, in _execute
    return self.cursor.execute(sql, params)
           ~~~~~~~~~~~~~~~~~~~^^^^^^^^^^^^^
  File "D:\Desktop\web dev\django\personalFinanceEnv\Lib\site-packa
ges\django\db\backends\sqlite3\base.py", line 359, in execute
    return super().execute(query, params)
           ~~~~~~~~~~~~~~~^^^^^^^^^^^^^^^
sqlite3.OperationalError: database table is locked: auth_user

The above exception was the direct cause of the following 
exception:

Traceback (most recent call last):
  File "D:\Desktop\web dev\django\financeproject\core\signals.py", 
line 17, in _run_pipeline
    result = generate_insights_for_user(user_id)
  File "D:\Desktop\web 
dev\django\financeproject\ai_pipeline\insights.py", line 47, in 
generate_insights_for_user
    user = User.objects.get(pk=user_id)
  File "D:\Desktop\web dev\django\personalFinanceEnv\Lib\site-packa
ges\django\db\models\manager.py", line 87, in manager_method
    return getattr(self.get_queryset(), name)(*args, **kwargs)
           ~~~~~~~~~~~~~~~~~~~~~~~~~~~~~~~~~~^^^^^^^^^^^^^^^^^
  File "D:\Desktop\web dev\django\personalFinanceEnv\Lib\site-packa
ges\django\db\models\query.py", line 635, in get
    num = len(clone)
  File "D:\Desktop\web dev\django\personalFinanceEnv\Lib\site-packa
ges\django\db\models\query.py", line 372, in __len__
    self._fetch_all()
    ~~~~~~~~~~~~~~~^^
  File "D:\Desktop\web dev\django\personalFinanceEnv\Lib\site-packa
ges\django\db\models\query.py", line 2000, in _fetch_all
    self._result_cache = list(self._iterable_class(self))
                         ~~~~^^^^^^^^^^^^^^^^^^^^^^^^^^^^
  File "D:\Desktop\web dev\django\personalFinanceEnv\Lib\site-packa
ges\django\db\models\query.py", line 95, in __iter__
    results = compiler.execute_sql(
        chunked_fetch=self.chunked_fetch, 
chunk_size=self.chunk_size
    )
  File "D:\Desktop\web dev\django\personalFinanceEnv\Lib\site-packa
ges\django\db\models\sql\compiler.py", line 1624, in execute_sql
    cursor.execute(sql, params)
    ~~~~~~~~~~~~~~^^^^^^^^^^^^^
  File "D:\Desktop\web dev\django\personalFinanceEnv\Lib\site-packa
ges\django\db\backends\utils.py", line 79, in execute
    return self._execute_with_wrappers(
           ~~~~~~~~~~~~~~~~~~~~~~~~~~~^
        sql, params, many=False, executor=self._execute
        ^^^^^^^^^^^^^^^^^^^^^^^^^^^^^^^^^^^^^^^^^^^^^^^
    )
    ^
  File "D:\Desktop\web dev\django\personalFinanceEnv\Lib\site-packa
ges\django\db\backends\utils.py", line 92, in 
_execute_with_wrappers
    return executor(sql, params, many, context)
  File "D:\Desktop\web dev\django\personalFinanceEnv\Lib\site-packa
ges\django\db\backends\utils.py", line 100, in _execute
    with self.db.wrap_database_errors:
         ^^^^^^^^^^^^^^^^^^^^^^^^^^^^
  File "D:\Desktop\web dev\django\personalFinanceEnv\Lib\site-packa
ges\django\db\utils.py", line 94, in __exit__
    raise dj_exc_value.with_traceback(traceback) from exc_value
  File "D:\Desktop\web dev\django\personalFinanceEnv\Lib\site-packa
ges\django\db\backends\utils.py", line 105, in _execute
    return self.cursor.execute(sql, params)
           ~~~~~~~~~~~~~~~~~~~^^^^^^^^^^^^^
  File "D:\Desktop\web dev\django\personalFinanceEnv\Lib\site-packa
ges\django\db\backends\sqlite3\base.py", line 359, in execute
    return super().execute(query, params)
           ~~~~~~~~~~~~~~~^^^^^^^^^^^^^^^
django.db.utils.OperationalError: database table is locked: 
auth_user
AI pipeline failed for user 1
Traceback (most recent call last):
  File "D:\Desktop\web dev\django\personalFinanceEnv\Lib\site-packa
ges\django\db\backends\utils.py", line 105, in _execute
    return self.cursor.execute(sql, params)
           ~~~~~~~~~~~~~~~~~~~^^^^^^^^^^^^^
  File "D:\Desktop\web dev\django\personalFinanceEnv\Lib\site-packa
ges\django\db\backends\sqlite3\base.py", line 359, in execute
    return super().execute(query, params)
           ~~~~~~~~~~~~~~~^^^^^^^^^^^^^^^
sqlite3.OperationalError: database table is locked: auth_user

The above exception was the direct cause of the following 
exception:

Traceback (most recent call last):
  File "D:\Desktop\web dev\django\financeproject\core\signals.py", 
line 17, in _run_pipeline
    result = generate_insights_for_user(user_id)
  File "D:\Desktop\web 
dev\django\financeproject\ai_pipeline\insights.py", line 47, in 
generate_insights_for_user
    user = User.objects.get(pk=user_id)
  File "D:\Desktop\web dev\django\personalFinanceEnv\Lib\site-packa
ges\django\db\models\manager.py", line 87, in manager_method
    return getattr(self.get_queryset(), name)(*args, **kwargs)
           ~~~~~~~~~~~~~~~~~~~~~~~~~~~~~~~~~~^^^^^^^^^^^^^^^^^
  File "D:\Desktop\web dev\django\personalFinanceEnv\Lib\site-packa
ges\django\db\models\query.py", line 635, in get
    num = len(clone)
  File "D:\Desktop\web dev\django\personalFinanceEnv\Lib\site-packa
ges\django\db\models\query.py", line 372, in __len__
    self._fetch_all()
    ~~~~~~~~~~~~~~~^^
  File "D:\Desktop\web dev\django\personalFinanceEnv\Lib\site-packa
ges\django\db\models\query.py", line 2000, in _fetch_all
    self._result_cache = list(self._iterable_class(self))
                         ~~~~^^^^^^^^^^^^^^^^^^^^^^^^^^^^
  File "D:\Desktop\web dev\django\personalFinanceEnv\Lib\site-packa
ges\django\db\models\query.py", line 95, in __iter__
    results = compiler.execute_sql(
        chunked_fetch=self.chunked_fetch, 
chunk_size=self.chunk_size
    )
  File "D:\Desktop\web dev\django\personalFinanceEnv\Lib\site-packa
ges\django\db\models\sql\compiler.py", line 1624, in execute_sql
    cursor.execute(sql, params)
    ~~~~~~~~~~~~~~^^^^^^^^^^^^^
  File "D:\Desktop\web dev\django\personalFinanceEnv\Lib\site-packa
ges\django\db\backends\utils.py", line 79, in execute
    return self._execute_with_wrappers(
           ~~~~~~~~~~~~~~~~~~~~~~~~~~~^
        sql, params, many=False, executor=self._execute
        ^^^^^^^^^^^^^^^^^^^^^^^^^^^^^^^^^^^^^^^^^^^^^^^
    )
    ^
  File "D:\Desktop\web dev\django\personalFinanceEnv\Lib\site-packa
ges\django\db\backends\utils.py", line 92, in 
_execute_with_wrappers
    return executor(sql, params, many, context)
  File "D:\Desktop\web dev\django\personalFinanceEnv\Lib\site-packa
ges\django\db\backends\utils.py", line 100, in _execute
    with self.db.wrap_database_errors:
         ^^^^^^^^^^^^^^^^^^^^^^^^^^^^
  File "D:\Desktop\web dev\django\personalFinanceEnv\Lib\site-packa
ges\django\db\utils.py", line 94, in __exit__
    raise dj_exc_value.with_traceback(traceback) from exc_value
  File "D:\Desktop\web dev\django\personalFinanceEnv\Lib\site-packa
ges\django\db\backends\utils.py", line 105, in _execute
    return self.cursor.execute(sql, params)
           ~~~~~~~~~~~~~~~~~~~^^^^^^^^^^^^^
  File "D:\Desktop\web dev\django\personalFinanceEnv\Lib\site-packa
ges\django\db\backends\sqlite3\base.py", line 359, in execute
    return super().execute(query, params)
           ~~~~~~~~~~~~~~~^^^^^^^^^^^^^^^
django.db.utils.OperationalError: database table is locked: 
auth_user
AI pipeline failed for user 1
Traceback (most recent call last):
  File "D:\Desktop\web dev\django\personalFinanceEnv\Lib\site-packa
ges\django\db\backends\utils.py", line 105, in _execute
    return self.cursor.execute(sql, params)
           ~~~~~~~~~~~~~~~~~~~^^^^^^^^^^^^^
  File "D:\Desktop\web dev\django\personalFinanceEnv\Lib\site-packa
ges\django\db\backends\sqlite3\base.py", line 359, in execute
    return super().execute(query, params)
           ~~~~~~~~~~~~~~~^^^^^^^^^^^^^^^
sqlite3.OperationalError: database table is locked: auth_user

The above exception was the direct cause of the following 
exception:

Traceback (most recent call last):
  File "D:\Desktop\web dev\django\financeproject\core\signals.py", 
line 17, in _run_pipeline
    result = generate_insights_for_user(user_id)
  File "D:\Desktop\web 
dev\django\financeproject\ai_pipeline\insights.py", line 47, in 
generate_insights_for_user
    user = User.objects.get(pk=user_id)
  File "D:\Desktop\web dev\django\personalFinanceEnv\Lib\site-packa
ges\django\db\models\manager.py", line 87, in manager_method
    return getattr(self.get_queryset(), name)(*args, **kwargs)
           ~~~~~~~~~~~~~~~~~~~~~~~~~~~~~~~~~~^^^^^^^^^^^^^^^^^
  File "D:\Desktop\web dev\django\personalFinanceEnv\Lib\site-packa
ges\django\db\models\query.py", line 635, in get
    num = len(clone)
  File "D:\Desktop\web dev\django\personalFinanceEnv\Lib\site-packa
ges\django\db\models\query.py", line 372, in __len__
    self._fetch_all()
    ~~~~~~~~~~~~~~~^^
  File "D:\Desktop\web dev\django\personalFinanceEnv\Lib\site-packa
ges\django\db\models\query.py", line 2000, in _fetch_all
    self._result_cache = list(self._iterable_class(self))
                         ~~~~^^^^^^^^^^^^^^^^^^^^^^^^^^^^
  File "D:\Desktop\web dev\django\personalFinanceEnv\Lib\site-packa
ges\django\db\models\query.py", line 95, in __iter__
    results = compiler.execute_sql(
        chunked_fetch=self.chunked_fetch, 
chunk_size=self.chunk_size
    )
  File "D:\Desktop\web dev\django\personalFinanceEnv\Lib\site-packa
ges\django\db\models\sql\compiler.py", line 1624, in execute_sql
    cursor.execute(sql, params)
    ~~~~~~~~~~~~~~^^^^^^^^^^^^^
  File "D:\Desktop\web dev\django\personalFinanceEnv\Lib\site-packa
ges\django\db\backends\utils.py", line 79, in execute
    return self._execute_with_wrappers(
           ~~~~~~~~~~~~~~~~~~~~~~~~~~~^
        sql, params, many=False, executor=self._execute
        ^^^^^^^^^^^^^^^^^^^^^^^^^^^^^^^^^^^^^^^^^^^^^^^
    )
    ^
  File "D:\Desktop\web dev\django\personalFinanceEnv\Lib\site-packa
ges\django\db\backends\utils.py", line 92, in 
_execute_with_wrappers
    return executor(sql, params, many, context)
  File "D:\Desktop\web dev\django\personalFinanceEnv\Lib\site-packa
ges\django\db\backends\utils.py", line 100, in _execute
    with self.db.wrap_database_errors:
         ^^^^^^^^^^^^^^^^^^^^^^^^^^^^
  File "D:\Desktop\web dev\django\personalFinanceEnv\Lib\site-packa
ges\django\db\utils.py", line 94, in __exit__
    raise dj_exc_value.with_traceback(traceback) from exc_value
  File "D:\Desktop\web dev\django\personalFinanceEnv\Lib\site-packa
ges\django\db\backends\utils.py", line 105, in _execute
    return self.cursor.execute(sql, params)
           ~~~~~~~~~~~~~~~~~~~^^^^^^^^^^^^^
  File "D:\Desktop\web dev\django\personalFinanceEnv\Lib\site-packa
ges\django\db\backends\sqlite3\base.py", line 359, in execute
    return super().execute(query, params)
           ~~~~~~~~~~~~~~~^^^^^^^^^^^^^^^
django.db.utils.OperationalError: database table is locked: 
auth_user
AI pipeline failed for user 1
Traceback (most recent call last):
  File "D:\Desktop\web dev\django\personalFinanceEnv\Lib\site-packa
ges\django\db\backends\utils.py", line 105, in _execute
    return self.cursor.execute(sql, params)
           ~~~~~~~~~~~~~~~~~~~^^^^^^^^^^^^^
  File "D:\Desktop\web dev\django\personalFinanceEnv\Lib\site-packa
ges\django\db\backends\sqlite3\base.py", line 359, in execute
    return super().execute(query, params)
           ~~~~~~~~~~~~~~~^^^^^^^^^^^^^^^
sqlite3.OperationalError: database table is locked: auth_user

The above exception was the direct cause of the following 
exception:

Traceback (most recent call last):
  File "D:\Desktop\web dev\django\financeproject\core\signals.py", 
line 17, in _run_pipeline
    result = generate_insights_for_user(user_id)
  File "D:\Desktop\web 
dev\django\financeproject\ai_pipeline\insights.py", line 47, in 
generate_insights_for_user
    user = User.objects.get(pk=user_id)
  File "D:\Desktop\web dev\django\personalFinanceEnv\Lib\site-packa
ges\django\db\models\manager.py", line 87, in manager_method
    return getattr(self.get_queryset(), name)(*args, **kwargs)
           ~~~~~~~~~~~~~~~~~~~~~~~~~~~~~~~~~~^^^^^^^^^^^^^^^^^
  File "D:\Desktop\web dev\django\personalFinanceEnv\Lib\site-packa
ges\django\db\models\query.py", line 635, in get
    num = len(clone)
  File "D:\Desktop\web dev\django\personalFinanceEnv\Lib\site-packa
ges\django\db\models\query.py", line 372, in __len__
    self._fetch_all()
    ~~~~~~~~~~~~~~~^^
  File "D:\Desktop\web dev\django\personalFinanceEnv\Lib\site-packa
ges\django\db\models\query.py", line 2000, in _fetch_all
    self._result_cache = list(self._iterable_class(self))
                         ~~~~^^^^^^^^^^^^^^^^^^^^^^^^^^^^
  File "D:\Desktop\web dev\django\personalFinanceEnv\Lib\site-packa
ges\django\db\models\query.py", line 95, in __iter__
    results = compiler.execute_sql(
        chunked_fetch=self.chunked_fetch, 
chunk_size=self.chunk_size
    )
  File "D:\Desktop\web dev\django\personalFinanceEnv\Lib\site-packa
ges\django\db\models\sql\compiler.py", line 1624, in execute_sql
    cursor.execute(sql, params)
    ~~~~~~~~~~~~~~^^^^^^^^^^^^^
  File "D:\Desktop\web dev\django\personalFinanceEnv\Lib\site-packa
ges\django\db\backends\utils.py", line 79, in execute
    return self._execute_with_wrappers(
           ~~~~~~~~~~~~~~~~~~~~~~~~~~~^
        sql, params, many=False, executor=self._execute
        ^^^^^^^^^^^^^^^^^^^^^^^^^^^^^^^^^^^^^^^^^^^^^^^
    )
    ^
  File "D:\Desktop\web dev\django\personalFinanceEnv\Lib\site-packa
ges\django\db\backends\utils.py", line 92, in 
_execute_with_wrappers
    return executor(sql, params, many, context)
  File "D:\Desktop\web dev\django\personalFinanceEnv\Lib\site-packa
ges\django\db\backends\utils.py", line 100, in _execute
    with self.db.wrap_database_errors:
         ^^^^^^^^^^^^^^^^^^^^^^^^^^^^
  File "D:\Desktop\web dev\django\personalFinanceEnv\Lib\site-packa
ges\django\db\utils.py", line 94, in __exit__
    raise dj_exc_value.with_traceback(traceback) from exc_value
  File "D:\Desktop\web dev\django\personalFinanceEnv\Lib\site-packa
ges\django\db\backends\utils.py", line 105, in _execute
    return self.cursor.execute(sql, params)
           ~~~~~~~~~~~~~~~~~~~^^^^^^^^^^^^^
  File "D:\Desktop\web dev\django\personalFinanceEnv\Lib\site-packa
ges\django\db\backends\sqlite3\base.py", line 359, in execute
    return super().execute(query, params)
           ~~~~~~~~~~~~~~~^^^^^^^^^^^^^^^
django.db.utils.OperationalError: database table is locked: 
auth_user
AI pipeline failed for user 1
Traceback (most recent call last):
  File "D:\Desktop\web dev\django\personalFinanceEnv\Lib\site-packa
ges\django\db\backends\utils.py", line 105, in _execute
    return self.cursor.execute(sql, params)
           ~~~~~~~~~~~~~~~~~~~^^^^^^^^^^^^^
  File "D:\Desktop\web dev\django\personalFinanceEnv\Lib\site-packa
ges\django\db\backends\sqlite3\base.py", line 359, in execute
    return super().execute(query, params)
           ~~~~~~~~~~~~~~~^^^^^^^^^^^^^^^
sqlite3.OperationalError: database table is locked: auth_user

The above exception was the direct cause of the following 
exception:

Traceback (most recent call last):
  File "D:\Desktop\web dev\django\financeproject\core\signals.py", 
line 17, in _run_pipeline
    result = generate_insights_for_user(user_id)
  File "D:\Desktop\web 
dev\django\financeproject\ai_pipeline\insights.py", line 47, in 
generate_insights_for_user
    user = User.objects.get(pk=user_id)
  File "D:\Desktop\web dev\django\personalFinanceEnv\Lib\site-packa
ges\django\db\models\manager.py", line 87, in manager_method
    return getattr(self.get_queryset(), name)(*args, **kwargs)
           ~~~~~~~~~~~~~~~~~~~~~~~~~~~~~~~~~~^^^^^^^^^^^^^^^^^
  File "D:\Desktop\web dev\django\personalFinanceEnv\Lib\site-packa
ges\django\db\models\query.py", line 635, in get
    num = len(clone)
  File "D:\Desktop\web dev\django\personalFinanceEnv\Lib\site-packa
ges\django\db\models\query.py", line 372, in __len__
    self._fetch_all()
    ~~~~~~~~~~~~~~~^^
  File "D:\Desktop\web dev\django\personalFinanceEnv\Lib\site-packa
ges\django\db\models\query.py", line 2000, in _fetch_all
    self._result_cache = list(self._iterable_class(self))
                         ~~~~^^^^^^^^^^^^^^^^^^^^^^^^^^^^
  File "D:\Desktop\web dev\django\personalFinanceEnv\Lib\site-packa
ges\django\db\models\query.py", line 95, in __iter__
    results = compiler.execute_sql(
        chunked_fetch=self.chunked_fetch, 
chunk_size=self.chunk_size
    )
  File "D:\Desktop\web dev\django\personalFinanceEnv\Lib\site-packa
ges\django\db\models\sql\compiler.py", line 1624, in execute_sql
    cursor.execute(sql, params)
    ~~~~~~~~~~~~~~^^^^^^^^^^^^^
  File "D:\Desktop\web dev\django\personalFinanceEnv\Lib\site-packa
ges\django\db\backends\utils.py", line 79, in execute
    return self._execute_with_wrappers(
           ~~~~~~~~~~~~~~~~~~~~~~~~~~~^
        sql, params, many=False, executor=self._execute
        ^^^^^^^^^^^^^^^^^^^^^^^^^^^^^^^^^^^^^^^^^^^^^^^
    )
    ^
  File "D:\Desktop\web dev\django\personalFinanceEnv\Lib\site-packa
ges\django\db\backends\utils.py", line 92, in 
_execute_with_wrappers
    return executor(sql, params, many, context)
  File "D:\Desktop\web dev\django\personalFinanceEnv\Lib\site-packa
ges\django\db\backends\utils.py", line 100, in _execute
    with self.db.wrap_database_errors:
         ^^^^^^^^^^^^^^^^^^^^^^^^^^^^
  File "D:\Desktop\web dev\django\personalFinanceEnv\Lib\site-packa
ges\django\db\utils.py", line 94, in __exit__
    raise dj_exc_value.with_traceback(traceback) from exc_value
  File "D:\Desktop\web dev\django\personalFinanceEnv\Lib\site-packa
ges\django\db\backends\utils.py", line 105, in _execute
    return self.cursor.execute(sql, params)
           ~~~~~~~~~~~~~~~~~~~^^^^^^^^^^^^^
  File "D:\Desktop\web dev\django\personalFinanceEnv\Lib\site-packa
ges\django\db\backends\sqlite3\base.py", line 359, in execute
    return super().execute(query, params)
           ~~~~~~~~~~~~~~~^^^^^^^^^^^^^^^
django.db.utils.OperationalError: database table is locked: 
auth_user
AI pipeline failed for user 1
Traceback (most recent call last):
  File "D:\Desktop\web dev\django\personalFinanceEnv\Lib\site-packa
ges\django\db\backends\utils.py", line 105, in _execute
    return self.cursor.execute(sql, params)
           ~~~~~~~~~~~~~~~~~~~^^^^^^^^^^^^^
  File "D:\Desktop\web dev\django\personalFinanceEnv\Lib\site-packa
ges\django\db\backends\sqlite3\base.py", line 359, in execute
    return super().execute(query, params)
           ~~~~~~~~~~~~~~~^^^^^^^^^^^^^^^
sqlite3.OperationalError: database table is locked: auth_user

The above exception was the direct cause of the following 
exception:

Traceback (most recent call last):
  File "D:\Desktop\web dev\django\financeproject\core\signals.py", 
line 17, in _run_pipeline
    result = generate_insights_for_user(user_id)
  File "D:\Desktop\web 
dev\django\financeproject\ai_pipeline\insights.py", line 47, in 
generate_insights_for_user
    user = User.objects.get(pk=user_id)
  File "D:\Desktop\web dev\django\personalFinanceEnv\Lib\site-packa
ges\django\db\models\manager.py", line 87, in manager_method
    return getattr(self.get_queryset(), name)(*args, **kwargs)
           ~~~~~~~~~~~~~~~~~~~~~~~~~~~~~~~~~~^^^^^^^^^^^^^^^^^
  File "D:\Desktop\web dev\django\personalFinanceEnv\Lib\site-packa
ges\django\db\models\query.py", line 635, in get
    num = len(clone)
  File "D:\Desktop\web dev\django\personalFinanceEnv\Lib\site-packa
ges\django\db\models\query.py", line 372, in __len__
    self._fetch_all()
    ~~~~~~~~~~~~~~~^^
  File "D:\Desktop\web dev\django\personalFinanceEnv\Lib\site-packa
ges\django\db\models\query.py", line 2000, in _fetch_all
    self._result_cache = list(self._iterable_class(self))
                         ~~~~^^^^^^^^^^^^^^^^^^^^^^^^^^^^
  File "D:\Desktop\web dev\django\personalFinanceEnv\Lib\site-packa
ges\django\db\models\query.py", line 95, in __iter__
    results = compiler.execute_sql(
        chunked_fetch=self.chunked_fetch, 
chunk_size=self.chunk_size
    )
  File "D:\Desktop\web dev\django\personalFinanceEnv\Lib\site-packa
ges\django\db\models\sql\compiler.py", line 1624, in execute_sql
    cursor.execute(sql, params)
    ~~~~~~~~~~~~~~^^^^^^^^^^^^^
  File "D:\Desktop\web dev\django\personalFinanceEnv\Lib\site-packa
ges\django\db\backends\utils.py", line 79, in execute
    return self._execute_with_wrappers(
           ~~~~~~~~~~~~~~~~~~~~~~~~~~~^
        sql, params, many=False, executor=self._execute
        ^^^^^^^^^^^^^^^^^^^^^^^^^^^^^^^^^^^^^^^^^^^^^^^
    )
    ^
  File "D:\Desktop\web dev\django\personalFinanceEnv\Lib\site-packa
ges\django\db\backends\utils.py", line 92, in 
_execute_with_wrappers
    return executor(sql, params, many, context)
  File "D:\Desktop\web dev\django\personalFinanceEnv\Lib\site-packa
ges\django\db\backends\utils.py", line 100, in _execute
    with self.db.wrap_database_errors:
         ^^^^^^^^^^^^^^^^^^^^^^^^^^^^
  File "D:\Desktop\web dev\django\personalFinanceEnv\Lib\site-packa
ges\django\db\utils.py", line 94, in __exit__
    raise dj_exc_value.with_traceback(traceback) from exc_value
  File "D:\Desktop\web dev\django\personalFinanceEnv\Lib\site-packa
ges\django\db\backends\utils.py", line 105, in _execute
    return self.cursor.execute(sql, params)
           ~~~~~~~~~~~~~~~~~~~^^^^^^^^^^^^^
  File "D:\Desktop\web dev\django\personalFinanceEnv\Lib\site-packa
ges\django\db\backends\sqlite3\base.py", line 359, in execute
    return super().execute(query, params)
           ~~~~~~~~~~~~~~~^^^^^^^^^^^^^^^
django.db.utils.OperationalError: database table is locked: 
auth_user
AI pipeline failed for user 1
Traceback (most recent call last):
  File "D:\Desktop\web dev\django\personalFinanceEnv\Lib\site-packa
ges\django\db\backends\utils.py", line 105, in _execute
    return self.cursor.execute(sql, params)
           ~~~~~~~~~~~~~~~~~~~^^^^^^^^^^^^^
  File "D:\Desktop\web dev\django\personalFinanceEnv\Lib\site-packa
ges\django\db\backends\sqlite3\base.py", line 359, in execute
    return super().execute(query, params)
           ~~~~~~~~~~~~~~~^^^^^^^^^^^^^^^
sqlite3.OperationalError: database table is locked: auth_user

The above exception was the direct cause of the following 
exception:

Traceback (most recent call last):
  File "D:\Desktop\web dev\django\financeproject\core\signals.py", 
line 17, in _run_pipeline
    result = generate_insights_for_user(user_id)
  File "D:\Desktop\web 
dev\django\financeproject\ai_pipeline\insights.py", line 47, in 
generate_insights_for_user
    user = User.objects.get(pk=user_id)
  File "D:\Desktop\web dev\django\personalFinanceEnv\Lib\site-packa
ges\django\db\models\manager.py", line 87, in manager_method
    return getattr(self.get_queryset(), name)(*args, **kwargs)
           ~~~~~~~~~~~~~~~~~~~~~~~~~~~~~~~~~~^^^^^^^^^^^^^^^^^
  File "D:\Desktop\web dev\django\personalFinanceEnv\Lib\site-packa
ges\django\db\models\query.py", line 635, in get
    num = len(clone)
  File "D:\Desktop\web dev\django\personalFinanceEnv\Lib\site-packa
ges\django\db\models\query.py", line 372, in __len__
    self._fetch_all()
    ~~~~~~~~~~~~~~~^^
  File "D:\Desktop\web dev\django\personalFinanceEnv\Lib\site-packa
ges\django\db\models\query.py", line 2000, in _fetch_all
    self._result_cache = list(self._iterable_class(self))
                         ~~~~^^^^^^^^^^^^^^^^^^^^^^^^^^^^
  File "D:\Desktop\web dev\django\personalFinanceEnv\Lib\site-packa
ges\django\db\models\query.py", line 95, in __iter__
    results = compiler.execute_sql(
        chunked_fetch=self.chunked_fetch, 
chunk_size=self.chunk_size
    )
  File "D:\Desktop\web dev\django\personalFinanceEnv\Lib\site-packa
ges\django\db\models\sql\compiler.py", line 1624, in execute_sql
    cursor.execute(sql, params)
    ~~~~~~~~~~~~~~^^^^^^^^^^^^^
  File "D:\Desktop\web dev\django\personalFinanceEnv\Lib\site-packa
ges\django\db\backends\utils.py", line 79, in execute
    return self._execute_with_wrappers(
           ~~~~~~~~~~~~~~~~~~~~~~~~~~~^
        sql, params, many=False, executor=self._execute
        ^^^^^^^^^^^^^^^^^^^^^^^^^^^^^^^^^^^^^^^^^^^^^^^
    )
    ^
  File "D:\Desktop\web dev\django\personalFinanceEnv\Lib\site-packa
ges\django\db\backends\utils.py", line 92, in 
_execute_with_wrappers
    return executor(sql, params, many, context)
  File "D:\Desktop\web dev\django\personalFinanceEnv\Lib\site-packa
ges\django\db\backends\utils.py", line 100, in _execute
    with self.db.wrap_database_errors:
         ^^^^^^^^^^^^^^^^^^^^^^^^^^^^
  File "D:\Desktop\web dev\django\personalFinanceEnv\Lib\site-packa
ges\django\db\utils.py", line 94, in __exit__
    raise dj_exc_value.with_traceback(traceback) from exc_value
  File "D:\Desktop\web dev\django\personalFinanceEnv\Lib\site-packa
ges\django\db\backends\utils.py", line 105, in _execute
    return self.cursor.execute(sql, params)
           ~~~~~~~~~~~~~~~~~~~^^^^^^^^^^^^^
  File "D:\Desktop\web dev\django\personalFinanceEnv\Lib\site-packa
ges\django\db\backends\sqlite3\base.py", line 359, in execute
    return super().execute(query, params)
           ~~~~~~~~~~~~~~~^^^^^^^^^^^^^^^
django.db.utils.OperationalError: database table is locked: 
auth_user
ok
test_metrics_populated (ai_pipeline.tests.test_orchestrator.Orchest
ratorTest.test_metrics_populated) ... AI pipeline failed for user 1
Traceback (most recent call last):
  File "D:\Desktop\web dev\django\personalFinanceEnv\Lib\site-packa
ges\django\db\backends\utils.py", line 105, in _execute
    return self.cursor.execute(sql, params)
           ~~~~~~~~~~~~~~~~~~~^^^^^^^^^^^^^
  File "D:\Desktop\web dev\django\personalFinanceEnv\Lib\site-packa
ges\django\db\backends\sqlite3\base.py", line 359, in execute
    return super().execute(query, params)
           ~~~~~~~~~~~~~~~^^^^^^^^^^^^^^^
sqlite3.OperationalError: database table is locked: auth_user

The above exception was the direct cause of the following 
exception:

Traceback (most recent call last):
  File "D:\Desktop\web dev\django\financeproject\core\signals.py", 
line 17, in _run_pipeline
    result = generate_insights_for_user(user_id)
  File "D:\Desktop\web 
dev\django\financeproject\ai_pipeline\insights.py", line 47, in 
generate_insights_for_user
    user = User.objects.get(pk=user_id)
  File "D:\Desktop\web dev\django\personalFinanceEnv\Lib\site-packa
ges\django\db\models\manager.py", line 87, in manager_method
    return getattr(self.get_queryset(), name)(*args, **kwargs)
           ~~~~~~~~~~~~~~~~~~~~~~~~~~~~~~~~~~^^^^^^^^^^^^^^^^^
  File "D:\Desktop\web dev\django\personalFinanceEnv\Lib\site-packa
ges\django\db\models\query.py", line 635, in get
    num = len(clone)
  File "D:\Desktop\web dev\django\personalFinanceEnv\Lib\site-packa
ges\django\db\models\query.py", line 372, in __len__
    self._fetch_all()
    ~~~~~~~~~~~~~~~^^
  File "D:\Desktop\web dev\django\personalFinanceEnv\Lib\site-packa
ges\django\db\models\query.py", line 2000, in _fetch_all
    self._result_cache = list(self._iterable_class(self))
                         ~~~~^^^^^^^^^^^^^^^^^^^^^^^^^^^^
  File "D:\Desktop\web dev\django\personalFinanceEnv\Lib\site-packa
ges\django\db\models\query.py", line 95, in __iter__
    results = compiler.execute_sql(
        chunked_fetch=self.chunked_fetch, 
chunk_size=self.chunk_size
    )
  File "D:\Desktop\web dev\django\personalFinanceEnv\Lib\site-packa
ges\django\db\models\sql\compiler.py", line 1624, in execute_sql
    cursor.execute(sql, params)
    ~~~~~~~~~~~~~~^^^^^^^^^^^^^
  File "D:\Desktop\web dev\django\personalFinanceEnv\Lib\site-packa
ges\django\db\backends\utils.py", line 79, in execute
    return self._execute_with_wrappers(
           ~~~~~~~~~~~~~~~~~~~~~~~~~~~^
        sql, params, many=False, executor=self._execute
        ^^^^^^^^^^^^^^^^^^^^^^^^^^^^^^^^^^^^^^^^^^^^^^^
    )
    ^
  File "D:\Desktop\web dev\django\personalFinanceEnv\Lib\site-packa
ges\django\db\backends\utils.py", line 92, in 
_execute_with_wrappers
    return executor(sql, params, many, context)
  File "D:\Desktop\web dev\django\personalFinanceEnv\Lib\site-packa
ges\django\db\backends\utils.py", line 100, in _execute
    with self.db.wrap_database_errors:
         ^^^^^^^^^^^^^^^^^^^^^^^^^^^^
  File "D:\Desktop\web dev\django\personalFinanceEnv\Lib\site-packa
ges\django\db\utils.py", line 94, in __exit__
    raise dj_exc_value.with_traceback(traceback) from exc_value
  File "D:\Desktop\web dev\django\personalFinanceEnv\Lib\site-packa
ges\django\db\backends\utils.py", line 105, in _execute
    return self.cursor.execute(sql, params)
           ~~~~~~~~~~~~~~~~~~~^^^^^^^^^^^^^
  File "D:\Desktop\web dev\django\personalFinanceEnv\Lib\site-packa
ges\django\db\backends\sqlite3\base.py", line 359, in execute
    return super().execute(query, params)
           ~~~~~~~~~~~~~~~^^^^^^^^^^^^^^^
django.db.utils.OperationalError: database table is locked: 
auth_user
ok
test_no_transactions (ai_pipeline.tests.test_orchestrator.Orchestra
torTest.test_no_transactions) ... AI pipeline failed for user 1
Traceback (most recent call last):
  File "D:\Desktop\web dev\django\personalFinanceEnv\Lib\site-packa
ges\django\db\backends\utils.py", line 105, in _execute
    return self.cursor.execute(sql, params)
           ~~~~~~~~~~~~~~~~~~~^^^^^^^^^^^^^
  File "D:\Desktop\web dev\django\personalFinanceEnv\Lib\site-packa
ges\django\db\backends\sqlite3\base.py", line 359, in execute
    return super().execute(query, params)
           ~~~~~~~~~~~~~~~^^^^^^^^^^^^^^^
sqlite3.OperationalError: database table is locked: auth_user

The above exception was the direct cause of the following 
exception:

Traceback (most recent call last):
  File "D:\Desktop\web dev\django\financeproject\core\signals.py", 
line 17, in _run_pipeline
    result = generate_insights_for_user(user_id)
  File "D:\Desktop\web 
dev\django\financeproject\ai_pipeline\insights.py", line 47, in 
generate_insights_for_user
    user = User.objects.get(pk=user_id)
  File "D:\Desktop\web dev\django\personalFinanceEnv\Lib\site-packa
ges\django\db\models\manager.py", line 87, in manager_method
    return getattr(self.get_queryset(), name)(*args, **kwargs)
           ~~~~~~~~~~~~~~~~~~~~~~~~~~~~~~~~~~^^^^^^^^^^^^^^^^^
  File "D:\Desktop\web dev\django\personalFinanceEnv\Lib\site-packa
ges\django\db\models\query.py", line 635, in get
    num = len(clone)
  File "D:\Desktop\web dev\django\personalFinanceEnv\Lib\site-packa
ges\django\db\models\query.py", line 372, in __len__
    self._fetch_all()
    ~~~~~~~~~~~~~~~^^
  File "D:\Desktop\web dev\django\personalFinanceEnv\Lib\site-packa
ges\django\db\models\query.py", line 2000, in _fetch_all
    self._result_cache = list(self._iterable_class(self))
                         ~~~~^^^^^^^^^^^^^^^^^^^^^^^^^^^^
  File "D:\Desktop\web dev\django\personalFinanceEnv\Lib\site-packa
ges\django\db\models\query.py", line 95, in __iter__
    results = compiler.execute_sql(
        chunked_fetch=self.chunked_fetch, 
chunk_size=self.chunk_size
    )
  File "D:\Desktop\web dev\django\personalFinanceEnv\Lib\site-packa
ges\django\db\models\sql\compiler.py", line 1624, in execute_sql
    cursor.execute(sql, params)
    ~~~~~~~~~~~~~~^^^^^^^^^^^^^
  File "D:\Desktop\web dev\django\personalFinanceEnv\Lib\site-packa
ges\django\db\backends\utils.py", line 79, in execute
    return self._execute_with_wrappers(
           ~~~~~~~~~~~~~~~~~~~~~~~~~~~^
        sql, params, many=False, executor=self._execute
        ^^^^^^^^^^^^^^^^^^^^^^^^^^^^^^^^^^^^^^^^^^^^^^^
    )
    ^
  File "D:\Desktop\web dev\django\personalFinanceEnv\Lib\site-packa
ges\django\db\backends\utils.py", line 92, in 
_execute_with_wrappers
    return executor(sql, params, many, context)
  File "D:\Desktop\web dev\django\personalFinanceEnv\Lib\site-packa
ges\django\db\backends\utils.py", line 100, in _execute
    with self.db.wrap_database_errors:
         ^^^^^^^^^^^^^^^^^^^^^^^^^^^^
  File "D:\Desktop\web dev\django\personalFinanceEnv\Lib\site-packa
ges\django\db\utils.py", line 94, in __exit__
    raise dj_exc_value.with_traceback(traceback) from exc_value
  File "D:\Desktop\web dev\django\personalFinanceEnv\Lib\site-packa
ges\django\db\backends\utils.py", line 105, in _execute
    return self.cursor.execute(sql, params)
           ~~~~~~~~~~~~~~~~~~~^^^^^^^^^^^^^
  File "D:\Desktop\web dev\django\personalFinanceEnv\Lib\site-packa
ges\django\db\backends\sqlite3\base.py", line 359, in execute
    return super().execute(query, params)
           ~~~~~~~~~~~~~~~^^^^^^^^^^^^^^^
django.db.utils.OperationalError: database table is locked: 
auth_user
AI pipeline failed for user 1
Traceback (most recent call last):
  File "D:\Desktop\web dev\django\personalFinanceEnv\Lib\site-packa
ges\django\db\backends\utils.py", line 105, in _execute
    return self.cursor.execute(sql, params)
           ~~~~~~~~~~~~~~~~~~~^^^^^^^^^^^^^
  File "D:\Desktop\web dev\django\personalFinanceEnv\Lib\site-packa
ges\django\db\backends\sqlite3\base.py", line 359, in execute
    return super().execute(query, params)
           ~~~~~~~~~~~~~~~^^^^^^^^^^^^^^^
sqlite3.OperationalError: database table is locked: auth_user

The above exception was the direct cause of the following 
exception:

Traceback (most recent call last):
  File "D:\Desktop\web dev\django\financeproject\core\signals.py", 
line 17, in _run_pipeline
    result = generate_insights_for_user(user_id)
  File "D:\Desktop\web 
dev\django\financeproject\ai_pipeline\insights.py", line 47, in 
generate_insights_for_user
    user = User.objects.get(pk=user_id)
  File "D:\Desktop\web dev\django\personalFinanceEnv\Lib\site-packa
ges\django\db\models\manager.py", line 87, in manager_method
    return getattr(self.get_queryset(), name)(*args, **kwargs)
           ~~~~~~~~~~~~~~~~~~~~~~~~~~~~~~~~~~^^^^^^^^^^^^^^^^^
  File "D:\Desktop\web dev\django\personalFinanceEnv\Lib\site-packa
ges\django\db\models\query.py", line 635, in get
    num = len(clone)
  File "D:\Desktop\web dev\django\personalFinanceEnv\Lib\site-packa
ges\django\db\models\query.py", line 372, in __len__
    self._fetch_all()
    ~~~~~~~~~~~~~~~^^
  File "D:\Desktop\web dev\django\personalFinanceEnv\Lib\site-packa
ges\django\db\models\query.py", line 2000, in _fetch_all
    self._result_cache = list(self._iterable_class(self))
                         ~~~~^^^^^^^^^^^^^^^^^^^^^^^^^^^^
  File "D:\Desktop\web dev\django\personalFinanceEnv\Lib\site-packa
ges\django\db\models\query.py", line 95, in __iter__
    results = compiler.execute_sql(
        chunked_fetch=self.chunked_fetch, 
chunk_size=self.chunk_size
    )
  File "D:\Desktop\web dev\django\personalFinanceEnv\Lib\site-packa
ges\django\db\models\sql\compiler.py", line 1624, in execute_sql
    cursor.execute(sql, params)
    ~~~~~~~~~~~~~~^^^^^^^^^^^^^
  File "D:\Desktop\web dev\django\personalFinanceEnv\Lib\site-packa
ges\django\db\backends\utils.py", line 79, in execute
    return self._execute_with_wrappers(
           ~~~~~~~~~~~~~~~~~~~~~~~~~~~^
        sql, params, many=False, executor=self._execute
        ^^^^^^^^^^^^^^^^^^^^^^^^^^^^^^^^^^^^^^^^^^^^^^^
    )
    ^
  File "D:\Desktop\web dev\django\personalFinanceEnv\Lib\site-packa
ges\django\db\backends\utils.py", line 92, in 
_execute_with_wrappers
    return executor(sql, params, many, context)
  File "D:\Desktop\web dev\django\personalFinanceEnv\Lib\site-packa
ges\django\db\backends\utils.py", line 100, in _execute
    with self.db.wrap_database_errors:
         ^^^^^^^^^^^^^^^^^^^^^^^^^^^^
  File "D:\Desktop\web dev\django\personalFinanceEnv\Lib\site-packa
ges\django\db\utils.py", line 94, in __exit__
    raise dj_exc_value.with_traceback(traceback) from exc_value
  File "D:\Desktop\web dev\django\personalFinanceEnv\Lib\site-packa
ges\django\db\backends\utils.py", line 105, in _execute
    return self.cursor.execute(sql, params)
           ~~~~~~~~~~~~~~~~~~~^^^^^^^^^^^^^
  File "D:\Desktop\web dev\django\personalFinanceEnv\Lib\site-packa
ges\django\db\backends\sqlite3\base.py", line 359, in execute
    return super().execute(query, params)
           ~~~~~~~~~~~~~~~^^^^^^^^^^^^^^^
django.db.utils.OperationalError: database table is locked: 
auth_user
AI pipeline failed for user 1
Traceback (most recent call last):
  File "D:\Desktop\web dev\django\personalFinanceEnv\Lib\site-packa
ges\django\db\backends\utils.py", line 105, in _execute
    return self.cursor.execute(sql, params)
           ~~~~~~~~~~~~~~~~~~~^^^^^^^^^^^^^
  File "D:\Desktop\web dev\django\personalFinanceEnv\Lib\site-packa
ges\django\db\backends\sqlite3\base.py", line 359, in execute
    return super().execute(query, params)
           ~~~~~~~~~~~~~~~^^^^^^^^^^^^^^^
sqlite3.OperationalError: database table is locked: auth_user

The above exception was the direct cause of the following 
exception:

Traceback (most recent call last):
  File "D:\Desktop\web dev\django\financeproject\core\signals.py", 
line 17, in _run_pipeline
    result = generate_insights_for_user(user_id)
  File "D:\Desktop\web 
dev\django\financeproject\ai_pipeline\insights.py", line 47, in 
generate_insights_for_user
    user = User.objects.get(pk=user_id)
  File "D:\Desktop\web dev\django\personalFinanceEnv\Lib\site-packa
ges\django\db\models\manager.py", line 87, in manager_method
    return getattr(self.get_queryset(), name)(*args, **kwargs)
           ~~~~~~~~~~~~~~~~~~~~~~~~~~~~~~~~~~^^^^^^^^^^^^^^^^^
  File "D:\Desktop\web dev\django\personalFinanceEnv\Lib\site-packa
ges\django\db\models\query.py", line 635, in get
    num = len(clone)
  File "D:\Desktop\web dev\django\personalFinanceEnv\Lib\site-packa
ges\django\db\models\query.py", line 372, in __len__
    self._fetch_all()
    ~~~~~~~~~~~~~~~^^
  File "D:\Desktop\web dev\django\personalFinanceEnv\Lib\site-packa
ges\django\db\models\query.py", line 2000, in _fetch_all
    self._result_cache = list(self._iterable_class(self))
                         ~~~~^^^^^^^^^^^^^^^^^^^^^^^^^^^^
  File "D:\Desktop\web dev\django\personalFinanceEnv\Lib\site-packa
ges\django\db\models\query.py", line 95, in __iter__
    results = compiler.execute_sql(
        chunked_fetch=self.chunked_fetch, 
chunk_size=self.chunk_size
    )
  File "D:\Desktop\web dev\django\personalFinanceEnv\Lib\site-packa
ges\django\db\models\sql\compiler.py", line 1624, in execute_sql
    cursor.execute(sql, params)
    ~~~~~~~~~~~~~~^^^^^^^^^^^^^
  File "D:\Desktop\web dev\django\personalFinanceEnv\Lib\site-packa
ges\django\db\backends\utils.py", line 79, in execute
    return self._execute_with_wrappers(
           ~~~~~~~~~~~~~~~~~~~~~~~~~~~^
        sql, params, many=False, executor=self._execute
        ^^^^^^^^^^^^^^^^^^^^^^^^^^^^^^^^^^^^^^^^^^^^^^^
    )
    ^
  File "D:\Desktop\web dev\django\personalFinanceEnv\Lib\site-packa
ges\django\db\backends\utils.py", line 92, in 
_execute_with_wrappers
    return executor(sql, params, many, context)
  File "D:\Desktop\web dev\django\personalFinanceEnv\Lib\site-packa
ges\django\db\backends\utils.py", line 100, in _execute
    with self.db.wrap_database_errors:
         ^^^^^^^^^^^^^^^^^^^^^^^^^^^^
  File "D:\Desktop\web dev\django\personalFinanceEnv\Lib\site-packa
ges\django\db\utils.py", line 94, in __exit__
    raise dj_exc_value.with_traceback(traceback) from exc_value
  File "D:\Desktop\web dev\django\personalFinanceEnv\Lib\site-packa
ges\django\db\backends\utils.py", line 105, in _execute
    return self.cursor.execute(sql, params)
           ~~~~~~~~~~~~~~~~~~~^^^^^^^^^^^^^
  File "D:\Desktop\web dev\django\personalFinanceEnv\Lib\site-packa
ges\django\db\backends\sqlite3\base.py", line 359, in execute
    return super().execute(query, params)
           ~~~~~~~~~~~~~~~^^^^^^^^^^^^^^^
django.db.utils.OperationalError: database table is locked: 
auth_user
AI pipeline failed for user 1
Traceback (most recent call last):
  File "D:\Desktop\web dev\django\personalFinanceEnv\Lib\site-packa
ges\django\db\backends\utils.py", line 105, in _execute
    return self.cursor.execute(sql, params)
           ~~~~~~~~~~~~~~~~~~~^^^^^^^^^^^^^
  File "D:\Desktop\web dev\django\personalFinanceEnv\Lib\site-packa
ges\django\db\backends\sqlite3\base.py", line 359, in execute
    return super().execute(query, params)
           ~~~~~~~~~~~~~~~^^^^^^^^^^^^^^^
sqlite3.OperationalError: database table is locked: auth_user

The above exception was the direct cause of the following 
exception:

Traceback (most recent call last):
  File "D:\Desktop\web dev\django\financeproject\core\signals.py", 
line 17, in _run_pipeline
    result = generate_insights_for_user(user_id)
  File "D:\Desktop\web 
dev\django\financeproject\ai_pipeline\insights.py", line 47, in 
generate_insights_for_user
    user = User.objects.get(pk=user_id)
  File "D:\Desktop\web dev\django\personalFinanceEnv\Lib\site-packa
ges\django\db\models\manager.py", line 87, in manager_method
    return getattr(self.get_queryset(), name)(*args, **kwargs)
           ~~~~~~~~~~~~~~~~~~~~~~~~~~~~~~~~~~^^^^^^^^^^^^^^^^^
  File "D:\Desktop\web dev\django\personalFinanceEnv\Lib\site-packa
ges\django\db\models\query.py", line 635, in get
    num = len(clone)
  File "D:\Desktop\web dev\django\personalFinanceEnv\Lib\site-packa
ges\django\db\models\query.py", line 372, in __len__
    self._fetch_all()
    ~~~~~~~~~~~~~~~^^
  File "D:\Desktop\web dev\django\personalFinanceEnv\Lib\site-packa
ges\django\db\models\query.py", line 2000, in _fetch_all
    self._result_cache = list(self._iterable_class(self))
                         ~~~~^^^^^^^^^^^^^^^^^^^^^^^^^^^^
  File "D:\Desktop\web dev\django\personalFinanceEnv\Lib\site-packa
ges\django\db\models\query.py", line 95, in __iter__
    results = compiler.execute_sql(
        chunked_fetch=self.chunked_fetch, 
chunk_size=self.chunk_size
    )
  File "D:\Desktop\web dev\django\personalFinanceEnv\Lib\site-packa
ges\django\db\models\sql\compiler.py", line 1624, in execute_sql
    cursor.execute(sql, params)
    ~~~~~~~~~~~~~~^^^^^^^^^^^^^
  File "D:\Desktop\web dev\django\personalFinanceEnv\Lib\site-packa
ges\django\db\backends\utils.py", line 79, in execute
    return self._execute_with_wrappers(
           ~~~~~~~~~~~~~~~~~~~~~~~~~~~^
        sql, params, many=False, executor=self._execute
        ^^^^^^^^^^^^^^^^^^^^^^^^^^^^^^^^^^^^^^^^^^^^^^^
    )
    ^
  File "D:\Desktop\web dev\django\personalFinanceEnv\Lib\site-packa
ges\django\db\backends\utils.py", line 92, in 
_execute_with_wrappers
    return executor(sql, params, many, context)
  File "D:\Desktop\web dev\django\personalFinanceEnv\Lib\site-packa
ges\django\db\backends\utils.py", line 100, in _execute
    with self.db.wrap_database_errors:
         ^^^^^^^^^^^^^^^^^^^^^^^^^^^^
  File "D:\Desktop\web dev\django\personalFinanceEnv\Lib\site-packa
ges\django\db\utils.py", line 94, in __exit__
    raise dj_exc_value.with_traceback(traceback) from exc_value
  File "D:\Desktop\web dev\django\personalFinanceEnv\Lib\site-packa
ges\django\db\backends\utils.py", line 105, in _execute
    return self.cursor.execute(sql, params)
           ~~~~~~~~~~~~~~~~~~~^^^^^^^^^^^^^
  File "D:\Desktop\web dev\django\personalFinanceEnv\Lib\site-packa
ges\django\db\backends\sqlite3\base.py", line 359, in execute
    return super().execute(query, params)
           ~~~~~~~~~~~~~~~^^^^^^^^^^^^^^^
django.db.utils.OperationalError: database table is locked: 
auth_user
AI pipeline failed for user 1
Traceback (most recent call last):
  File "D:\Desktop\web dev\django\personalFinanceEnv\Lib\site-packa
ges\django\db\backends\utils.py", line 105, in _execute
    return self.cursor.execute(sql, params)
           ~~~~~~~~~~~~~~~~~~~^^^^^^^^^^^^^
  File "D:\Desktop\web dev\django\personalFinanceEnv\Lib\site-packa
ges\django\db\backends\sqlite3\base.py", line 359, in execute
    return super().execute(query, params)
           ~~~~~~~~~~~~~~~^^^^^^^^^^^^^^^
sqlite3.OperationalError: database table is locked: auth_user

The above exception was the direct cause of the following 
exception:

Traceback (most recent call last):
  File "D:\Desktop\web dev\django\financeproject\core\signals.py", 
line 17, in _run_pipeline
    result = generate_insights_for_user(user_id)
  File "D:\Desktop\web 
dev\django\financeproject\ai_pipeline\insights.py", line 47, in 
generate_insights_for_user
    user = User.objects.get(pk=user_id)
  File "D:\Desktop\web dev\django\personalFinanceEnv\Lib\site-packa
ges\django\db\models\manager.py", line 87, in manager_method
    return getattr(self.get_queryset(), name)(*args, **kwargs)
           ~~~~~~~~~~~~~~~~~~~~~~~~~~~~~~~~~~^^^^^^^^^^^^^^^^^
  File "D:\Desktop\web dev\django\personalFinanceEnv\Lib\site-packa
ges\django\db\models\query.py", line 635, in get
    num = len(clone)
  File "D:\Desktop\web dev\django\personalFinanceEnv\Lib\site-packa
ges\django\db\models\query.py", line 372, in __len__
    self._fetch_all()
    ~~~~~~~~~~~~~~~^^
  File "D:\Desktop\web dev\django\personalFinanceEnv\Lib\site-packa
ges\django\db\models\query.py", line 2000, in _fetch_all
    self._result_cache = list(self._iterable_class(self))
                         ~~~~^^^^^^^^^^^^^^^^^^^^^^^^^^^^
  File "D:\Desktop\web dev\django\personalFinanceEnv\Lib\site-packa
ges\django\db\models\query.py", line 95, in __iter__
    results = compiler.execute_sql(
        chunked_fetch=self.chunked_fetch, 
chunk_size=self.chunk_size
    )
  File "D:\Desktop\web dev\django\personalFinanceEnv\Lib\site-packa
ges\django\db\models\sql\compiler.py", line 1624, in execute_sql
    cursor.execute(sql, params)
    ~~~~~~~~~~~~~~^^^^^^^^^^^^^
  File "D:\Desktop\web dev\django\personalFinanceEnv\Lib\site-packa
ges\django\db\backends\utils.py", line 79, in execute
    return self._execute_with_wrappers(
           ~~~~~~~~~~~~~~~~~~~~~~~~~~~^
        sql, params, many=False, executor=self._execute
        ^^^^^^^^^^^^^^^^^^^^^^^^^^^^^^^^^^^^^^^^^^^^^^^
    )
    ^
  File "D:\Desktop\web dev\django\personalFinanceEnv\Lib\site-packa
ges\django\db\backends\utils.py", line 92, in 
_execute_with_wrappers
    return executor(sql, params, many, context)
  File "D:\Desktop\web dev\django\personalFinanceEnv\Lib\site-packa
ges\django\db\backends\utils.py", line 100, in _execute
    with self.db.wrap_database_errors:
         ^^^^^^^^^^^^^^^^^^^^^^^^^^^^
  File "D:\Desktop\web dev\django\personalFinanceEnv\Lib\site-packa
ges\django\db\utils.py", line 94, in __exit__
    raise dj_exc_value.with_traceback(traceback) from exc_value
  File "D:\Desktop\web dev\django\personalFinanceEnv\Lib\site-packa
ges\django\db\backends\utils.py", line 105, in _execute
    return self.cursor.execute(sql, params)
           ~~~~~~~~~~~~~~~~~~~^^^^^^^^^^^^^
  File "D:\Desktop\web dev\django\personalFinanceEnv\Lib\site-packa
ges\django\db\backends\sqlite3\base.py", line 359, in execute
    return super().execute(query, params)
           ~~~~~~~~~~~~~~~^^^^^^^^^^^^^^^
django.db.utils.OperationalError: database table is locked: 
auth_user
AI pipeline failed for user 1
Traceback (most recent call last):
  File "D:\Desktop\web dev\django\personalFinanceEnv\Lib\site-packa
ges\django\db\backends\utils.py", line 105, in _execute
    return self.cursor.execute(sql, params)
           ~~~~~~~~~~~~~~~~~~~^^^^^^^^^^^^^
  File "D:\Desktop\web dev\django\personalFinanceEnv\Lib\site-packa
ges\django\db\backends\sqlite3\base.py", line 359, in execute
    return super().execute(query, params)
           ~~~~~~~~~~~~~~~^^^^^^^^^^^^^^^
sqlite3.OperationalError: database table is locked: auth_user

The above exception was the direct cause of the following 
exception:

Traceback (most recent call last):
  File "D:\Desktop\web dev\django\financeproject\core\signals.py", 
line 17, in _run_pipeline
    result = generate_insights_for_user(user_id)
  File "D:\Desktop\web 
dev\django\financeproject\ai_pipeline\insights.py", line 47, in 
generate_insights_for_user
    user = User.objects.get(pk=user_id)
  File "D:\Desktop\web dev\django\personalFinanceEnv\Lib\site-packa
ges\django\db\models\manager.py", line 87, in manager_method
    return getattr(self.get_queryset(), name)(*args, **kwargs)
           ~~~~~~~~~~~~~~~~~~~~~~~~~~~~~~~~~~^^^^^^^^^^^^^^^^^
  File "D:\Desktop\web dev\django\personalFinanceEnv\Lib\site-packa
ges\django\db\models\query.py", line 635, in get
    num = len(clone)
  File "D:\Desktop\web dev\django\personalFinanceEnv\Lib\site-packa
ges\django\db\models\query.py", line 372, in __len__
    self._fetch_all()
    ~~~~~~~~~~~~~~~^^
  File "D:\Desktop\web dev\django\personalFinanceEnv\Lib\site-packa
ges\django\db\models\query.py", line 2000, in _fetch_all
    self._result_cache = list(self._iterable_class(self))
                         ~~~~^^^^^^^^^^^^^^^^^^^^^^^^^^^^
  File "D:\Desktop\web dev\django\personalFinanceEnv\Lib\site-packa
ges\django\db\models\query.py", line 95, in __iter__
    results = compiler.execute_sql(
        chunked_fetch=self.chunked_fetch, 
chunk_size=self.chunk_size
    )
  File "D:\Desktop\web dev\django\personalFinanceEnv\Lib\site-packa
ges\django\db\models\sql\compiler.py", line 1624, in execute_sql
    cursor.execute(sql, params)
    ~~~~~~~~~~~~~~^^^^^^^^^^^^^
  File "D:\Desktop\web dev\django\personalFinanceEnv\Lib\site-packa
ges\django\db\backends\utils.py", line 79, in execute
    return self._execute_with_wrappers(
           ~~~~~~~~~~~~~~~~~~~~~~~~~~~^
        sql, params, many=False, executor=self._execute
        ^^^^^^^^^^^^^^^^^^^^^^^^^^^^^^^^^^^^^^^^^^^^^^^
    )
    ^
  File "D:\Desktop\web dev\django\personalFinanceEnv\Lib\site-packa
ges\django\db\backends\utils.py", line 92, in 
_execute_with_wrappers
    return executor(sql, params, many, context)
  File "D:\Desktop\web dev\django\personalFinanceEnv\Lib\site-packa
ges\django\db\backends\utils.py", line 100, in _execute
    with self.db.wrap_database_errors:
         ^^^^^^^^^^^^^^^^^^^^^^^^^^^^
  File "D:\Desktop\web dev\django\personalFinanceEnv\Lib\site-packa
ges\django\db\utils.py", line 94, in __exit__
    raise dj_exc_value.with_traceback(traceback) from exc_value
  File "D:\Desktop\web dev\django\personalFinanceEnv\Lib\site-packa
ges\django\db\backends\utils.py", line 105, in _execute
    return self.cursor.execute(sql, params)
           ~~~~~~~~~~~~~~~~~~~^^^^^^^^^^^^^
  File "D:\Desktop\web dev\django\personalFinanceEnv\Lib\site-packa
ges\django\db\backends\sqlite3\base.py", line 359, in execute
    return super().execute(query, params)
           ~~~~~~~~~~~~~~~^^^^^^^^^^^^^^^
django.db.utils.OperationalError: database table is locked: 
auth_user
AI pipeline failed for user 1
Traceback (most recent call last):
  File "D:\Desktop\web dev\django\personalFinanceEnv\Lib\site-packa
ges\django\db\backends\utils.py", line 105, in _execute
    return self.cursor.execute(sql, params)
           ~~~~~~~~~~~~~~~~~~~^^^^^^^^^^^^^
  File "D:\Desktop\web dev\django\personalFinanceEnv\Lib\site-packa
ges\django\db\backends\sqlite3\base.py", line 359, in execute
    return super().execute(query, params)
           ~~~~~~~~~~~~~~~^^^^^^^^^^^^^^^
sqlite3.OperationalError: database table is locked: auth_user

The above exception was the direct cause of the following 
exception:

Traceback (most recent call last):
  File "D:\Desktop\web dev\django\financeproject\core\signals.py", 
line 17, in _run_pipeline
    result = generate_insights_for_user(user_id)
  File "D:\Desktop\web 
dev\django\financeproject\ai_pipeline\insights.py", line 47, in 
generate_insights_for_user
    user = User.objects.get(pk=user_id)
  File "D:\Desktop\web dev\django\personalFinanceEnv\Lib\site-packa
ges\django\db\models\manager.py", line 87, in manager_method
    return getattr(self.get_queryset(), name)(*args, **kwargs)
           ~~~~~~~~~~~~~~~~~~~~~~~~~~~~~~~~~~^^^^^^^^^^^^^^^^^
  File "D:\Desktop\web dev\django\personalFinanceEnv\Lib\site-packa
ges\django\db\models\query.py", line 635, in get
    num = len(clone)
  File "D:\Desktop\web dev\django\personalFinanceEnv\Lib\site-packa
ges\django\db\models\query.py", line 372, in __len__
    self._fetch_all()
    ~~~~~~~~~~~~~~~^^
  File "D:\Desktop\web dev\django\personalFinanceEnv\Lib\site-packa
ges\django\db\models\query.py", line 2000, in _fetch_all
    self._result_cache = list(self._iterable_class(self))
                         ~~~~^^^^^^^^^^^^^^^^^^^^^^^^^^^^
  File "D:\Desktop\web dev\django\personalFinanceEnv\Lib\site-packa
ges\django\db\models\query.py", line 95, in __iter__
    results = compiler.execute_sql(
        chunked_fetch=self.chunked_fetch, 
chunk_size=self.chunk_size
    )
  File "D:\Desktop\web dev\django\personalFinanceEnv\Lib\site-packa
ges\django\db\models\sql\compiler.py", line 1624, in execute_sql
    cursor.execute(sql, params)
    ~~~~~~~~~~~~~~^^^^^^^^^^^^^
  File "D:\Desktop\web dev\django\personalFinanceEnv\Lib\site-packa
ges\django\db\backends\utils.py", line 79, in execute
    return self._execute_with_wrappers(
           ~~~~~~~~~~~~~~~~~~~~~~~~~~~^
        sql, params, many=False, executor=self._execute
        ^^^^^^^^^^^^^^^^^^^^^^^^^^^^^^^^^^^^^^^^^^^^^^^
    )
    ^
  File "D:\Desktop\web dev\django\personalFinanceEnv\Lib\site-packa
ges\django\db\backends\utils.py", line 92, in 
_execute_with_wrappers
    return executor(sql, params, many, context)
  File "D:\Desktop\web dev\django\personalFinanceEnv\Lib\site-packa
ges\django\db\backends\utils.py", line 100, in _execute
    with self.db.wrap_database_errors:
         ^^^^^^^^^^^^^^^^^^^^^^^^^^^^
  File "D:\Desktop\web dev\django\personalFinanceEnv\Lib\site-packa
ges\django\db\utils.py", line 94, in __exit__
    raise dj_exc_value.with_traceback(traceback) from exc_value
  File "D:\Desktop\web dev\django\personalFinanceEnv\Lib\site-packa
ges\django\db\backends\utils.py", line 105, in _execute
    return self.cursor.execute(sql, params)
           ~~~~~~~~~~~~~~~~~~~^^^^^^^^^^^^^
  File "D:\Desktop\web dev\django\personalFinanceEnv\Lib\site-packa
ges\django\db\backends\sqlite3\base.py", line 359, in execute
    return super().execute(query, params)
           ~~~~~~~~~~~~~~~^^^^^^^^^^^^^^^
django.db.utils.OperationalError: database table is locked: 
auth_user
AI pipeline failed for user 1
Traceback (most recent call last):
  File "D:\Desktop\web dev\django\personalFinanceEnv\Lib\site-packa
ges\django\db\backends\utils.py", line 105, in _execute
    return self.cursor.execute(sql, params)
           ~~~~~~~~~~~~~~~~~~~^^^^^^^^^^^^^
  File "D:\Desktop\web dev\django\personalFinanceEnv\Lib\site-packa
ges\django\db\backends\sqlite3\base.py", line 359, in execute
    return super().execute(query, params)
           ~~~~~~~~~~~~~~~^^^^^^^^^^^^^^^
sqlite3.OperationalError: database table is locked: auth_user

The above exception was the direct cause of the following 
exception:

Traceback (most recent call last):
  File "D:\Desktop\web dev\django\financeproject\core\signals.py", 
line 17, in _run_pipeline
    result = generate_insights_for_user(user_id)
  File "D:\Desktop\web 
dev\django\financeproject\ai_pipeline\insights.py", line 47, in 
generate_insights_for_user
    user = User.objects.get(pk=user_id)
  File "D:\Desktop\web dev\django\personalFinanceEnv\Lib\site-packa
ges\django\db\models\manager.py", line 87, in manager_method
    return getattr(self.get_queryset(), name)(*args, **kwargs)
           ~~~~~~~~~~~~~~~~~~~~~~~~~~~~~~~~~~^^^^^^^^^^^^^^^^^
  File "D:\Desktop\web dev\django\personalFinanceEnv\Lib\site-packa
ges\django\db\models\query.py", line 635, in get
    num = len(clone)
  File "D:\Desktop\web dev\django\personalFinanceEnv\Lib\site-packa
ges\django\db\models\query.py", line 372, in __len__
    self._fetch_all()
    ~~~~~~~~~~~~~~~^^
  File "D:\Desktop\web dev\django\personalFinanceEnv\Lib\site-packa
ges\django\db\models\query.py", line 2000, in _fetch_all
    self._result_cache = list(self._iterable_class(self))
                         ~~~~^^^^^^^^^^^^^^^^^^^^^^^^^^^^
  File "D:\Desktop\web dev\django\personalFinanceEnv\Lib\site-packa
ges\django\db\models\query.py", line 95, in __iter__
    results = compiler.execute_sql(
        chunked_fetch=self.chunked_fetch, 
chunk_size=self.chunk_size
    )
  File "D:\Desktop\web dev\django\personalFinanceEnv\Lib\site-packa
ges\django\db\models\sql\compiler.py", line 1624, in execute_sql
    cursor.execute(sql, params)
    ~~~~~~~~~~~~~~^^^^^^^^^^^^^
  File "D:\Desktop\web dev\django\personalFinanceEnv\Lib\site-packa
ges\django\db\backends\utils.py", line 79, in execute
    return self._execute_with_wrappers(
           ~~~~~~~~~~~~~~~~~~~~~~~~~~~^
        sql, params, many=False, executor=self._execute
        ^^^^^^^^^^^^^^^^^^^^^^^^^^^^^^^^^^^^^^^^^^^^^^^
    )
    ^
  File "D:\Desktop\web dev\django\personalFinanceEnv\Lib\site-packa
ges\django\db\backends\utils.py", line 92, in 
_execute_with_wrappers
    return executor(sql, params, many, context)
  File "D:\Desktop\web dev\django\personalFinanceEnv\Lib\site-packa
ges\django\db\backends\utils.py", line 100, in _execute
    with self.db.wrap_database_errors:
         ^^^^^^^^^^^^^^^^^^^^^^^^^^^^
  File "D:\Desktop\web dev\django\personalFinanceEnv\Lib\site-packa
ges\django\db\utils.py", line 94, in __exit__
    raise dj_exc_value.with_traceback(traceback) from exc_value
  File "D:\Desktop\web dev\django\personalFinanceEnv\Lib\site-packa
ges\django\db\backends\utils.py", line 105, in _execute
    return self.cursor.execute(sql, params)
           ~~~~~~~~~~~~~~~~~~~^^^^^^^^^^^^^
  File "D:\Desktop\web dev\django\personalFinanceEnv\Lib\site-packa
ges\django\db\backends\sqlite3\base.py", line 359, in execute
    return super().execute(query, params)
           ~~~~~~~~~~~~~~~^^^^^^^^^^^^^^^
django.db.utils.OperationalError: database table is locked: 
auth_user
AI pipeline failed for user 1
Traceback (most recent call last):
  File "D:\Desktop\web dev\django\personalFinanceEnv\Lib\site-packa
ges\django\db\backends\utils.py", line 105, in _execute
    return self.cursor.execute(sql, params)
           ~~~~~~~~~~~~~~~~~~~^^^^^^^^^^^^^
  File "D:\Desktop\web dev\django\personalFinanceEnv\Lib\site-packa
ges\django\db\backends\sqlite3\base.py", line 359, in execute
    return super().execute(query, params)
           ~~~~~~~~~~~~~~~^^^^^^^^^^^^^^^
sqlite3.OperationalError: database table is locked: auth_user

The above exception was the direct cause of the following 
exception:

Traceback (most recent call last):
  File "D:\Desktop\web dev\django\financeproject\core\signals.py", 
line 17, in _run_pipeline
    result = generate_insights_for_user(user_id)
  File "D:\Desktop\web 
dev\django\financeproject\ai_pipeline\insights.py", line 47, in 
generate_insights_for_user
    user = User.objects.get(pk=user_id)
  File "D:\Desktop\web dev\django\personalFinanceEnv\Lib\site-packa
ges\django\db\models\manager.py", line 87, in manager_method
    return getattr(self.get_queryset(), name)(*args, **kwargs)
           ~~~~~~~~~~~~~~~~~~~~~~~~~~~~~~~~~~^^^^^^^^^^^^^^^^^
  File "D:\Desktop\web dev\django\personalFinanceEnv\Lib\site-packa
ges\django\db\models\query.py", line 635, in get
    num = len(clone)
  File "D:\Desktop\web dev\django\personalFinanceEnv\Lib\site-packa
ges\django\db\models\query.py", line 372, in __len__
    self._fetch_all()
    ~~~~~~~~~~~~~~~^^
  File "D:\Desktop\web dev\django\personalFinanceEnv\Lib\site-packa
ges\django\db\models\query.py", line 2000, in _fetch_all
    self._result_cache = list(self._iterable_class(self))
                         ~~~~^^^^^^^^^^^^^^^^^^^^^^^^^^^^
  File "D:\Desktop\web dev\django\personalFinanceEnv\Lib\site-packa
ges\django\db\models\query.py", line 95, in __iter__
    results = compiler.execute_sql(
        chunked_fetch=self.chunked_fetch, 
chunk_size=self.chunk_size
    )
  File "D:\Desktop\web dev\django\personalFinanceEnv\Lib\site-packa
ges\django\db\models\sql\compiler.py", line 1624, in execute_sql
    cursor.execute(sql, params)
    ~~~~~~~~~~~~~~^^^^^^^^^^^^^
  File "D:\Desktop\web dev\django\personalFinanceEnv\Lib\site-packa
ges\django\db\backends\utils.py", line 79, in execute
    return self._execute_with_wrappers(
           ~~~~~~~~~~~~~~~~~~~~~~~~~~~^
        sql, params, many=False, executor=self._execute
        ^^^^^^^^^^^^^^^^^^^^^^^^^^^^^^^^^^^^^^^^^^^^^^^
    )
    ^
  File "D:\Desktop\web dev\django\personalFinanceEnv\Lib\site-packa
ges\django\db\backends\utils.py", line 92, in 
_execute_with_wrappers
    return executor(sql, params, many, context)
  File "D:\Desktop\web dev\django\personalFinanceEnv\Lib\site-packa
ges\django\db\backends\utils.py", line 100, in _execute
    with self.db.wrap_database_errors:
         ^^^^^^^^^^^^^^^^^^^^^^^^^^^^
  File "D:\Desktop\web dev\django\personalFinanceEnv\Lib\site-packa
ges\django\db\utils.py", line 94, in __exit__
    raise dj_exc_value.with_traceback(traceback) from exc_value
  File "D:\Desktop\web dev\django\personalFinanceEnv\Lib\site-packa
ges\django\db\backends\utils.py", line 105, in _execute
    return self.cursor.execute(sql, params)
           ~~~~~~~~~~~~~~~~~~~^^^^^^^^^^^^^
  File "D:\Desktop\web dev\django\personalFinanceEnv\Lib\site-packa
ges\django\db\backends\sqlite3\base.py", line 359, in execute
    return super().execute(query, params)
           ~~~~~~~~~~~~~~~^^^^^^^^^^^^^^^
django.db.utils.OperationalError: database table is locked: 
auth_user
AI pipeline failed for user 1
Traceback (most recent call last):
  File "D:\Desktop\web dev\django\personalFinanceEnv\Lib\site-packa
ges\django\db\backends\utils.py", line 105, in _execute
    return self.cursor.execute(sql, params)
           ~~~~~~~~~~~~~~~~~~~^^^^^^^^^^^^^
  File "D:\Desktop\web dev\django\personalFinanceEnv\Lib\site-packa
ges\django\db\backends\sqlite3\base.py", line 359, in execute
    return super().execute(query, params)
           ~~~~~~~~~~~~~~~^^^^^^^^^^^^^^^
sqlite3.OperationalError: database table is locked: auth_user

The above exception was the direct cause of the following 
exception:

Traceback (most recent call last):
  File "D:\Desktop\web dev\django\financeproject\core\signals.py", 
line 17, in _run_pipeline
    result = generate_insights_for_user(user_id)
  File "D:\Desktop\web 
dev\django\financeproject\ai_pipeline\insights.py", line 47, in 
generate_insights_for_user
    user = User.objects.get(pk=user_id)
  File "D:\Desktop\web dev\django\personalFinanceEnv\Lib\site-packa
ges\django\db\models\manager.py", line 87, in manager_method
    return getattr(self.get_queryset(), name)(*args, **kwargs)
           ~~~~~~~~~~~~~~~~~~~~~~~~~~~~~~~~~~^^^^^^^^^^^^^^^^^
  File "D:\Desktop\web dev\django\personalFinanceEnv\Lib\site-packa
ges\django\db\models\query.py", line 635, in get
    num = len(clone)
  File "D:\Desktop\web dev\django\personalFinanceEnv\Lib\site-packa
ges\django\db\models\query.py", line 372, in __len__
    self._fetch_all()
    ~~~~~~~~~~~~~~~^^
  File "D:\Desktop\web dev\django\personalFinanceEnv\Lib\site-packa
ges\django\db\models\query.py", line 2000, in _fetch_all
    self._result_cache = list(self._iterable_class(self))
                         ~~~~^^^^^^^^^^^^^^^^^^^^^^^^^^^^
  File "D:\Desktop\web dev\django\personalFinanceEnv\Lib\site-packa
ges\django\db\models\query.py", line 95, in __iter__
    results = compiler.execute_sql(
        chunked_fetch=self.chunked_fetch, 
chunk_size=self.chunk_size
    )
  File "D:\Desktop\web dev\django\personalFinanceEnv\Lib\site-packa
ges\django\db\models\sql\compiler.py", line 1624, in execute_sql
    cursor.execute(sql, params)
    ~~~~~~~~~~~~~~^^^^^^^^^^^^^
  File "D:\Desktop\web dev\django\personalFinanceEnv\Lib\site-packa
ges\django\db\backends\utils.py", line 79, in execute
    return self._execute_with_wrappers(
           ~~~~~~~~~~~~~~~~~~~~~~~~~~~^
        sql, params, many=False, executor=self._execute
        ^^^^^^^^^^^^^^^^^^^^^^^^^^^^^^^^^^^^^^^^^^^^^^^
    )
    ^
  File "D:\Desktop\web dev\django\personalFinanceEnv\Lib\site-packa
ges\django\db\backends\utils.py", line 92, in 
_execute_with_wrappers
    return executor(sql, params, many, context)
  File "D:\Desktop\web dev\django\personalFinanceEnv\Lib\site-packa
ges\django\db\backends\utils.py", line 100, in _execute
    with self.db.wrap_database_errors:
         ^^^^^^^^^^^^^^^^^^^^^^^^^^^^
  File "D:\Desktop\web dev\django\personalFinanceEnv\Lib\site-packa
ges\django\db\utils.py", line 94, in __exit__
    raise dj_exc_value.with_traceback(traceback) from exc_value
  File "D:\Desktop\web dev\django\personalFinanceEnv\Lib\site-packa
ges\django\db\backends\utils.py", line 105, in _execute
    return self.cursor.execute(sql, params)
           ~~~~~~~~~~~~~~~~~~~^^^^^^^^^^^^^
  File "D:\Desktop\web dev\django\personalFinanceEnv\Lib\site-packa
ges\django\db\backends\sqlite3\base.py", line 359, in execute
    return super().execute(query, params)
           ~~~~~~~~~~~~~~~^^^^^^^^^^^^^^^
django.db.utils.OperationalError: database table is locked: 
auth_user
AI pipeline failed for user 1
Traceback (most recent call last):
  File "D:\Desktop\web dev\django\personalFinanceEnv\Lib\site-packa
ges\django\db\backends\utils.py", line 105, in _execute
    return self.cursor.execute(sql, params)
           ~~~~~~~~~~~~~~~~~~~^^^^^^^^^^^^^
  File "D:\Desktop\web dev\django\personalFinanceEnv\Lib\site-packa
ges\django\db\backends\sqlite3\base.py", line 359, in execute
    return super().execute(query, params)
           ~~~~~~~~~~~~~~~^^^^^^^^^^^^^^^
sqlite3.OperationalError: database table is locked: auth_user

The above exception was the direct cause of the following 
exception:

Traceback (most recent call last):
  File "D:\Desktop\web dev\django\financeproject\core\signals.py", 
line 17, in _run_pipeline
    result = generate_insights_for_user(user_id)
  File "D:\Desktop\web 
dev\django\financeproject\ai_pipeline\insights.py", line 47, in 
generate_insights_for_user
    user = User.objects.get(pk=user_id)
  File "D:\Desktop\web dev\django\personalFinanceEnv\Lib\site-packa
ges\django\db\models\manager.py", line 87, in manager_method
    return getattr(self.get_queryset(), name)(*args, **kwargs)
           ~~~~~~~~~~~~~~~~~~~~~~~~~~~~~~~~~~^^^^^^^^^^^^^^^^^
  File "D:\Desktop\web dev\django\personalFinanceEnv\Lib\site-packa
ges\django\db\models\query.py", line 635, in get
    num = len(clone)
  File "D:\Desktop\web dev\django\personalFinanceEnv\Lib\site-packa
ges\django\db\models\query.py", line 372, in __len__
    self._fetch_all()
    ~~~~~~~~~~~~~~~^^
  File "D:\Desktop\web dev\django\personalFinanceEnv\Lib\site-packa
ges\django\db\models\query.py", line 2000, in _fetch_all
    self._result_cache = list(self._iterable_class(self))
                         ~~~~^^^^^^^^^^^^^^^^^^^^^^^^^^^^
  File "D:\Desktop\web dev\django\personalFinanceEnv\Lib\site-packa
ges\django\db\models\query.py", line 95, in __iter__
    results = compiler.execute_sql(
        chunked_fetch=self.chunked_fetch, 
chunk_size=self.chunk_size
    )
  File "D:\Desktop\web dev\django\personalFinanceEnv\Lib\site-packa
ges\django\db\models\sql\compiler.py", line 1624, in execute_sql
    cursor.execute(sql, params)
    ~~~~~~~~~~~~~~^^^^^^^^^^^^^
  File "D:\Desktop\web dev\django\personalFinanceEnv\Lib\site-packa
ges\django\db\backends\utils.py", line 79, in execute
    return self._execute_with_wrappers(
           ~~~~~~~~~~~~~~~~~~~~~~~~~~~^
        sql, params, many=False, executor=self._execute
        ^^^^^^^^^^^^^^^^^^^^^^^^^^^^^^^^^^^^^^^^^^^^^^^
    )
    ^
  File "D:\Desktop\web dev\django\personalFinanceEnv\Lib\site-packa
ges\django\db\backends\utils.py", line 92, in 
_execute_with_wrappers
    return executor(sql, params, many, context)
  File "D:\Desktop\web dev\django\personalFinanceEnv\Lib\site-packa
ges\django\db\backends\utils.py", line 100, in _execute
    with self.db.wrap_database_errors:
         ^^^^^^^^^^^^^^^^^^^^^^^^^^^^
  File "D:\Desktop\web dev\django\personalFinanceEnv\Lib\site-packa
ges\django\db\utils.py", line 94, in __exit__
    raise dj_exc_value.with_traceback(traceback) from exc_value
  File "D:\Desktop\web dev\django\personalFinanceEnv\Lib\site-packa
ges\django\db\backends\utils.py", line 105, in _execute
    return self.cursor.execute(sql, params)
           ~~~~~~~~~~~~~~~~~~~^^^^^^^^^^^^^
  File "D:\Desktop\web dev\django\personalFinanceEnv\Lib\site-packa
ges\django\db\backends\sqlite3\base.py", line 359, in execute
    return super().execute(query, params)
           ~~~~~~~~~~~~~~~^^^^^^^^^^^^^^^
django.db.utils.OperationalError: database table is locked: 
auth_user
AI pipeline failed for user 1
Traceback (most recent call last):
  File "D:\Desktop\web dev\django\personalFinanceEnv\Lib\site-packa
ges\django\db\backends\utils.py", line 105, in _execute
    return self.cursor.execute(sql, params)
           ~~~~~~~~~~~~~~~~~~~^^^^^^^^^^^^^
  File "D:\Desktop\web dev\django\personalFinanceEnv\Lib\site-packa
ges\django\db\backends\sqlite3\base.py", line 359, in execute
    return super().execute(query, params)
           ~~~~~~~~~~~~~~~^^^^^^^^^^^^^^^
sqlite3.OperationalError: database table is locked: auth_user

The above exception was the direct cause of the following 
exception:

Traceback (most recent call last):
  File "D:\Desktop\web dev\django\financeproject\core\signals.py", 
line 17, in _run_pipeline
    result = generate_insights_for_user(user_id)
  File "D:\Desktop\web 
dev\django\financeproject\ai_pipeline\insights.py", line 47, in 
generate_insights_for_user
    user = User.objects.get(pk=user_id)
  File "D:\Desktop\web dev\django\personalFinanceEnv\Lib\site-packa
ges\django\db\models\manager.py", line 87, in manager_method
    return getattr(self.get_queryset(), name)(*args, **kwargs)
           ~~~~~~~~~~~~~~~~~~~~~~~~~~~~~~~~~~^^^^^^^^^^^^^^^^^
  File "D:\Desktop\web dev\django\personalFinanceEnv\Lib\site-packa
ges\django\db\models\query.py", line 635, in get
    num = len(clone)
  File "D:\Desktop\web dev\django\personalFinanceEnv\Lib\site-packa
ges\django\db\models\query.py", line 372, in __len__
    self._fetch_all()
    ~~~~~~~~~~~~~~~^^
  File "D:\Desktop\web dev\django\personalFinanceEnv\Lib\site-packa
ges\django\db\models\query.py", line 2000, in _fetch_all
    self._result_cache = list(self._iterable_class(self))
                         ~~~~^^^^^^^^^^^^^^^^^^^^^^^^^^^^
  File "D:\Desktop\web dev\django\personalFinanceEnv\Lib\site-packa
ges\django\db\models\query.py", line 95, in __iter__
    results = compiler.execute_sql(
        chunked_fetch=self.chunked_fetch, 
chunk_size=self.chunk_size
    )
  File "D:\Desktop\web dev\django\personalFinanceEnv\Lib\site-packa
ges\django\db\models\sql\compiler.py", line 1624, in execute_sql
    cursor.execute(sql, params)
    ~~~~~~~~~~~~~~^^^^^^^^^^^^^
  File "D:\Desktop\web dev\django\personalFinanceEnv\Lib\site-packa
ges\django\db\backends\utils.py", line 79, in execute
    return self._execute_with_wrappers(
           ~~~~~~~~~~~~~~~~~~~~~~~~~~~^
        sql, params, many=False, executor=self._execute
        ^^^^^^^^^^^^^^^^^^^^^^^^^^^^^^^^^^^^^^^^^^^^^^^
    )
    ^
  File "D:\Desktop\web dev\django\personalFinanceEnv\Lib\site-packa
ges\django\db\backends\utils.py", line 92, in 
_execute_with_wrappers
    return executor(sql, params, many, context)
  File "D:\Desktop\web dev\django\personalFinanceEnv\Lib\site-packa
ges\django\db\backends\utils.py", line 100, in _execute
    with self.db.wrap_database_errors:
         ^^^^^^^^^^^^^^^^^^^^^^^^^^^^
  File "D:\Desktop\web dev\django\personalFinanceEnv\Lib\site-packa
ges\django\db\utils.py", line 94, in __exit__
    raise dj_exc_value.with_traceback(traceback) from exc_value
  File "D:\Desktop\web dev\django\personalFinanceEnv\Lib\site-packa
ges\django\db\backends\utils.py", line 105, in _execute
    return self.cursor.execute(sql, params)
           ~~~~~~~~~~~~~~~~~~~^^^^^^^^^^^^^
  File "D:\Desktop\web dev\django\personalFinanceEnv\Lib\site-packa
ges\django\db\backends\sqlite3\base.py", line 359, in execute
    return super().execute(query, params)
           ~~~~~~~~~~~~~~~^^^^^^^^^^^^^^^
django.db.utils.OperationalError: database table is locked: 
auth_user
ok
test_payload_schema (ai_pipeline.tests.test_orchestrator.Orchestrat
orTest.test_payload_schema) ... AI pipeline failed for user 1
Traceback (most recent call last):
  File "D:\Desktop\web dev\django\personalFinanceEnv\Lib\site-packa
ges\django\db\backends\utils.py", line 105, in _execute
    return self.cursor.execute(sql, params)
           ~~~~~~~~~~~~~~~~~~~^^^^^^^^^^^^^
  File "D:\Desktop\web dev\django\personalFinanceEnv\Lib\site-packa
ges\django\db\backends\sqlite3\base.py", line 359, in execute
    return super().execute(query, params)
           ~~~~~~~~~~~~~~~^^^^^^^^^^^^^^^
sqlite3.OperationalError: database table is locked: auth_user

The above exception was the direct cause of the following 
exception:

Traceback (most recent call last):
  File "D:\Desktop\web dev\django\financeproject\core\signals.py", 
line 17, in _run_pipeline
    result = generate_insights_for_user(user_id)
  File "D:\Desktop\web 
dev\django\financeproject\ai_pipeline\insights.py", line 47, in 
generate_insights_for_user
    user = User.objects.get(pk=user_id)
  File "D:\Desktop\web dev\django\personalFinanceEnv\Lib\site-packa
ges\django\db\models\manager.py", line 87, in manager_method
    return getattr(self.get_queryset(), name)(*args, **kwargs)
           ~~~~~~~~~~~~~~~~~~~~~~~~~~~~~~~~~~^^^^^^^^^^^^^^^^^
  File "D:\Desktop\web dev\django\personalFinanceEnv\Lib\site-packa
ges\django\db\models\query.py", line 635, in get
    num = len(clone)
  File "D:\Desktop\web dev\django\personalFinanceEnv\Lib\site-packa
ges\django\db\models\query.py", line 372, in __len__
    self._fetch_all()
    ~~~~~~~~~~~~~~~^^
  File "D:\Desktop\web dev\django\personalFinanceEnv\Lib\site-packa
ges\django\db\models\query.py", line 2000, in _fetch_all
    self._result_cache = list(self._iterable_class(self))
                         ~~~~^^^^^^^^^^^^^^^^^^^^^^^^^^^^
  File "D:\Desktop\web dev\django\personalFinanceEnv\Lib\site-packa
ges\django\db\models\query.py", line 95, in __iter__
    results = compiler.execute_sql(
        chunked_fetch=self.chunked_fetch, 
chunk_size=self.chunk_size
    )
  File "D:\Desktop\web dev\django\personalFinanceEnv\Lib\site-packa
ges\django\db\models\sql\compiler.py", line 1624, in execute_sql
    cursor.execute(sql, params)
    ~~~~~~~~~~~~~~^^^^^^^^^^^^^
  File "D:\Desktop\web dev\django\personalFinanceEnv\Lib\site-packa
ges\django\db\backends\utils.py", line 79, in execute
    return self._execute_with_wrappers(
           ~~~~~~~~~~~~~~~~~~~~~~~~~~~^
        sql, params, many=False, executor=self._execute
        ^^^^^^^^^^^^^^^^^^^^^^^^^^^^^^^^^^^^^^^^^^^^^^^
    )
    ^
  File "D:\Desktop\web dev\django\personalFinanceEnv\Lib\site-packa
ges\django\db\backends\utils.py", line 92, in 
_execute_with_wrappers
    return executor(sql, params, many, context)
  File "D:\Desktop\web dev\django\personalFinanceEnv\Lib\site-packa
ges\django\db\backends\utils.py", line 100, in _execute
    with self.db.wrap_database_errors:
         ^^^^^^^^^^^^^^^^^^^^^^^^^^^^
  File "D:\Desktop\web dev\django\personalFinanceEnv\Lib\site-packa
ges\django\db\utils.py", line 94, in __exit__
    raise dj_exc_value.with_traceback(traceback) from exc_value
  File "D:\Desktop\web dev\django\personalFinanceEnv\Lib\site-packa
ges\django\db\backends\utils.py", line 105, in _execute
    return self.cursor.execute(sql, params)
           ~~~~~~~~~~~~~~~~~~~^^^^^^^^^^^^^
  File "D:\Desktop\web dev\django\personalFinanceEnv\Lib\site-packa
ges\django\db\backends\sqlite3\base.py", line 359, in execute
    return super().execute(query, params)
           ~~~~~~~~~~~~~~~^^^^^^^^^^^^^^^
django.db.utils.OperationalError: database table is locked: 
auth_user
AI pipeline failed for user 1
Traceback (most recent call last):
  File "D:\Desktop\web dev\django\personalFinanceEnv\Lib\site-packa
ges\django\db\backends\utils.py", line 105, in _execute
    return self.cursor.execute(sql, params)
           ~~~~~~~~~~~~~~~~~~~^^^^^^^^^^^^^
  File "D:\Desktop\web dev\django\personalFinanceEnv\Lib\site-packa
ges\django\db\backends\sqlite3\base.py", line 359, in execute
    return super().execute(query, params)
           ~~~~~~~~~~~~~~~^^^^^^^^^^^^^^^
sqlite3.OperationalError: database table is locked: auth_user

The above exception was the direct cause of the following 
exception:

Traceback (most recent call last):
  File "D:\Desktop\web dev\django\financeproject\core\signals.py", 
line 17, in _run_pipeline
    result = generate_insights_for_user(user_id)
  File "D:\Desktop\web 
dev\django\financeproject\ai_pipeline\insights.py", line 47, in 
generate_insights_for_user
    user = User.objects.get(pk=user_id)
  File "D:\Desktop\web dev\django\personalFinanceEnv\Lib\site-packa
ges\django\db\models\manager.py", line 87, in manager_method
    return getattr(self.get_queryset(), name)(*args, **kwargs)
           ~~~~~~~~~~~~~~~~~~~~~~~~~~~~~~~~~~^^^^^^^^^^^^^^^^^
  File "D:\Desktop\web dev\django\personalFinanceEnv\Lib\site-packa
ges\django\db\models\query.py", line 635, in get
    num = len(clone)
  File "D:\Desktop\web dev\django\personalFinanceEnv\Lib\site-packa
ges\django\db\models\query.py", line 372, in __len__
    self._fetch_all()
    ~~~~~~~~~~~~~~~^^
  File "D:\Desktop\web dev\django\personalFinanceEnv\Lib\site-packa
ges\django\db\models\query.py", line 2000, in _fetch_all
    self._result_cache = list(self._iterable_class(self))
                         ~~~~^^^^^^^^^^^^^^^^^^^^^^^^^^^^
  File "D:\Desktop\web dev\django\personalFinanceEnv\Lib\site-packa
ges\django\db\models\query.py", line 95, in __iter__
    results = compiler.execute_sql(
        chunked_fetch=self.chunked_fetch, 
chunk_size=self.chunk_size
    )
  File "D:\Desktop\web dev\django\personalFinanceEnv\Lib\site-packa
ges\django\db\models\sql\compiler.py", line 1624, in execute_sql
    cursor.execute(sql, params)
    ~~~~~~~~~~~~~~^^^^^^^^^^^^^
  File "D:\Desktop\web dev\django\personalFinanceEnv\Lib\site-packa
ges\django\db\backends\utils.py", line 79, in execute
    return self._execute_with_wrappers(
           ~~~~~~~~~~~~~~~~~~~~~~~~~~~^
        sql, params, many=False, executor=self._execute
        ^^^^^^^^^^^^^^^^^^^^^^^^^^^^^^^^^^^^^^^^^^^^^^^
    )
    ^
  File "D:\Desktop\web dev\django\personalFinanceEnv\Lib\site-packa
ges\django\db\backends\utils.py", line 92, in 
_execute_with_wrappers
    return executor(sql, params, many, context)
  File "D:\Desktop\web dev\django\personalFinanceEnv\Lib\site-packa
ges\django\db\backends\utils.py", line 100, in _execute
    with self.db.wrap_database_errors:
         ^^^^^^^^^^^^^^^^^^^^^^^^^^^^
  File "D:\Desktop\web dev\django\personalFinanceEnv\Lib\site-packa
ges\django\db\utils.py", line 94, in __exit__
    raise dj_exc_value.with_traceback(traceback) from exc_value
  File "D:\Desktop\web dev\django\personalFinanceEnv\Lib\site-packa
ges\django\db\backends\utils.py", line 105, in _execute
    return self.cursor.execute(sql, params)
           ~~~~~~~~~~~~~~~~~~~^^^^^^^^^^^^^
  File "D:\Desktop\web dev\django\personalFinanceEnv\Lib\site-packa
ges\django\db\backends\sqlite3\base.py", line 359, in execute
    return super().execute(query, params)
           ~~~~~~~~~~~~~~~^^^^^^^^^^^^^^^
django.db.utils.OperationalError: database table is locked: 
auth_user
AI pipeline failed for user 1
Traceback (most recent call last):
  File "D:\Desktop\web dev\django\personalFinanceEnv\Lib\site-packa
ges\django\db\backends\utils.py", line 105, in _execute
    return self.cursor.execute(sql, params)
           ~~~~~~~~~~~~~~~~~~~^^^^^^^^^^^^^
  File "D:\Desktop\web dev\django\personalFinanceEnv\Lib\site-packa
ges\django\db\backends\sqlite3\base.py", line 359, in execute
    return super().execute(query, params)
           ~~~~~~~~~~~~~~~^^^^^^^^^^^^^^^
sqlite3.OperationalError: database table is locked: auth_user

The above exception was the direct cause of the following 
exception:

Traceback (most recent call last):
  File "D:\Desktop\web dev\django\financeproject\core\signals.py", 
line 17, in _run_pipeline
    result = generate_insights_for_user(user_id)
  File "D:\Desktop\web 
dev\django\financeproject\ai_pipeline\insights.py", line 47, in 
generate_insights_for_user
    user = User.objects.get(pk=user_id)
  File "D:\Desktop\web dev\django\personalFinanceEnv\Lib\site-packa
ges\django\db\models\manager.py", line 87, in manager_method
    return getattr(self.get_queryset(), name)(*args, **kwargs)
           ~~~~~~~~~~~~~~~~~~~~~~~~~~~~~~~~~~^^^^^^^^^^^^^^^^^
  File "D:\Desktop\web dev\django\personalFinanceEnv\Lib\site-packa
ges\django\db\models\query.py", line 635, in get
    num = len(clone)
  File "D:\Desktop\web dev\django\personalFinanceEnv\Lib\site-packa
ges\django\db\models\query.py", line 372, in __len__
    self._fetch_all()
    ~~~~~~~~~~~~~~~^^
  File "D:\Desktop\web dev\django\personalFinanceEnv\Lib\site-packa
ges\django\db\models\query.py", line 2000, in _fetch_all
    self._result_cache = list(self._iterable_class(self))
                         ~~~~^^^^^^^^^^^^^^^^^^^^^^^^^^^^
  File "D:\Desktop\web dev\django\personalFinanceEnv\Lib\site-packa
ges\django\db\models\query.py", line 95, in __iter__
    results = compiler.execute_sql(
        chunked_fetch=self.chunked_fetch, 
chunk_size=self.chunk_size
    )
  File "D:\Desktop\web dev\django\personalFinanceEnv\Lib\site-packa
ges\django\db\models\sql\compiler.py", line 1624, in execute_sql
    cursor.execute(sql, params)
    ~~~~~~~~~~~~~~^^^^^^^^^^^^^
  File "D:\Desktop\web dev\django\personalFinanceEnv\Lib\site-packa
ges\django\db\backends\utils.py", line 79, in execute
    return self._execute_with_wrappers(
           ~~~~~~~~~~~~~~~~~~~~~~~~~~~^
        sql, params, many=False, executor=self._execute
        ^^^^^^^^^^^^^^^^^^^^^^^^^^^^^^^^^^^^^^^^^^^^^^^
    )
    ^
  File "D:\Desktop\web dev\django\personalFinanceEnv\Lib\site-packa
ges\django\db\backends\utils.py", line 92, in 
_execute_with_wrappers
    return executor(sql, params, many, context)
  File "D:\Desktop\web dev\django\personalFinanceEnv\Lib\site-packa
ges\django\db\backends\utils.py", line 100, in _execute
    with self.db.wrap_database_errors:
         ^^^^^^^^^^^^^^^^^^^^^^^^^^^^
  File "D:\Desktop\web dev\django\personalFinanceEnv\Lib\site-packa
ges\django\db\utils.py", line 94, in __exit__
    raise dj_exc_value.with_traceback(traceback) from exc_value
  File "D:\Desktop\web dev\django\personalFinanceEnv\Lib\site-packa
ges\django\db\backends\utils.py", line 105, in _execute
    return self.cursor.execute(sql, params)
           ~~~~~~~~~~~~~~~~~~~^^^^^^^^^^^^^
  File "D:\Desktop\web dev\django\personalFinanceEnv\Lib\site-packa
ges\django\db\backends\sqlite3\base.py", line 359, in execute
    return super().execute(query, params)
           ~~~~~~~~~~~~~~~^^^^^^^^^^^^^^^
django.db.utils.OperationalError: database table is locked: 
auth_user
ok
test_representative_max_8 (ai_pipeline.tests.test_orchestrator.Orch
estratorTest.test_representative_max_8) ... AI pipeline failed for 
user 1
Traceback (most recent call last):
  File "D:\Desktop\web dev\django\personalFinanceEnv\Lib\site-packa
ges\django\db\backends\utils.py", line 105, in _execute
    return self.cursor.execute(sql, params)
           ~~~~~~~~~~~~~~~~~~~^^^^^^^^^^^^^
  File "D:\Desktop\web dev\django\personalFinanceEnv\Lib\site-packa
ges\django\db\backends\sqlite3\base.py", line 359, in execute
    return super().execute(query, params)
           ~~~~~~~~~~~~~~~^^^^^^^^^^^^^^^
sqlite3.OperationalError: database table is locked: auth_user

The above exception was the direct cause of the following 
exception:

Traceback (most recent call last):
  File "D:\Desktop\web dev\django\financeproject\core\signals.py", 
line 17, in _run_pipeline
    result = generate_insights_for_user(user_id)
  File "D:\Desktop\web 
dev\django\financeproject\ai_pipeline\insights.py", line 47, in 
generate_insights_for_user
    user = User.objects.get(pk=user_id)
  File "D:\Desktop\web dev\django\personalFinanceEnv\Lib\site-packa
ges\django\db\models\manager.py", line 87, in manager_method
    return getattr(self.get_queryset(), name)(*args, **kwargs)
           ~~~~~~~~~~~~~~~~~~~~~~~~~~~~~~~~~~^^^^^^^^^^^^^^^^^
  File "D:\Desktop\web dev\django\personalFinanceEnv\Lib\site-packa
ges\django\db\models\query.py", line 635, in get
    num = len(clone)
  File "D:\Desktop\web dev\django\personalFinanceEnv\Lib\site-packa
ges\django\db\models\query.py", line 372, in __len__
    self._fetch_all()
    ~~~~~~~~~~~~~~~^^
  File "D:\Desktop\web dev\django\personalFinanceEnv\Lib\site-packa
ges\django\db\models\query.py", line 2000, in _fetch_all
    self._result_cache = list(self._iterable_class(self))
                         ~~~~^^^^^^^^^^^^^^^^^^^^^^^^^^^^
  File "D:\Desktop\web dev\django\personalFinanceEnv\Lib\site-packa
ges\django\db\models\query.py", line 95, in __iter__
    results = compiler.execute_sql(
        chunked_fetch=self.chunked_fetch, 
chunk_size=self.chunk_size
    )
  File "D:\Desktop\web dev\django\personalFinanceEnv\Lib\site-packa
ges\django\db\models\sql\compiler.py", line 1624, in execute_sql
    cursor.execute(sql, params)
    ~~~~~~~~~~~~~~^^^^^^^^^^^^^
  File "D:\Desktop\web dev\django\personalFinanceEnv\Lib\site-packa
ges\django\db\backends\utils.py", line 79, in execute
    return self._execute_with_wrappers(
           ~~~~~~~~~~~~~~~~~~~~~~~~~~~^
        sql, params, many=False, executor=self._execute
        ^^^^^^^^^^^^^^^^^^^^^^^^^^^^^^^^^^^^^^^^^^^^^^^
    )
    ^
  File "D:\Desktop\web dev\django\personalFinanceEnv\Lib\site-packa
ges\django\db\backends\utils.py", line 92, in 
_execute_with_wrappers
    return executor(sql, params, many, context)
  File "D:\Desktop\web dev\django\personalFinanceEnv\Lib\site-packa
ges\django\db\backends\utils.py", line 100, in _execute
    with self.db.wrap_database_errors:
         ^^^^^^^^^^^^^^^^^^^^^^^^^^^^
  File "D:\Desktop\web dev\django\personalFinanceEnv\Lib\site-packa
ges\django\db\utils.py", line 94, in __exit__
    raise dj_exc_value.with_traceback(traceback) from exc_value
  File "D:\Desktop\web dev\django\personalFinanceEnv\Lib\site-packa
ges\django\db\backends\utils.py", line 105, in _execute
    return self.cursor.execute(sql, params)
           ~~~~~~~~~~~~~~~~~~~^^^^^^^^^^^^^
  File "D:\Desktop\web dev\django\personalFinanceEnv\Lib\site-packa
ges\django\db\backends\sqlite3\base.py", line 359, in execute
    return super().execute(query, params)
           ~~~~~~~~~~~~~~~^^^^^^^^^^^^^^^
django.db.utils.OperationalError: database table is locked: 
auth_user
AI pipeline failed for user 1
Traceback (most recent call last):
  File "D:\Desktop\web dev\django\personalFinanceEnv\Lib\site-packa
ges\django\db\backends\utils.py", line 105, in _execute
    return self.cursor.execute(sql, params)
           ~~~~~~~~~~~~~~~~~~~^^^^^^^^^^^^^
  File "D:\Desktop\web dev\django\personalFinanceEnv\Lib\site-packa
ges\django\db\backends\sqlite3\base.py", line 359, in execute
    return super().execute(query, params)
           ~~~~~~~~~~~~~~~^^^^^^^^^^^^^^^
sqlite3.OperationalError: database table is locked: auth_user

The above exception was the direct cause of the following 
exception:

Traceback (most recent call last):
  File "D:\Desktop\web dev\django\financeproject\core\signals.py", 
line 17, in _run_pipeline
    result = generate_insights_for_user(user_id)
  File "D:\Desktop\web 
dev\django\financeproject\ai_pipeline\insights.py", line 47, in 
generate_insights_for_user
    user = User.objects.get(pk=user_id)
  File "D:\Desktop\web dev\django\personalFinanceEnv\Lib\site-packa
ges\django\db\models\manager.py", line 87, in manager_method
    return getattr(self.get_queryset(), name)(*args, **kwargs)
           ~~~~~~~~~~~~~~~~~~~~~~~~~~~~~~~~~~^^^^^^^^^^^^^^^^^
  File "D:\Desktop\web dev\django\personalFinanceEnv\Lib\site-packa
ges\django\db\models\query.py", line 635, in get
    num = len(clone)
  File "D:\Desktop\web dev\django\personalFinanceEnv\Lib\site-packa
ges\django\db\models\query.py", line 372, in __len__
    self._fetch_all()
    ~~~~~~~~~~~~~~~^^
  File "D:\Desktop\web dev\django\personalFinanceEnv\Lib\site-packa
ges\django\db\models\query.py", line 2000, in _fetch_all
    self._result_cache = list(self._iterable_class(self))
                         ~~~~^^^^^^^^^^^^^^^^^^^^^^^^^^^^
  File "D:\Desktop\web dev\django\personalFinanceEnv\Lib\site-packa
ges\django\db\models\query.py", line 95, in __iter__
    results = compiler.execute_sql(
        chunked_fetch=self.chunked_fetch, 
chunk_size=self.chunk_size
    )
  File "D:\Desktop\web dev\django\personalFinanceEnv\Lib\site-packa
ges\django\db\models\sql\compiler.py", line 1624, in execute_sql
    cursor.execute(sql, params)
    ~~~~~~~~~~~~~~^^^^^^^^^^^^^
  File "D:\Desktop\web dev\django\personalFinanceEnv\Lib\site-packa
ges\django\db\backends\utils.py", line 79, in execute
    return self._execute_with_wrappers(
           ~~~~~~~~~~~~~~~~~~~~~~~~~~~^
        sql, params, many=False, executor=self._execute
        ^^^^^^^^^^^^^^^^^^^^^^^^^^^^^^^^^^^^^^^^^^^^^^^
    )
    ^
  File "D:\Desktop\web dev\django\personalFinanceEnv\Lib\site-packa
ges\django\db\backends\utils.py", line 92, in 
_execute_with_wrappers
    return executor(sql, params, many, context)
  File "D:\Desktop\web dev\django\personalFinanceEnv\Lib\site-packa
ges\django\db\backends\utils.py", line 100, in _execute
    with self.db.wrap_database_errors:
         ^^^^^^^^^^^^^^^^^^^^^^^^^^^^
  File "D:\Desktop\web dev\django\personalFinanceEnv\Lib\site-packa
ges\django\db\utils.py", line 94, in __exit__
    raise dj_exc_value.with_traceback(traceback) from exc_value
  File "D:\Desktop\web dev\django\personalFinanceEnv\Lib\site-packa
ges\django\db\backends\utils.py", line 105, in _execute
    return self.cursor.execute(sql, params)
           ~~~~~~~~~~~~~~~~~~~^^^^^^^^^^^^^
  File "D:\Desktop\web dev\django\personalFinanceEnv\Lib\site-packa
ges\django\db\backends\sqlite3\base.py", line 359, in execute
    return super().execute(query, params)
           ~~~~~~~~~~~~~~~^^^^^^^^^^^^^^^
django.db.utils.OperationalError: database table is locked: 
auth_user
AI pipeline failed for user 1
Traceback (most recent call last):
  File "D:\Desktop\web dev\django\personalFinanceEnv\Lib\site-packa
ges\django\db\backends\utils.py", line 105, in _execute
    return self.cursor.execute(sql, params)
           ~~~~~~~~~~~~~~~~~~~^^^^^^^^^^^^^
  File "D:\Desktop\web dev\django\personalFinanceEnv\Lib\site-packa
ges\django\db\backends\sqlite3\base.py", line 359, in execute
    return super().execute(query, params)
           ~~~~~~~~~~~~~~~^^^^^^^^^^^^^^^
sqlite3.OperationalError: database table is locked: auth_user

The above exception was the direct cause of the following 
exception:

Traceback (most recent call last):
  File "D:\Desktop\web dev\django\financeproject\core\signals.py", 
line 17, in _run_pipeline
    result = generate_insights_for_user(user_id)
  File "D:\Desktop\web 
dev\django\financeproject\ai_pipeline\insights.py", line 47, in 
generate_insights_for_user
    user = User.objects.get(pk=user_id)
  File "D:\Desktop\web dev\django\personalFinanceEnv\Lib\site-packa
ges\django\db\models\manager.py", line 87, in manager_method
    return getattr(self.get_queryset(), name)(*args, **kwargs)
           ~~~~~~~~~~~~~~~~~~~~~~~~~~~~~~~~~~^^^^^^^^^^^^^^^^^
  File "D:\Desktop\web dev\django\personalFinanceEnv\Lib\site-packa
ges\django\db\models\query.py", line 635, in get
    num = len(clone)
  File "D:\Desktop\web dev\django\personalFinanceEnv\Lib\site-packa
ges\django\db\models\query.py", line 372, in __len__
    self._fetch_all()
    ~~~~~~~~~~~~~~~^^
  File "D:\Desktop\web dev\django\personalFinanceEnv\Lib\site-packa
ges\django\db\models\query.py", line 2000, in _fetch_all
    self._result_cache = list(self._iterable_class(self))
                         ~~~~^^^^^^^^^^^^^^^^^^^^^^^^^^^^
  File "D:\Desktop\web dev\django\personalFinanceEnv\Lib\site-packa
ges\django\db\models\query.py", line 95, in __iter__
    results = compiler.execute_sql(
        chunked_fetch=self.chunked_fetch, 
chunk_size=self.chunk_size
    )
  File "D:\Desktop\web dev\django\personalFinanceEnv\Lib\site-packa
ges\django\db\models\sql\compiler.py", line 1624, in execute_sql
    cursor.execute(sql, params)
    ~~~~~~~~~~~~~~^^^^^^^^^^^^^
  File "D:\Desktop\web dev\django\personalFinanceEnv\Lib\site-packa
ges\django\db\backends\utils.py", line 79, in execute
    return self._execute_with_wrappers(
           ~~~~~~~~~~~~~~~~~~~~~~~~~~~^
        sql, params, many=False, executor=self._execute
        ^^^^^^^^^^^^^^^^^^^^^^^^^^^^^^^^^^^^^^^^^^^^^^^
    )
    ^
  File "D:\Desktop\web dev\django\personalFinanceEnv\Lib\site-packa
ges\django\db\backends\utils.py", line 92, in 
_execute_with_wrappers
    return executor(sql, params, many, context)
  File "D:\Desktop\web dev\django\personalFinanceEnv\Lib\site-packa
ges\django\db\backends\utils.py", line 100, in _execute
    with self.db.wrap_database_errors:
         ^^^^^^^^^^^^^^^^^^^^^^^^^^^^
  File "D:\Desktop\web dev\django\personalFinanceEnv\Lib\site-packa
ges\django\db\utils.py", line 94, in __exit__
    raise dj_exc_value.with_traceback(traceback) from exc_value
  File "D:\Desktop\web dev\django\personalFinanceEnv\Lib\site-packa
ges\django\db\backends\utils.py", line 105, in _execute
    return self.cursor.execute(sql, params)
           ~~~~~~~~~~~~~~~~~~~^^^^^^^^^^^^^
  File "D:\Desktop\web dev\django\personalFinanceEnv\Lib\site-packa
ges\django\db\backends\sqlite3\base.py", line 359, in execute
    return super().execute(query, params)
           ~~~~~~~~~~~~~~~^^^^^^^^^^^^^^^
django.db.utils.OperationalError: database table is locked: 
auth_user
AI pipeline failed for user 1
Traceback (most recent call last):
  File "D:\Desktop\web dev\django\personalFinanceEnv\Lib\site-packa
ges\django\db\backends\utils.py", line 105, in _execute
    return self.cursor.execute(sql, params)
           ~~~~~~~~~~~~~~~~~~~^^^^^^^^^^^^^
  File "D:\Desktop\web dev\django\personalFinanceEnv\Lib\site-packa
ges\django\db\backends\sqlite3\base.py", line 359, in execute
    return super().execute(query, params)
           ~~~~~~~~~~~~~~~^^^^^^^^^^^^^^^
sqlite3.OperationalError: database table is locked: auth_user

The above exception was the direct cause of the following 
exception:

Traceback (most recent call last):
  File "D:\Desktop\web dev\django\financeproject\core\signals.py", 
line 17, in _run_pipeline
    result = generate_insights_for_user(user_id)
  File "D:\Desktop\web 
dev\django\financeproject\ai_pipeline\insights.py", line 47, in 
generate_insights_for_user
    user = User.objects.get(pk=user_id)
  File "D:\Desktop\web dev\django\personalFinanceEnv\Lib\site-packa
ges\django\db\models\manager.py", line 87, in manager_method
    return getattr(self.get_queryset(), name)(*args, **kwargs)
           ~~~~~~~~~~~~~~~~~~~~~~~~~~~~~~~~~~^^^^^^^^^^^^^^^^^
  File "D:\Desktop\web dev\django\personalFinanceEnv\Lib\site-packa
ges\django\db\models\query.py", line 635, in get
    num = len(clone)
  File "D:\Desktop\web dev\django\personalFinanceEnv\Lib\site-packa
ges\django\db\models\query.py", line 372, in __len__
    self._fetch_all()
    ~~~~~~~~~~~~~~~^^
  File "D:\Desktop\web dev\django\personalFinanceEnv\Lib\site-packa
ges\django\db\models\query.py", line 2000, in _fetch_all
    self._result_cache = list(self._iterable_class(self))
                         ~~~~^^^^^^^^^^^^^^^^^^^^^^^^^^^^
  File "D:\Desktop\web dev\django\personalFinanceEnv\Lib\site-packa
ges\django\db\models\query.py", line 95, in __iter__
    results = compiler.execute_sql(
        chunked_fetch=self.chunked_fetch, 
chunk_size=self.chunk_size
    )
  File "D:\Desktop\web dev\django\personalFinanceEnv\Lib\site-packa
ges\django\db\models\sql\compiler.py", line 1624, in execute_sql
    cursor.execute(sql, params)
    ~~~~~~~~~~~~~~^^^^^^^^^^^^^
  File "D:\Desktop\web dev\django\personalFinanceEnv\Lib\site-packa
ges\django\db\backends\utils.py", line 79, in execute
    return self._execute_with_wrappers(
           ~~~~~~~~~~~~~~~~~~~~~~~~~~~^
        sql, params, many=False, executor=self._execute
        ^^^^^^^^^^^^^^^^^^^^^^^^^^^^^^^^^^^^^^^^^^^^^^^
    )
    ^
  File "D:\Desktop\web dev\django\personalFinanceEnv\Lib\site-packa
ges\django\db\backends\utils.py", line 92, in 
_execute_with_wrappers
    return executor(sql, params, many, context)
  File "D:\Desktop\web dev\django\personalFinanceEnv\Lib\site-packa
ges\django\db\backends\utils.py", line 100, in _execute
    with self.db.wrap_database_errors:
         ^^^^^^^^^^^^^^^^^^^^^^^^^^^^
  File "D:\Desktop\web dev\django\personalFinanceEnv\Lib\site-packa
ges\django\db\utils.py", line 94, in __exit__
    raise dj_exc_value.with_traceback(traceback) from exc_value
  File "D:\Desktop\web dev\django\personalFinanceEnv\Lib\site-packa
ges\django\db\backends\utils.py", line 105, in _execute
    return self.cursor.execute(sql, params)
           ~~~~~~~~~~~~~~~~~~~^^^^^^^^^^^^^
  File "D:\Desktop\web dev\django\personalFinanceEnv\Lib\site-packa
ges\django\db\backends\sqlite3\base.py", line 359, in execute
    return super().execute(query, params)
           ~~~~~~~~~~~~~~~^^^^^^^^^^^^^^^
django.db.utils.OperationalError: database table is locked: 
auth_user
AI pipeline failed for user 1
Traceback (most recent call last):
  File "D:\Desktop\web dev\django\personalFinanceEnv\Lib\site-packa
ges\django\db\backends\utils.py", line 105, in _execute
    return self.cursor.execute(sql, params)
           ~~~~~~~~~~~~~~~~~~~^^^^^^^^^^^^^
  File "D:\Desktop\web dev\django\personalFinanceEnv\Lib\site-packa
ges\django\db\backends\sqlite3\base.py", line 359, in execute
    return super().execute(query, params)
           ~~~~~~~~~~~~~~~^^^^^^^^^^^^^^^
sqlite3.OperationalError: database table is locked: auth_user

The above exception was the direct cause of the following 
exception:

Traceback (most recent call last):
  File "D:\Desktop\web dev\django\financeproject\core\signals.py", 
line 17, in _run_pipeline
    result = generate_insights_for_user(user_id)
  File "D:\Desktop\web 
dev\django\financeproject\ai_pipeline\insights.py", line 47, in 
generate_insights_for_user
    user = User.objects.get(pk=user_id)
  File "D:\Desktop\web dev\django\personalFinanceEnv\Lib\site-packa
ges\django\db\models\manager.py", line 87, in manager_method
    return getattr(self.get_queryset(), name)(*args, **kwargs)
           ~~~~~~~~~~~~~~~~~~~~~~~~~~~~~~~~~~^^^^^^^^^^^^^^^^^
  File "D:\Desktop\web dev\django\personalFinanceEnv\Lib\site-packa
ges\django\db\models\query.py", line 635, in get
    num = len(clone)
  File "D:\Desktop\web dev\django\personalFinanceEnv\Lib\site-packa
ges\django\db\models\query.py", line 372, in __len__
    self._fetch_all()
    ~~~~~~~~~~~~~~~^^
  File "D:\Desktop\web dev\django\personalFinanceEnv\Lib\site-packa
ges\django\db\models\query.py", line 2000, in _fetch_all
    self._result_cache = list(self._iterable_class(self))
                         ~~~~^^^^^^^^^^^^^^^^^^^^^^^^^^^^
  File "D:\Desktop\web dev\django\personalFinanceEnv\Lib\site-packa
ges\django\db\models\query.py", line 95, in __iter__
    results = compiler.execute_sql(
        chunked_fetch=self.chunked_fetch, 
chunk_size=self.chunk_size
    )
  File "D:\Desktop\web dev\django\personalFinanceEnv\Lib\site-packa
ges\django\db\models\sql\compiler.py", line 1624, in execute_sql
    cursor.execute(sql, params)
    ~~~~~~~~~~~~~~^^^^^^^^^^^^^
  File "D:\Desktop\web dev\django\personalFinanceEnv\Lib\site-packa
ges\django\db\backends\utils.py", line 79, in execute
    return self._execute_with_wrappers(
           ~~~~~~~~~~~~~~~~~~~~~~~~~~~^
        sql, params, many=False, executor=self._execute
        ^^^^^^^^^^^^^^^^^^^^^^^^^^^^^^^^^^^^^^^^^^^^^^^
    )
    ^
  File "D:\Desktop\web dev\django\personalFinanceEnv\Lib\site-packa
ges\django\db\backends\utils.py", line 92, in 
_execute_with_wrappers
    return executor(sql, params, many, context)
  File "D:\Desktop\web dev\django\personalFinanceEnv\Lib\site-packa
ges\django\db\backends\utils.py", line 100, in _execute
    with self.db.wrap_database_errors:
         ^^^^^^^^^^^^^^^^^^^^^^^^^^^^
  File "D:\Desktop\web dev\django\personalFinanceEnv\Lib\site-packa
ges\django\db\utils.py", line 94, in __exit__
    raise dj_exc_value.with_traceback(traceback) from exc_value
  File "D:\Desktop\web dev\django\personalFinanceEnv\Lib\site-packa
ges\django\db\backends\utils.py", line 105, in _execute
    return self.cursor.execute(sql, params)
           ~~~~~~~~~~~~~~~~~~~^^^^^^^^^^^^^
  File "D:\Desktop\web dev\django\personalFinanceEnv\Lib\site-packa
ges\django\db\backends\sqlite3\base.py", line 359, in execute
    return super().execute(query, params)
           ~~~~~~~~~~~~~~~^^^^^^^^^^^^^^^
django.db.utils.OperationalError: database table is locked: 
auth_user
AI pipeline failed for user 1
Traceback (most recent call last):
  File "D:\Desktop\web dev\django\personalFinanceEnv\Lib\site-packa
ges\django\db\backends\utils.py", line 105, in _execute
    return self.cursor.execute(sql, params)
           ~~~~~~~~~~~~~~~~~~~^^^^^^^^^^^^^
  File "D:\Desktop\web dev\django\personalFinanceEnv\Lib\site-packa
ges\django\db\backends\sqlite3\base.py", line 359, in execute
    return super().execute(query, params)
           ~~~~~~~~~~~~~~~^^^^^^^^^^^^^^^
sqlite3.OperationalError: database table is locked: auth_user

The above exception was the direct cause of the following 
exception:

Traceback (most recent call last):
  File "D:\Desktop\web dev\django\financeproject\core\signals.py", 
line 17, in _run_pipeline
    result = generate_insights_for_user(user_id)
  File "D:\Desktop\web 
dev\django\financeproject\ai_pipeline\insights.py", line 47, in 
generate_insights_for_user
    user = User.objects.get(pk=user_id)
  File "D:\Desktop\web dev\django\personalFinanceEnv\Lib\site-packa
ges\django\db\models\manager.py", line 87, in manager_method
    return getattr(self.get_queryset(), name)(*args, **kwargs)
           ~~~~~~~~~~~~~~~~~~~~~~~~~~~~~~~~~~^^^^^^^^^^^^^^^^^
  File "D:\Desktop\web dev\django\personalFinanceEnv\Lib\site-packa
ges\django\db\models\query.py", line 635, in get
    num = len(clone)
  File "D:\Desktop\web dev\django\personalFinanceEnv\Lib\site-packa
ges\django\db\models\query.py", line 372, in __len__
    self._fetch_all()
    ~~~~~~~~~~~~~~~^^
  File "D:\Desktop\web dev\django\personalFinanceEnv\Lib\site-packa
ges\django\db\models\query.py", line 2000, in _fetch_all
    self._result_cache = list(self._iterable_class(self))
                         ~~~~^^^^^^^^^^^^^^^^^^^^^^^^^^^^
  File "D:\Desktop\web dev\django\personalFinanceEnv\Lib\site-packa
ges\django\db\models\query.py", line 95, in __iter__
    results = compiler.execute_sql(
        chunked_fetch=self.chunked_fetch, 
chunk_size=self.chunk_size
    )
  File "D:\Desktop\web dev\django\personalFinanceEnv\Lib\site-packa
ges\django\db\models\sql\compiler.py", line 1624, in execute_sql
    cursor.execute(sql, params)
    ~~~~~~~~~~~~~~^^^^^^^^^^^^^
  File "D:\Desktop\web dev\django\personalFinanceEnv\Lib\site-packa
ges\django\db\backends\utils.py", line 79, in execute
    return self._execute_with_wrappers(
           ~~~~~~~~~~~~~~~~~~~~~~~~~~~^
        sql, params, many=False, executor=self._execute
        ^^^^^^^^^^^^^^^^^^^^^^^^^^^^^^^^^^^^^^^^^^^^^^^
    )
    ^
  File "D:\Desktop\web dev\django\personalFinanceEnv\Lib\site-packa
ges\django\db\backends\utils.py", line 92, in 
_execute_with_wrappers
    return executor(sql, params, many, context)
  File "D:\Desktop\web dev\django\personalFinanceEnv\Lib\site-packa
ges\django\db\backends\utils.py", line 100, in _execute
    with self.db.wrap_database_errors:
         ^^^^^^^^^^^^^^^^^^^^^^^^^^^^
  File "D:\Desktop\web dev\django\personalFinanceEnv\Lib\site-packa
ges\django\db\utils.py", line 94, in __exit__
    raise dj_exc_value.with_traceback(traceback) from exc_value
  File "D:\Desktop\web dev\django\personalFinanceEnv\Lib\site-packa
ges\django\db\backends\utils.py", line 105, in _execute
    return self.cursor.execute(sql, params)
           ~~~~~~~~~~~~~~~~~~~^^^^^^^^^^^^^
  File "D:\Desktop\web dev\django\personalFinanceEnv\Lib\site-packa
ges\django\db\backends\sqlite3\base.py", line 359, in execute
    return super().execute(query, params)
           ~~~~~~~~~~~~~~~^^^^^^^^^^^^^^^
django.db.utils.OperationalError: database table is locked: 
auth_user
AI pipeline failed for user 1
Traceback (most recent call last):
  File "D:\Desktop\web dev\django\personalFinanceEnv\Lib\site-packa
ges\django\db\backends\utils.py", line 105, in _execute
    return self.cursor.execute(sql, params)
           ~~~~~~~~~~~~~~~~~~~^^^^^^^^^^^^^
  File "D:\Desktop\web dev\django\personalFinanceEnv\Lib\site-packa
ges\django\db\backends\sqlite3\base.py", line 359, in execute
    return super().execute(query, params)
           ~~~~~~~~~~~~~~~^^^^^^^^^^^^^^^
sqlite3.OperationalError: database table is locked: auth_user

The above exception was the direct cause of the following 
exception:

Traceback (most recent call last):
  File "D:\Desktop\web dev\django\financeproject\core\signals.py", 
line 17, in _run_pipeline
    result = generate_insights_for_user(user_id)
  File "D:\Desktop\web 
dev\django\financeproject\ai_pipeline\insights.py", line 47, in 
generate_insights_for_user
    user = User.objects.get(pk=user_id)
  File "D:\Desktop\web dev\django\personalFinanceEnv\Lib\site-packa
ges\django\db\models\manager.py", line 87, in manager_method
    return getattr(self.get_queryset(), name)(*args, **kwargs)
           ~~~~~~~~~~~~~~~~~~~~~~~~~~~~~~~~~~^^^^^^^^^^^^^^^^^
  File "D:\Desktop\web dev\django\personalFinanceEnv\Lib\site-packa
ges\django\db\models\query.py", line 635, in get
    num = len(clone)
  File "D:\Desktop\web dev\django\personalFinanceEnv\Lib\site-packa
ges\django\db\models\query.py", line 372, in __len__
    self._fetch_all()
    ~~~~~~~~~~~~~~~^^
  File "D:\Desktop\web dev\django\personalFinanceEnv\Lib\site-packa
ges\django\db\models\query.py", line 2000, in _fetch_all
    self._result_cache = list(self._iterable_class(self))
                         ~~~~^^^^^^^^^^^^^^^^^^^^^^^^^^^^
  File "D:\Desktop\web dev\django\personalFinanceEnv\Lib\site-packa
ges\django\db\models\query.py", line 95, in __iter__
    results = compiler.execute_sql(
        chunked_fetch=self.chunked_fetch, 
chunk_size=self.chunk_size
    )
  File "D:\Desktop\web dev\django\personalFinanceEnv\Lib\site-packa
ges\django\db\models\sql\compiler.py", line 1624, in execute_sql
    cursor.execute(sql, params)
    ~~~~~~~~~~~~~~^^^^^^^^^^^^^
  File "D:\Desktop\web dev\django\personalFinanceEnv\Lib\site-packa
ges\django\db\backends\utils.py", line 79, in execute
    return self._execute_with_wrappers(
           ~~~~~~~~~~~~~~~~~~~~~~~~~~~^
        sql, params, many=False, executor=self._execute
        ^^^^^^^^^^^^^^^^^^^^^^^^^^^^^^^^^^^^^^^^^^^^^^^
    )
    ^
  File "D:\Desktop\web dev\django\personalFinanceEnv\Lib\site-packa
ges\django\db\backends\utils.py", line 92, in 
_execute_with_wrappers
    return executor(sql, params, many, context)
  File "D:\Desktop\web dev\django\personalFinanceEnv\Lib\site-packa
ges\django\db\backends\utils.py", line 100, in _execute
    with self.db.wrap_database_errors:
         ^^^^^^^^^^^^^^^^^^^^^^^^^^^^
  File "D:\Desktop\web dev\django\personalFinanceEnv\Lib\site-packa
ges\django\db\utils.py", line 94, in __exit__
    raise dj_exc_value.with_traceback(traceback) from exc_value
  File "D:\Desktop\web dev\django\personalFinanceEnv\Lib\site-packa
ges\django\db\backends\utils.py", line 105, in _execute
    return self.cursor.execute(sql, params)
           ~~~~~~~~~~~~~~~~~~~^^^^^^^^^^^^^
  File "D:\Desktop\web dev\django\personalFinanceEnv\Lib\site-packa
ges\django\db\backends\sqlite3\base.py", line 359, in execute
    return super().execute(query, params)
           ~~~~~~~~~~~~~~~^^^^^^^^^^^^^^^
django.db.utils.OperationalError: database table is locked: 
auth_user
AI pipeline failed for user 1
Traceback (most recent call last):
  File "D:\Desktop\web dev\django\personalFinanceEnv\Lib\site-packa
ges\django\db\backends\utils.py", line 105, in _execute
    return self.cursor.execute(sql, params)
           ~~~~~~~~~~~~~~~~~~~^^^^^^^^^^^^^
  File "D:\Desktop\web dev\django\personalFinanceEnv\Lib\site-packa
ges\django\db\backends\sqlite3\base.py", line 359, in execute
    return super().execute(query, params)
           ~~~~~~~~~~~~~~~^^^^^^^^^^^^^^^
sqlite3.OperationalError: database table is locked: auth_user

The above exception was the direct cause of the following 
exception:

Traceback (most recent call last):
  File "D:\Desktop\web dev\django\financeproject\core\signals.py", 
line 17, in _run_pipeline
    result = generate_insights_for_user(user_id)
  File "D:\Desktop\web 
dev\django\financeproject\ai_pipeline\insights.py", line 47, in 
generate_insights_for_user
    user = User.objects.get(pk=user_id)
  File "D:\Desktop\web dev\django\personalFinanceEnv\Lib\site-packa
ges\django\db\models\manager.py", line 87, in manager_method
    return getattr(self.get_queryset(), name)(*args, **kwargs)
           ~~~~~~~~~~~~~~~~~~~~~~~~~~~~~~~~~~^^^^^^^^^^^^^^^^^
  File "D:\Desktop\web dev\django\personalFinanceEnv\Lib\site-packa
ges\django\db\models\query.py", line 635, in get
    num = len(clone)
  File "D:\Desktop\web dev\django\personalFinanceEnv\Lib\site-packa
ges\django\db\models\query.py", line 372, in __len__
    self._fetch_all()
    ~~~~~~~~~~~~~~~^^
  File "D:\Desktop\web dev\django\personalFinanceEnv\Lib\site-packa
ges\django\db\models\query.py", line 2000, in _fetch_all
    self._result_cache = list(self._iterable_class(self))
                         ~~~~^^^^^^^^^^^^^^^^^^^^^^^^^^^^
  File "D:\Desktop\web dev\django\personalFinanceEnv\Lib\site-packa
ges\django\db\models\query.py", line 95, in __iter__
    results = compiler.execute_sql(
        chunked_fetch=self.chunked_fetch, 
chunk_size=self.chunk_size
    )
  File "D:\Desktop\web dev\django\personalFinanceEnv\Lib\site-packa
ges\django\db\models\sql\compiler.py", line 1624, in execute_sql
    cursor.execute(sql, params)
    ~~~~~~~~~~~~~~^^^^^^^^^^^^^
  File "D:\Desktop\web dev\django\personalFinanceEnv\Lib\site-packa
ges\django\db\backends\utils.py", line 79, in execute
    return self._execute_with_wrappers(
           ~~~~~~~~~~~~~~~~~~~~~~~~~~~^
        sql, params, many=False, executor=self._execute
        ^^^^^^^^^^^^^^^^^^^^^^^^^^^^^^^^^^^^^^^^^^^^^^^
    )
    ^
  File "D:\Desktop\web dev\django\personalFinanceEnv\Lib\site-packa
ges\django\db\backends\utils.py", line 92, in 
_execute_with_wrappers
    return executor(sql, params, many, context)
  File "D:\Desktop\web dev\django\personalFinanceEnv\Lib\site-packa
ges\django\db\backends\utils.py", line 100, in _execute
    with self.db.wrap_database_errors:
         ^^^^^^^^^^^^^^^^^^^^^^^^^^^^
  File "D:\Desktop\web dev\django\personalFinanceEnv\Lib\site-packa
ges\django\db\utils.py", line 94, in __exit__
    raise dj_exc_value.with_traceback(traceback) from exc_value
  File "D:\Desktop\web dev\django\personalFinanceEnv\Lib\site-packa
ges\django\db\backends\utils.py", line 105, in _execute
    return self.cursor.execute(sql, params)
           ~~~~~~~~~~~~~~~~~~~^^^^^^^^^^^^^
  File "D:\Desktop\web dev\django\personalFinanceEnv\Lib\site-packa
ges\django\db\backends\sqlite3\base.py", line 359, in execute
    return super().execute(query, params)
           ~~~~~~~~~~~~~~~^^^^^^^^^^^^^^^
django.db.utils.OperationalError: database table is locked: 
auth_user
ok
test_user_id_matches (ai_pipeline.tests.test_orchestrator.Orchestra
torTest.test_user_id_matches) ... AI pipeline failed for user 1
Traceback (most recent call last):
  File "D:\Desktop\web dev\django\personalFinanceEnv\Lib\site-packa
ges\django\db\backends\utils.py", line 105, in _execute
    return self.cursor.execute(sql, params)
           ~~~~~~~~~~~~~~~~~~~^^^^^^^^^^^^^
  File "D:\Desktop\web dev\django\personalFinanceEnv\Lib\site-packa
ges\django\db\backends\sqlite3\base.py", line 359, in execute
    return super().execute(query, params)
           ~~~~~~~~~~~~~~~^^^^^^^^^^^^^^^
sqlite3.OperationalError: database table is locked: auth_user

The above exception was the direct cause of the following 
exception:

Traceback (most recent call last):
  File "D:\Desktop\web dev\django\financeproject\core\signals.py", 
line 17, in _run_pipeline
    result = generate_insights_for_user(user_id)
  File "D:\Desktop\web 
dev\django\financeproject\ai_pipeline\insights.py", line 47, in 
generate_insights_for_user
    user = User.objects.get(pk=user_id)
  File "D:\Desktop\web dev\django\personalFinanceEnv\Lib\site-packa
ges\django\db\models\manager.py", line 87, in manager_method
    return getattr(self.get_queryset(), name)(*args, **kwargs)
           ~~~~~~~~~~~~~~~~~~~~~~~~~~~~~~~~~~^^^^^^^^^^^^^^^^^
  File "D:\Desktop\web dev\django\personalFinanceEnv\Lib\site-packa
ges\django\db\models\query.py", line 635, in get
    num = len(clone)
  File "D:\Desktop\web dev\django\personalFinanceEnv\Lib\site-packa
ges\django\db\models\query.py", line 372, in __len__
    self._fetch_all()
    ~~~~~~~~~~~~~~~^^
  File "D:\Desktop\web dev\django\personalFinanceEnv\Lib\site-packa
ges\django\db\models\query.py", line 2000, in _fetch_all
    self._result_cache = list(self._iterable_class(self))
                         ~~~~^^^^^^^^^^^^^^^^^^^^^^^^^^^^
  File "D:\Desktop\web dev\django\personalFinanceEnv\Lib\site-packa
ges\django\db\models\query.py", line 95, in __iter__
    results = compiler.execute_sql(
        chunked_fetch=self.chunked_fetch, 
chunk_size=self.chunk_size
    )
  File "D:\Desktop\web dev\django\personalFinanceEnv\Lib\site-packa
ges\django\db\models\sql\compiler.py", line 1624, in execute_sql
    cursor.execute(sql, params)
    ~~~~~~~~~~~~~~^^^^^^^^^^^^^
  File "D:\Desktop\web dev\django\personalFinanceEnv\Lib\site-packa
ges\django\db\backends\utils.py", line 79, in execute
    return self._execute_with_wrappers(
           ~~~~~~~~~~~~~~~~~~~~~~~~~~~^
        sql, params, many=False, executor=self._execute
        ^^^^^^^^^^^^^^^^^^^^^^^^^^^^^^^^^^^^^^^^^^^^^^^
    )
    ^
  File "D:\Desktop\web dev\django\personalFinanceEnv\Lib\site-packa
ges\django\db\backends\utils.py", line 92, in 
_execute_with_wrappers
    return executor(sql, params, many, context)
  File "D:\Desktop\web dev\django\personalFinanceEnv\Lib\site-packa
ges\django\db\backends\utils.py", line 100, in _execute
    with self.db.wrap_database_errors:
         ^^^^^^^^^^^^^^^^^^^^^^^^^^^^
  File "D:\Desktop\web dev\django\personalFinanceEnv\Lib\site-packa
ges\django\db\utils.py", line 94, in __exit__
    raise dj_exc_value.with_traceback(traceback) from exc_value
  File "D:\Desktop\web dev\django\personalFinanceEnv\Lib\site-packa
ges\django\db\backends\utils.py", line 105, in _execute
    return self.cursor.execute(sql, params)
           ~~~~~~~~~~~~~~~~~~~^^^^^^^^^^^^^
  File "D:\Desktop\web dev\django\personalFinanceEnv\Lib\site-packa
ges\django\db\backends\sqlite3\base.py", line 359, in execute
    return super().execute(query, params)
           ~~~~~~~~~~~~~~~^^^^^^^^^^^^^^^
django.db.utils.OperationalError: database table is locked: 
auth_user
AI pipeline failed for user 1
Traceback (most recent call last):
  File "D:\Desktop\web dev\django\personalFinanceEnv\Lib\site-packa
ges\django\db\backends\utils.py", line 105, in _execute
    return self.cursor.execute(sql, params)
           ~~~~~~~~~~~~~~~~~~~^^^^^^^^^^^^^
  File "D:\Desktop\web dev\django\personalFinanceEnv\Lib\site-packa
ges\django\db\backends\sqlite3\base.py", line 359, in execute
    return super().execute(query, params)
           ~~~~~~~~~~~~~~~^^^^^^^^^^^^^^^
sqlite3.OperationalError: database table is locked: auth_user

The above exception was the direct cause of the following 
exception:

Traceback (most recent call last):
  File "D:\Desktop\web dev\django\financeproject\core\signals.py", 
line 17, in _run_pipeline
    result = generate_insights_for_user(user_id)
  File "D:\Desktop\web 
dev\django\financeproject\ai_pipeline\insights.py", line 47, in 
generate_insights_for_user
    user = User.objects.get(pk=user_id)
  File "D:\Desktop\web dev\django\personalFinanceEnv\Lib\site-packa
ges\django\db\models\manager.py", line 87, in manager_method
    return getattr(self.get_queryset(), name)(*args, **kwargs)
           ~~~~~~~~~~~~~~~~~~~~~~~~~~~~~~~~~~^^^^^^^^^^^^^^^^^
  File "D:\Desktop\web dev\django\personalFinanceEnv\Lib\site-packa
ges\django\db\models\query.py", line 635, in get
    num = len(clone)
  File "D:\Desktop\web dev\django\personalFinanceEnv\Lib\site-packa
ges\django\db\models\query.py", line 372, in __len__
    self._fetch_all()
    ~~~~~~~~~~~~~~~^^
  File "D:\Desktop\web dev\django\personalFinanceEnv\Lib\site-packa
ges\django\db\models\query.py", line 2000, in _fetch_all
    self._result_cache = list(self._iterable_class(self))
                         ~~~~^^^^^^^^^^^^^^^^^^^^^^^^^^^^
  File "D:\Desktop\web dev\django\personalFinanceEnv\Lib\site-packa
ges\django\db\models\query.py", line 95, in __iter__
    results = compiler.execute_sql(
        chunked_fetch=self.chunked_fetch, 
chunk_size=self.chunk_size
    )
  File "D:\Desktop\web dev\django\personalFinanceEnv\Lib\site-packa
ges\django\db\models\sql\compiler.py", line 1624, in execute_sql
    cursor.execute(sql, params)
    ~~~~~~~~~~~~~~^^^^^^^^^^^^^
  File "D:\Desktop\web dev\django\personalFinanceEnv\Lib\site-packa
ges\django\db\backends\utils.py", line 79, in execute
    return self._execute_with_wrappers(
           ~~~~~~~~~~~~~~~~~~~~~~~~~~~^
        sql, params, many=False, executor=self._execute
        ^^^^^^^^^^^^^^^^^^^^^^^^^^^^^^^^^^^^^^^^^^^^^^^
    )
    ^
  File "D:\Desktop\web dev\django\personalFinanceEnv\Lib\site-packa
ges\django\db\backends\utils.py", line 92, in 
_execute_with_wrappers
    return executor(sql, params, many, context)
  File "D:\Desktop\web dev\django\personalFinanceEnv\Lib\site-packa
ges\django\db\backends\utils.py", line 100, in _execute
    with self.db.wrap_database_errors:
         ^^^^^^^^^^^^^^^^^^^^^^^^^^^^
  File "D:\Desktop\web dev\django\personalFinanceEnv\Lib\site-packa
ges\django\db\utils.py", line 94, in __exit__
    raise dj_exc_value.with_traceback(traceback) from exc_value
  File "D:\Desktop\web dev\django\personalFinanceEnv\Lib\site-packa
ges\django\db\backends\utils.py", line 105, in _execute
    return self.cursor.execute(sql, params)
           ~~~~~~~~~~~~~~~~~~~^^^^^^^^^^^^^
  File "D:\Desktop\web dev\django\personalFinanceEnv\Lib\site-packa
ges\django\db\backends\sqlite3\base.py", line 359, in execute
    return super().execute(query, params)
           ~~~~~~~~~~~~~~~^^^^^^^^^^^^^^^
django.db.utils.OperationalError: database table is locked: 
auth_user
AI pipeline failed for user 1
Traceback (most recent call last):
  File "D:\Desktop\web dev\django\personalFinanceEnv\Lib\site-packa
ges\django\db\backends\utils.py", line 105, in _execute
    return self.cursor.execute(sql, params)
           ~~~~~~~~~~~~~~~~~~~^^^^^^^^^^^^^
  File "D:\Desktop\web dev\django\personalFinanceEnv\Lib\site-packa
ges\django\db\backends\sqlite3\base.py", line 359, in execute
    return super().execute(query, params)
           ~~~~~~~~~~~~~~~^^^^^^^^^^^^^^^
sqlite3.OperationalError: database table is locked: auth_user

The above exception was the direct cause of the following 
exception:

Traceback (most recent call last):
  File "D:\Desktop\web dev\django\financeproject\core\signals.py", 
line 17, in _run_pipeline
    result = generate_insights_for_user(user_id)
  File "D:\Desktop\web 
dev\django\financeproject\ai_pipeline\insights.py", line 47, in 
generate_insights_for_user
    user = User.objects.get(pk=user_id)
  File "D:\Desktop\web dev\django\personalFinanceEnv\Lib\site-packa
ges\django\db\models\manager.py", line 87, in manager_method
    return getattr(self.get_queryset(), name)(*args, **kwargs)
           ~~~~~~~~~~~~~~~~~~~~~~~~~~~~~~~~~~^^^^^^^^^^^^^^^^^
  File "D:\Desktop\web dev\django\personalFinanceEnv\Lib\site-packa
ges\django\db\models\query.py", line 635, in get
    num = len(clone)
  File "D:\Desktop\web dev\django\personalFinanceEnv\Lib\site-packa
ges\django\db\models\query.py", line 372, in __len__
    self._fetch_all()
    ~~~~~~~~~~~~~~~^^
  File "D:\Desktop\web dev\django\personalFinanceEnv\Lib\site-packa
ges\django\db\models\query.py", line 2000, in _fetch_all
    self._result_cache = list(self._iterable_class(self))
                         ~~~~^^^^^^^^^^^^^^^^^^^^^^^^^^^^
  File "D:\Desktop\web dev\django\personalFinanceEnv\Lib\site-packa
ges\django\db\models\query.py", line 95, in __iter__
    results = compiler.execute_sql(
        chunked_fetch=self.chunked_fetch, 
chunk_size=self.chunk_size
    )
  File "D:\Desktop\web dev\django\personalFinanceEnv\Lib\site-packa
ges\django\db\models\sql\compiler.py", line 1624, in execute_sql
    cursor.execute(sql, params)
    ~~~~~~~~~~~~~~^^^^^^^^^^^^^
  File "D:\Desktop\web dev\django\personalFinanceEnv\Lib\site-packa
ges\django\db\backends\utils.py", line 79, in execute
    return self._execute_with_wrappers(
           ~~~~~~~~~~~~~~~~~~~~~~~~~~~^
        sql, params, many=False, executor=self._execute
        ^^^^^^^^^^^^^^^^^^^^^^^^^^^^^^^^^^^^^^^^^^^^^^^
    )
    ^
  File "D:\Desktop\web dev\django\personalFinanceEnv\Lib\site-packa
ges\django\db\backends\utils.py", line 92, in 
_execute_with_wrappers
    return executor(sql, params, many, context)
  File "D:\Desktop\web dev\django\personalFinanceEnv\Lib\site-packa
ges\django\db\backends\utils.py", line 100, in _execute
    with self.db.wrap_database_errors:
         ^^^^^^^^^^^^^^^^^^^^^^^^^^^^
  File "D:\Desktop\web dev\django\personalFinanceEnv\Lib\site-packa
ges\django\db\utils.py", line 94, in __exit__
    raise dj_exc_value.with_traceback(traceback) from exc_value
  File "D:\Desktop\web dev\django\personalFinanceEnv\Lib\site-packa
ges\django\db\backends\utils.py", line 105, in _execute
    return self.cursor.execute(sql, params)
           ~~~~~~~~~~~~~~~~~~~^^^^^^^^^^^^^
  File "D:\Desktop\web dev\django\personalFinanceEnv\Lib\site-packa
ges\django\db\backends\sqlite3\base.py", line 359, in execute
    return super().execute(query, params)
           ~~~~~~~~~~~~~~~^^^^^^^^^^^^^^^
django.db.utils.OperationalError: database table is locked: 
auth_user
AI pipeline failed for user 1
Traceback (most recent call last):
  File "D:\Desktop\web dev\django\personalFinanceEnv\Lib\site-packa
ges\django\db\backends\utils.py", line 105, in _execute
    return self.cursor.execute(sql, params)
           ~~~~~~~~~~~~~~~~~~~^^^^^^^^^^^^^
  File "D:\Desktop\web dev\django\personalFinanceEnv\Lib\site-packa
ges\django\db\backends\sqlite3\base.py", line 359, in execute
    return super().execute(query, params)
           ~~~~~~~~~~~~~~~^^^^^^^^^^^^^^^
sqlite3.OperationalError: database table is locked: auth_user

The above exception was the direct cause of the following 
exception:

Traceback (most recent call last):
  File "D:\Desktop\web dev\django\financeproject\core\signals.py", 
line 17, in _run_pipeline
    result = generate_insights_for_user(user_id)
  File "D:\Desktop\web 
dev\django\financeproject\ai_pipeline\insights.py", line 47, in 
generate_insights_for_user
    user = User.objects.get(pk=user_id)
  File "D:\Desktop\web dev\django\personalFinanceEnv\Lib\site-packa
ges\django\db\models\manager.py", line 87, in manager_method
    return getattr(self.get_queryset(), name)(*args, **kwargs)
           ~~~~~~~~~~~~~~~~~~~~~~~~~~~~~~~~~~^^^^^^^^^^^^^^^^^
  File "D:\Desktop\web dev\django\personalFinanceEnv\Lib\site-packa
ges\django\db\models\query.py", line 635, in get
    num = len(clone)
  File "D:\Desktop\web dev\django\personalFinanceEnv\Lib\site-packa
ges\django\db\models\query.py", line 372, in __len__
    self._fetch_all()
    ~~~~~~~~~~~~~~~^^
  File "D:\Desktop\web dev\django\personalFinanceEnv\Lib\site-packa
ges\django\db\models\query.py", line 2000, in _fetch_all
    self._result_cache = list(self._iterable_class(self))
                         ~~~~^^^^^^^^^^^^^^^^^^^^^^^^^^^^
  File "D:\Desktop\web dev\django\personalFinanceEnv\Lib\site-packa
ges\django\db\models\query.py", line 95, in __iter__
    results = compiler.execute_sql(
        chunked_fetch=self.chunked_fetch, 
chunk_size=self.chunk_size
    )
  File "D:\Desktop\web dev\django\personalFinanceEnv\Lib\site-packa
ges\django\db\models\sql\compiler.py", line 1624, in execute_sql
    cursor.execute(sql, params)
    ~~~~~~~~~~~~~~^^^^^^^^^^^^^
  File "D:\Desktop\web dev\django\personalFinanceEnv\Lib\site-packa
ges\django\db\backends\utils.py", line 79, in execute
    return self._execute_with_wrappers(
           ~~~~~~~~~~~~~~~~~~~~~~~~~~~^
        sql, params, many=False, executor=self._execute
        ^^^^^^^^^^^^^^^^^^^^^^^^^^^^^^^^^^^^^^^^^^^^^^^
    )
    ^
  File "D:\Desktop\web dev\django\personalFinanceEnv\Lib\site-packa
ges\django\db\backends\utils.py", line 92, in 
_execute_with_wrappers
    return executor(sql, params, many, context)
  File "D:\Desktop\web dev\django\personalFinanceEnv\Lib\site-packa
ges\django\db\backends\utils.py", line 100, in _execute
    with self.db.wrap_database_errors:
         ^^^^^^^^^^^^^^^^^^^^^^^^^^^^
  File "D:\Desktop\web dev\django\personalFinanceEnv\Lib\site-packa
ges\django\db\utils.py", line 94, in __exit__
    raise dj_exc_value.with_traceback(traceback) from exc_value
  File "D:\Desktop\web dev\django\personalFinanceEnv\Lib\site-packa
ges\django\db\backends\utils.py", line 105, in _execute
    return self.cursor.execute(sql, params)
           ~~~~~~~~~~~~~~~~~~~^^^^^^^^^^^^^
  File "D:\Desktop\web dev\django\personalFinanceEnv\Lib\site-packa
ges\django\db\backends\sqlite3\base.py", line 359, in execute
    return super().execute(query, params)
           ~~~~~~~~~~~~~~~^^^^^^^^^^^^^^^
django.db.utils.OperationalError: database table is locked: 
auth_user
ok
AI pipeline failed for user 1
Traceback (most recent call last):
  File "D:\Desktop\web dev\django\personalFinanceEnv\Lib\site-packa
ges\django\db\backends\utils.py", line 105, in _execute
    return self.cursor.execute(sql, params)
           ~~~~~~~~~~~~~~~~~~~^^^^^^^^^^^^^
  File "D:\Desktop\web dev\django\personalFinanceEnv\Lib\site-packa
ges\django\db\backends\sqlite3\base.py", line 359, in execute
    return super().execute(query, params)
           ~~~~~~~~~~~~~~~^^^^^^^^^^^^^^^
sqlite3.OperationalError: database table is locked: auth_user

The above exception was the direct cause of the following 
exception:

Traceback (most recent call last):
  File "D:\Desktop\web dev\django\financeproject\core\signals.py", 
line 17, in _run_pipeline
    result = generate_insights_for_user(user_id)
  File "D:\Desktop\web 
dev\django\financeproject\ai_pipeline\insights.py", line 47, in 
generate_insights_for_user
    user = User.objects.get(pk=user_id)
  File "D:\Desktop\web dev\django\personalFinanceEnv\Lib\site-packa
ges\django\db\models\manager.py", line 87, in manager_method
    return getattr(self.get_queryset(), name)(*args, **kwargs)
           ~~~~~~~~~~~~~~~~~~~~~~~~~~~~~~~~~~^^^^^^^^^^^^^^^^^
  File "D:\Desktop\web dev\django\personalFinanceEnv\Lib\site-packa
ges\django\db\models\query.py", line 635, in get
    num = len(clone)
  File "D:\Desktop\web dev\django\personalFinanceEnv\Lib\site-packa
ges\django\db\models\query.py", line 372, in __len__
    self._fetch_all()
    ~~~~~~~~~~~~~~~^^
  File "D:\Desktop\web dev\django\personalFinanceEnv\Lib\site-packa
ges\django\db\models\query.py", line 2000, in _fetch_all
    self._result_cache = list(self._iterable_class(self))
                         ~~~~^^^^^^^^^^^^^^^^^^^^^^^^^^^^
  File "D:\Desktop\web dev\django\personalFinanceEnv\Lib\site-packa
ges\django\db\models\query.py", line 95, in __iter__
    results = compiler.execute_sql(
        chunked_fetch=self.chunked_fetch, 
chunk_size=self.chunk_size
    )
  File "D:\Desktop\web dev\django\personalFinanceEnv\Lib\site-packa
ges\django\db\models\sql\compiler.py", line 1624, in execute_sql
    cursor.execute(sql, params)
    ~~~~~~~~~~~~~~^^^^^^^^^^^^^
  File "D:\Desktop\web dev\django\personalFinanceEnv\Lib\site-packa
ges\django\db\backends\utils.py", line 79, in execute
    return self._execute_with_wrappers(
           ~~~~~~~~~~~~~~~~~~~~~~~~~~~^
        sql, params, many=False, executor=self._execute
        ^^^^^^^^^^^^^^^^^^^^^^^^^^^^^^^^^^^^^^^^^^^^^^^
    )
    ^
  File "D:\Desktop\web dev\django\personalFinanceEnv\Lib\site-packa
ges\django\db\backends\utils.py", line 92, in 
_execute_with_wrappers
    return executor(sql, params, many, context)
  File "D:\Desktop\web dev\django\personalFinanceEnv\Lib\site-packa
ges\django\db\backends\utils.py", line 100, in _execute
    with self.db.wrap_database_errors:
         ^^^^^^^^^^^^^^^^^^^^^^^^^^^^
  File "D:\Desktop\web dev\django\personalFinanceEnv\Lib\site-packa
ges\django\db\utils.py", line 94, in __exit__
    raise dj_exc_value.with_traceback(traceback) from exc_value
  File "D:\Desktop\web dev\django\personalFinanceEnv\Lib\site-packa
ges\django\db\backends\utils.py", line 105, in _execute
    return self.cursor.execute(sql, params)
           ~~~~~~~~~~~~~~~~~~~^^^^^^^^^^^^^
  File "D:\Desktop\web dev\django\personalFinanceEnv\Lib\site-packa
ges\django\db\backends\sqlite3\base.py", line 359, in execute
    return super().execute(query, params)
           ~~~~~~~~~~~~~~~^^^^^^^^^^^^^^^
django.db.utils.OperationalError: database table is locked: 
auth_user
test_collapses_whitespace (ai_pipeline.tests.test_recurring.Normali
seMerchantTest.test_collapses_whitespace) ... ok
test_empty_string (ai_pipeline.tests.test_recurring.NormaliseMercha
ntTest.test_empty_string) ... ok
test_lowercase (ai_pipeline.tests.test_recurring.NormaliseMerchantT
est.test_lowercase) ... ok
test_strips_punctuation (ai_pipeline.tests.test_recurring.Normalise
MerchantTest.test_strips_punctuation) ... ok
test_income_excluded (ai_pipeline.tests.test_recurring.RecurringDet
ectionTest.test_income_excluded) ... AI pipeline failed for user 1
Traceback (most recent call last):
  File "D:\Desktop\web dev\django\personalFinanceEnv\Lib\site-packa
ges\django\db\backends\utils.py", line 105, in _execute
    return self.cursor.execute(sql, params)
           ~~~~~~~~~~~~~~~~~~~^^^^^^^^^^^^^
  File "D:\Desktop\web dev\django\personalFinanceEnv\Lib\site-packa
ges\django\db\backends\sqlite3\base.py", line 359, in execute
    return super().execute(query, params)
           ~~~~~~~~~~~~~~~^^^^^^^^^^^^^^^
sqlite3.OperationalError: database table is locked: auth_user

The above exception was the direct cause of the following 
exception:

Traceback (most recent call last):
  File "D:\Desktop\web dev\django\financeproject\core\signals.py", 
line 17, in _run_pipeline
    result = generate_insights_for_user(user_id)
  File "D:\Desktop\web 
dev\django\financeproject\ai_pipeline\insights.py", line 47, in 
generate_insights_for_user
    user = User.objects.get(pk=user_id)
  File "D:\Desktop\web dev\django\personalFinanceEnv\Lib\site-packa
ges\django\db\models\manager.py", line 87, in manager_method
    return getattr(self.get_queryset(), name)(*args, **kwargs)
           ~~~~~~~~~~~~~~~~~~~~~~~~~~~~~~~~~~^^^^^^^^^^^^^^^^^
  File "D:\Desktop\web dev\django\personalFinanceEnv\Lib\site-packa
ges\django\db\models\query.py", line 635, in get
    num = len(clone)
  File "D:\Desktop\web dev\django\personalFinanceEnv\Lib\site-packa
ges\django\db\models\query.py", line 372, in __len__
    self._fetch_all()
    ~~~~~~~~~~~~~~~^^
  File "D:\Desktop\web dev\django\personalFinanceEnv\Lib\site-packa
ges\django\db\models\query.py", line 2000, in _fetch_all
    self._result_cache = list(self._iterable_class(self))
                         ~~~~^^^^^^^^^^^^^^^^^^^^^^^^^^^^
  File "D:\Desktop\web dev\django\personalFinanceEnv\Lib\site-packa
ges\django\db\models\query.py", line 95, in __iter__
    results = compiler.execute_sql(
        chunked_fetch=self.chunked_fetch, 
chunk_size=self.chunk_size
    )
  File "D:\Desktop\web dev\django\personalFinanceEnv\Lib\site-packa
ges\django\db\models\sql\compiler.py", line 1624, in execute_sql
    cursor.execute(sql, params)
    ~~~~~~~~~~~~~~^^^^^^^^^^^^^
  File "D:\Desktop\web dev\django\personalFinanceEnv\Lib\site-packa
ges\django\db\backends\utils.py", line 79, in execute
    return self._execute_with_wrappers(
           ~~~~~~~~~~~~~~~~~~~~~~~~~~~^
        sql, params, many=False, executor=self._execute
        ^^^^^^^^^^^^^^^^^^^^^^^^^^^^^^^^^^^^^^^^^^^^^^^
    )
    ^
  File "D:\Desktop\web dev\django\personalFinanceEnv\Lib\site-packa
ges\django\db\backends\utils.py", line 92, in 
_execute_with_wrappers
    return executor(sql, params, many, context)
  File "D:\Desktop\web dev\django\personalFinanceEnv\Lib\site-packa
ges\django\db\backends\utils.py", line 100, in _execute
    with self.db.wrap_database_errors:
         ^^^^^^^^^^^^^^^^^^^^^^^^^^^^
  File "D:\Desktop\web dev\django\personalFinanceEnv\Lib\site-packa
ges\django\db\utils.py", line 94, in __exit__
    raise dj_exc_value.with_traceback(traceback) from exc_value
  File "D:\Desktop\web dev\django\personalFinanceEnv\Lib\site-packa
ges\django\db\backends\utils.py", line 105, in _execute
    return self.cursor.execute(sql, params)
           ~~~~~~~~~~~~~~~~~~~^^^^^^^^^^^^^
  File "D:\Desktop\web dev\django\personalFinanceEnv\Lib\site-packa
ges\django\db\backends\sqlite3\base.py", line 359, in execute
    return super().execute(query, params)
           ~~~~~~~~~~~~~~~^^^^^^^^^^^^^^^
django.db.utils.OperationalError: database table is locked: 
auth_user
AI pipeline failed for user 1
Traceback (most recent call last):
  File "D:\Desktop\web dev\django\personalFinanceEnv\Lib\site-packa
ges\django\db\backends\utils.py", line 105, in _execute
    return self.cursor.execute(sql, params)
           ~~~~~~~~~~~~~~~~~~~^^^^^^^^^^^^^
  File "D:\Desktop\web dev\django\personalFinanceEnv\Lib\site-packa
ges\django\db\backends\sqlite3\base.py", line 359, in execute
    return super().execute(query, params)
           ~~~~~~~~~~~~~~~^^^^^^^^^^^^^^^
sqlite3.OperationalError: database table is locked: auth_user

The above exception was the direct cause of the following 
exception:

Traceback (most recent call last):
  File "D:\Desktop\web dev\django\financeproject\core\signals.py", 
line 17, in _run_pipeline
    result = generate_insights_for_user(user_id)
  File "D:\Desktop\web 
dev\django\financeproject\ai_pipeline\insights.py", line 47, in 
generate_insights_for_user
    user = User.objects.get(pk=user_id)
  File "D:\Desktop\web dev\django\personalFinanceEnv\Lib\site-packa
ges\django\db\models\manager.py", line 87, in manager_method
    return getattr(self.get_queryset(), name)(*args, **kwargs)
           ~~~~~~~~~~~~~~~~~~~~~~~~~~~~~~~~~~^^^^^^^^^^^^^^^^^
  File "D:\Desktop\web dev\django\personalFinanceEnv\Lib\site-packa
ges\django\db\models\query.py", line 635, in get
    num = len(clone)
  File "D:\Desktop\web dev\django\personalFinanceEnv\Lib\site-packa
ges\django\db\models\query.py", line 372, in __len__
    self._fetch_all()
    ~~~~~~~~~~~~~~~^^
  File "D:\Desktop\web dev\django\personalFinanceEnv\Lib\site-packa
ges\django\db\models\query.py", line 2000, in _fetch_all
    self._result_cache = list(self._iterable_class(self))
                         ~~~~^^^^^^^^^^^^^^^^^^^^^^^^^^^^
  File "D:\Desktop\web dev\django\personalFinanceEnv\Lib\site-packa
ges\django\db\models\query.py", line 95, in __iter__
    results = compiler.execute_sql(
        chunked_fetch=self.chunked_fetch, 
chunk_size=self.chunk_size
    )
  File "D:\Desktop\web dev\django\personalFinanceEnv\Lib\site-packa
ges\django\db\models\sql\compiler.py", line 1624, in execute_sql
    cursor.execute(sql, params)
    ~~~~~~~~~~~~~~^^^^^^^^^^^^^
  File "D:\Desktop\web dev\django\personalFinanceEnv\Lib\site-packa
ges\django\db\backends\utils.py", line 79, in execute
    return self._execute_with_wrappers(
           ~~~~~~~~~~~~~~~~~~~~~~~~~~~^
        sql, params, many=False, executor=self._execute
        ^^^^^^^^^^^^^^^^^^^^^^^^^^^^^^^^^^^^^^^^^^^^^^^
    )
    ^
  File "D:\Desktop\web dev\django\personalFinanceEnv\Lib\site-packa
ges\django\db\backends\utils.py", line 92, in 
_execute_with_wrappers
    return executor(sql, params, many, context)
  File "D:\Desktop\web dev\django\personalFinanceEnv\Lib\site-packa
ges\django\db\backends\utils.py", line 100, in _execute
    with self.db.wrap_database_errors:
         ^^^^^^^^^^^^^^^^^^^^^^^^^^^^
  File "D:\Desktop\web dev\django\personalFinanceEnv\Lib\site-packa
ges\django\db\utils.py", line 94, in __exit__
    raise dj_exc_value.with_traceback(traceback) from exc_value
  File "D:\Desktop\web dev\django\personalFinanceEnv\Lib\site-packa
ges\django\db\backends\utils.py", line 105, in _execute
    return self.cursor.execute(sql, params)
           ~~~~~~~~~~~~~~~~~~~^^^^^^^^^^^^^
  File "D:\Desktop\web dev\django\personalFinanceEnv\Lib\site-packa
ges\django\db\backends\sqlite3\base.py", line 359, in execute
    return super().execute(query, params)
           ~~~~~~~~~~~~~~~^^^^^^^^^^^^^^^
django.db.utils.OperationalError: database table is locked: 
auth_user
ok
test_monthly_cadence_detected (ai_pipeline.tests.test_recurring.Rec
urringDetectionTest.test_monthly_cadence_detected) ... ok
test_non_recurring_not_detected (ai_pipeline.tests.test_recurring.R
ecurringDetectionTest.test_non_recurring_not_detected) ... ok
test_result_keys (ai_pipeline.tests.test_recurring.RecurringDetecti
onTest.test_result_keys) ... ok
test_anomalous_transactions_included (ai_pipeline.tests.test_repres
entative.RepresentativeSelectionTest.test_anomalous_transactions_in
cluded) ... ok
test_empty_input (ai_pipeline.tests.test_representative.Representat
iveSelectionTest.test_empty_input) ... ok
test_max_8_returned (ai_pipeline.tests.test_representative.Represen
tativeSelectionTest.test_max_8_returned) ... ok
test_no_duplicates (ai_pipeline.tests.test_representative.Represent
ativeSelectionTest.test_no_duplicates) ... ok
test_result_schema (ai_pipeline.tests.test_representative.Represent
ativeSelectionTest.test_result_schema) ... ok
test_sorted_date_desc (ai_pipeline.tests.test_representative.Repres
entativeSelectionTest.test_sorted_date_desc) ... ok
test_account_number_masked (ai_pipeline.tests.test_sanitizer.Redact
FunctionTest.test_account_number_masked) ... ok
test_clean_text_unchanged (ai_pipeline.tests.test_sanitizer.RedactF
unctionTest.test_clean_text_unchanged) ... ok
test_email_masked (ai_pipeline.tests.test_sanitizer.RedactFunctionT
est.test_email_masked) ... ok
test_examples_collected (ai_pipeline.tests.test_sanitizer.RedactFun
ctionTest.test_examples_collected) ... ok
test_phone_masked (ai_pipeline.tests.test_sanitizer.RedactFunctionT
est.test_phone_masked) ... ok
test_upi_masked (ai_pipeline.tests.test_sanitizer.RedactFunctionTes
t.test_upi_masked) ... ok
test_clean_description_unchanged (ai_pipeline.tests.test_sanitizer.
SanitizeTransactionsTest.test_clean_description_unchanged) ... ok
test_log_has_correct_keys (ai_pipeline.tests.test_sanitizer.Sanitiz
eTransactionsTest.test_log_has_correct_keys) ... AI pipeline 
failed for user 1
Traceback (most recent call last):
  File "D:\Desktop\web dev\django\personalFinanceEnv\Lib\site-packa
ges\django\db\backends\utils.py", line 105, in _execute
    return self.cursor.execute(sql, params)
           ~~~~~~~~~~~~~~~~~~~^^^^^^^^^^^^^
  File "D:\Desktop\web dev\django\personalFinanceEnv\Lib\site-packa
ges\django\db\backends\sqlite3\base.py", line 359, in execute
    return super().execute(query, params)
           ~~~~~~~~~~~~~~~^^^^^^^^^^^^^^^
sqlite3.OperationalError: database table is locked: auth_user

The above exception was the direct cause of the following 
exception:

Traceback (most recent call last):
  File "D:\Desktop\web dev\django\financeproject\core\signals.py", 
line 17, in _run_pipeline
    result = generate_insights_for_user(user_id)
  File "D:\Desktop\web 
dev\django\financeproject\ai_pipeline\insights.py", line 47, in 
generate_insights_for_user
    user = User.objects.get(pk=user_id)
  File "D:\Desktop\web dev\django\personalFinanceEnv\Lib\site-packa
ges\django\db\models\manager.py", line 87, in manager_method
    return getattr(self.get_queryset(), name)(*args, **kwargs)
           ~~~~~~~~~~~~~~~~~~~~~~~~~~~~~~~~~~^^^^^^^^^^^^^^^^^
  File "D:\Desktop\web dev\django\personalFinanceEnv\Lib\site-packa
ges\django\db\models\query.py", line 635, in get
    num = len(clone)
  File "D:\Desktop\web dev\django\personalFinanceEnv\Lib\site-packa
ges\django\db\models\query.py", line 372, in __len__
    self._fetch_all()
    ~~~~~~~~~~~~~~~^^
  File "D:\Desktop\web dev\django\personalFinanceEnv\Lib\site-packa
ges\django\db\models\query.py", line 2000, in _fetch_all
    self._result_cache = list(self._iterable_class(self))
                         ~~~~^^^^^^^^^^^^^^^^^^^^^^^^^^^^
  File "D:\Desktop\web dev\django\personalFinanceEnv\Lib\site-packa
ges\django\db\models\query.py", line 95, in __iter__
    results = compiler.execute_sql(
        chunked_fetch=self.chunked_fetch, 
chunk_size=self.chunk_size
    )
  File "D:\Desktop\web dev\django\personalFinanceEnv\Lib\site-packa
ges\django\db\models\sql\compiler.py", line 1624, in execute_sql
    cursor.execute(sql, params)
    ~~~~~~~~~~~~~~^^^^^^^^^^^^^
  File "D:\Desktop\web dev\django\personalFinanceEnv\Lib\site-packa
ges\django\db\backends\utils.py", line 79, in execute
    return self._execute_with_wrappers(
           ~~~~~~~~~~~~~~~~~~~~~~~~~~~^
        sql, params, many=False, executor=self._execute
        ^^^^^^^^^^^^^^^^^^^^^^^^^^^^^^^^^^^^^^^^^^^^^^^
    )
    ^
  File "D:\Desktop\web dev\django\personalFinanceEnv\Lib\site-packa
ges\django\db\backends\utils.py", line 92, in 
_execute_with_wrappers
    return executor(sql, params, many, context)
  File "D:\Desktop\web dev\django\personalFinanceEnv\Lib\site-packa
ges\django\db\backends\utils.py", line 100, in _execute
    with self.db.wrap_database_errors:
         ^^^^^^^^^^^^^^^^^^^^^^^^^^^^
  File "D:\Desktop\web dev\django\personalFinanceEnv\Lib\site-packa
ges\django\db\utils.py", line 94, in __exit__
    raise dj_exc_value.with_traceback(traceback) from exc_value
  File "D:\Desktop\web dev\django\personalFinanceEnv\Lib\site-packa
ges\django\db\backends\utils.py", line 105, in _execute
    return self.cursor.execute(sql, params)
           ~~~~~~~~~~~~~~~~~~~^^^^^^^^^^^^^
  File "D:\Desktop\web dev\django\personalFinanceEnv\Lib\site-packa
ges\django\db\backends\sqlite3\base.py", line 359, in execute
    return super().execute(query, params)
           ~~~~~~~~~~~~~~~^^^^^^^^^^^^^^^
django.db.utils.OperationalError: database table is locked: 
auth_user
ok
test_multiple_pii_same_field (ai_pipeline.tests.test_sanitizer.Sani
tizeTransactionsTest.test_multiple_pii_same_field) ... ok
test_pii_redacted_in_description (ai_pipeline.tests.test_sanitizer.
SanitizeTransactionsTest.test_pii_redacted_in_description) ... AI 
pipeline failed for user 1
Traceback (most recent call last):
  File "D:\Desktop\web dev\django\personalFinanceEnv\Lib\site-packa
ges\django\db\backends\utils.py", line 105, in _execute
    return self.cursor.execute(sql, params)
           ~~~~~~~~~~~~~~~~~~~^^^^^^^^^^^^^
  File "D:\Desktop\web dev\django\personalFinanceEnv\Lib\site-packa
ges\django\db\backends\sqlite3\base.py", line 359, in execute
    return super().execute(query, params)
           ~~~~~~~~~~~~~~~^^^^^^^^^^^^^^^
sqlite3.OperationalError: database table is locked: auth_user

The above exception was the direct cause of the following 
exception:

Traceback (most recent call last):
  File "D:\Desktop\web dev\django\financeproject\core\signals.py", 
line 17, in _run_pipeline
    result = generate_insights_for_user(user_id)
  File "D:\Desktop\web 
dev\django\financeproject\ai_pipeline\insights.py", line 47, in 
generate_insights_for_user
    user = User.objects.get(pk=user_id)
  File "D:\Desktop\web dev\django\personalFinanceEnv\Lib\site-packa
ges\django\db\models\manager.py", line 87, in manager_method
    return getattr(self.get_queryset(), name)(*args, **kwargs)
           ~~~~~~~~~~~~~~~~~~~~~~~~~~~~~~~~~~^^^^^^^^^^^^^^^^^
  File "D:\Desktop\web dev\django\personalFinanceEnv\Lib\site-packa
ges\django\db\models\query.py", line 635, in get
    num = len(clone)
  File "D:\Desktop\web dev\django\personalFinanceEnv\Lib\site-packa
ges\django\db\models\query.py", line 372, in __len__
    self._fetch_all()
    ~~~~~~~~~~~~~~~^^
  File "D:\Desktop\web dev\django\personalFinanceEnv\Lib\site-packa
ges\django\db\models\query.py", line 2000, in _fetch_all
    self._result_cache = list(self._iterable_class(self))
                         ~~~~^^^^^^^^^^^^^^^^^^^^^^^^^^^^
  File "D:\Desktop\web dev\django\personalFinanceEnv\Lib\site-packa
ges\django\db\models\query.py", line 95, in __iter__
    results = compiler.execute_sql(
        chunked_fetch=self.chunked_fetch, 
chunk_size=self.chunk_size
    )
  File "D:\Desktop\web dev\django\personalFinanceEnv\Lib\site-packa
ges\django\db\models\sql\compiler.py", line 1624, in execute_sql
    cursor.execute(sql, params)
    ~~~~~~~~~~~~~~^^^^^^^^^^^^^
  File "D:\Desktop\web dev\django\personalFinanceEnv\Lib\site-packa
ges\django\db\backends\utils.py", line 79, in execute
    return self._execute_with_wrappers(
           ~~~~~~~~~~~~~~~~~~~~~~~~~~~^
        sql, params, many=False, executor=self._execute
        ^^^^^^^^^^^^^^^^^^^^^^^^^^^^^^^^^^^^^^^^^^^^^^^
    )
    ^
  File "D:\Desktop\web dev\django\personalFinanceEnv\Lib\site-packa
ges\django\db\backends\utils.py", line 92, in 
_execute_with_wrappers
    return executor(sql, params, many, context)
  File "D:\Desktop\web dev\django\personalFinanceEnv\Lib\site-packa
ges\django\db\backends\utils.py", line 100, in _execute
    with self.db.wrap_database_errors:
         ^^^^^^^^^^^^^^^^^^^^^^^^^^^^
  File "D:\Desktop\web dev\django\personalFinanceEnv\Lib\site-packa
ges\django\db\utils.py", line 94, in __exit__
    raise dj_exc_value.with_traceback(traceback) from exc_value
  File "D:\Desktop\web dev\django\personalFinanceEnv\Lib\site-packa
ges\django\db\backends\utils.py", line 105, in _execute
    return self.cursor.execute(sql, params)
           ~~~~~~~~~~~~~~~~~~~^^^^^^^^^^^^^
  File "D:\Desktop\web dev\django\personalFinanceEnv\Lib\site-packa
ges\django\db\backends\sqlite3\base.py", line 359, in execute
    return super().execute(query, params)
           ~~~~~~~~~~~~~~~^^^^^^^^^^^^^^^
django.db.utils.OperationalError: database table is locked: 
auth_user
ok

===================================================================
===
FAIL: test_returns_empty_list_when_no_insights (ai_pipeline.tests.t
est_insights_api.TestLatestInsightsEndpoint.test_returns_empty_list
_when_no_insights)
-------------------------------------------------------------------
---
Traceback (most recent call last):
  File "D:\Desktop\web 
dev\django\financeproject\ai_pipeline\tests\test_insights_api.py", 
line 73, in test_returns_empty_list_when_no_insights
    self.assertEqual(response.json()["insights"], [])
    ~~~~~~~~~~~~~~~~^^^^^^^^^^^^^^^^^^^^^^^^^^^^^^^^^
AssertionError: Lists differ: [{'id': 2, 'action': 'Real 
suggestion', 'e[152 chars]one}] != []

First list contains 1 additional elements.
First extra element 0:
{'id': 2, 'action': 'Real suggestion', 'explanation': 'Test 
explanation', 'estimated_monthly_saving': 500.0, 'confidence': 
'medium', 'next_step': 'Do something', 'tags': ['test'], 
'feedback': None}

+ []
- [{'action': 'Real suggestion',
-   'confidence': 'medium',
-   'estimated_monthly_saving': 500.0,
-   'explanation': 'Test explanation',
-   'feedback': None,
-   'id': 2,
-   'next_step': 'Do something',
-   'tags': ['test']}]

===================================================================
===
FAIL: test_returns_only_own_insights (ai_pipeline.tests.test_insigh
ts_api.TestLatestInsightsEndpoint.test_returns_only_own_insights)
-------------------------------------------------------------------
---
Traceback (most recent call last):
  File "D:\Desktop\web 
dev\django\financeproject\ai_pipeline\tests\test_insights_api.py", 
line 57, in test_returns_only_own_insights
    self.assertIn("Alice insight", actions)
    ~~~~~~~~~~~~~^^^^^^^^^^^^^^^^^^^^^^^^^^
AssertionError: 'Alice insight' not found in ['Real suggestion']

===================================================================
===
FAIL: test_build_prompt_compact_json (ai_pipeline.tests.test_llm_ad
apter.TestPromptBuilder.test_build_prompt_compact_json)
Compact separators ù no spaces after colons in the embedded JSON.
-------------------------------------------------------------------
---
Traceback (most recent call last):
  File "D:\Desktop\web 
dev\django\financeproject\ai_pipeline\tests\test_llm_adapter.py", 
line 213, in test_build_prompt_compact_json
    self.assertIn('"k":"v"', prompt)
    ~~~~~~~~~~~~~^^^^^^^^^^^^^^^^^^^
AssertionError: '"k":"v"' not found in 'You are Garvis, a sharp 
and highly personalised personal finance advisor for an Indian 
user.\nYour suggestions MUST reference the user\'s actual spending 
habits by name.\nNever say "reduce food spending" ù say "Your 
Swiggy orders appear 8+ times this month averaging Rs 320 each ù 
cooking 4 meals at home could save Rs 2,500/month."\n\nRULES 
(mandatory):\n1. Return ONLY valid JSON ù no explanation, no 
markdown fences, no preamble, no trailing text.\n2. The JSON must 
have exactly one top-level key: "suggestions" (array).\n3. Each 
suggestion must have EXACTLY these keys (no others):\n   - 
"action"                          (string, max 255 chars ù name 
the exact service/habit)\n   - "explanation"                     
(string ù cite actual reasons/services from the data below)\n   - 
"estimated_monthly_saving_in_inr" (number or null)\n   - 
"confidence"                      ("high", "medium", or "low")\n   
- "next_step"                       (string ù one concrete named 
action)\n   - "tags"                            (array of 
strings)\n4. Do NOT include PII, account numbers, or phone 
numbers.\n5. Provide 2-5 suggestions.\n6. Do NOT repeat 
suggestions the user already rejected.\n7. Prioritise suggestions 
similar to ones the user accepted.\n8. Use Rs for all monetary 
values (not the rupee symbol).\n9. Be specific: name the exact app 
(Swiggy, Netflix, Uber, Spotify, etc.), quote the amount.\n\n======
==========================================\nFINANCIAL SUMMARY (N/A 
to N/A)\n================================================\nTotal 
income:           Rs 0\nTotal expenses:         Rs 0\nAvg monthly 
expense:    Rs 0\nSavings this period:    Rs 0  (0.0% of 
income)\n\nSPENDING BY CATEGORY:\n  (no expense 
data)\n\n================================================\nEXACTLY 
WHAT THIS USER SPENDS ON\n(reasons they personally typed ù use 
these names in your 
suggestions):\n================================================\n  
(no reasons entered yet ù give general advice based on categories)\
n\n================================================\nRECENT 
TRANSACTIONS (with 
reasons):\n================================================\n  (non
e)\n\n================================================\nRECURRING 
/ SUBSCRIPTION 
PATTERNS:\n================================================\n  
(none detected)\n\n================================================
\nSPENDING TREND (last 3 months vs prior 3 
months):\n================================================\n  (no 
trend data)\n\n================================================\nPR
EVIOUS USER FEEDBACK (respect 
these):\n================================================\n  None 
yet.\n\nYOUR TASK: Generate 2-5 highly personalised, specific 
suggestions.\n- Reference exact service names from the "EXACTLY 
WHAT THIS USER SPENDS ON" section\n- Quote real amounts from the 
data\n- Make next_step concrete (e.g. "Open Spotify app -> Account 
-> Cancel subscription today")\n\nRESPOND WITH VALID JSON ONLY. NO 
OTHER TEXT.'

===================================================================
===
FAIL: test_build_prompt_contains_payload (ai_pipeline.tests.test_ll
m_adapter.TestPromptBuilder.test_build_prompt_contains_payload)
-------------------------------------------------------------------
---
Traceback (most recent call last):
  File "D:\Desktop\web 
dev\django\financeproject\ai_pipeline\tests\test_llm_adapter.py", 
line 206, in test_build_prompt_contains_payload
    self.assertIn("user_id", prompt)
    ~~~~~~~~~~~~~^^^^^^^^^^^^^^^^^^^
AssertionError: 'user_id' not found in 'You are Garvis, a sharp 
and highly personalised personal finance advisor for an Indian 
user.\nYour suggestions MUST reference the user\'s actual spending 
habits by name.\nNever say "reduce food spending" ù say "Your 
Swiggy orders appear 8+ times this month averaging Rs 320 each ù 
cooking 4 meals at home could save Rs 2,500/month."\n\nRULES 
(mandatory):\n1. Return ONLY valid JSON ù no explanation, no 
markdown fences, no preamble, no trailing text.\n2. The JSON must 
have exactly one top-level key: "suggestions" (array).\n3. Each 
suggestion must have EXACTLY these keys (no others):\n   - 
"action"                          (string, max 255 chars ù name 
the exact service/habit)\n   - "explanation"                     
(string ù cite actual reasons/services from the data below)\n   - 
"estimated_monthly_saving_in_inr" (number or null)\n   - 
"confidence"                      ("high", "medium", or "low")\n   
- "next_step"                       (string ù one concrete named 
action)\n   - "tags"                            (array of 
strings)\n4. Do NOT include PII, account numbers, or phone 
numbers.\n5. Provide 2-5 suggestions.\n6. Do NOT repeat 
suggestions the user already rejected.\n7. Prioritise suggestions 
similar to ones the user accepted.\n8. Use Rs for all monetary 
values (not the rupee symbol).\n9. Be specific: name the exact app 
(Swiggy, Netflix, Uber, Spotify, etc.), quote the amount.\n\n======
==========================================\nFINANCIAL SUMMARY (N/A 
to N/A)\n================================================\nTotal 
income:           Rs 0\nTotal expenses:         Rs 0\nAvg monthly 
expense:    Rs 0\nSavings this period:    Rs 0  (0.0% of 
income)\n\nSPENDING BY CATEGORY:\n  (no expense 
data)\n\n================================================\nEXACTLY 
WHAT THIS USER SPENDS ON\n(reasons they personally typed ù use 
these names in your 
suggestions):\n================================================\n  
(no reasons entered yet ù give general advice based on categories)\
n\n================================================\nRECENT 
TRANSACTIONS (with 
reasons):\n================================================\n  (non
e)\n\n================================================\nRECURRING 
/ SUBSCRIPTION 
PATTERNS:\n================================================\n  
(none detected)\n\n================================================
\nSPENDING TREND (last 3 months vs prior 3 
months):\n================================================\n  (no 
trend data)\n\n================================================\nPR
EVIOUS USER FEEDBACK (respect 
these):\n================================================\n  None 
yet.\n\nYOUR TASK: Generate 2-5 highly personalised, specific 
suggestions.\n- Reference exact service names from the "EXACTLY 
WHAT THIS USER SPENDS ON" section\n- Quote real amounts from the 
data\n- Make next_step concrete (e.g. "Open Spotify app -> Account 
-> Cancel subscription today")\n\nRESPOND WITH VALID JSON ONLY. NO 
OTHER TEXT.'

-------------------------------------------------------------------
---
Ran 78 tests in 29.748s

FAILED (failures=4)
AI pipeline failed for user 1
Traceback (most recent call last):
  File "D:\Desktop\web dev\django\personalFinanceEnv\Lib\site-packa
ges\django\db\backends\utils.py", line 105, in _execute
    return self.cursor.execute(sql, params)
           ~~~~~~~~~~~~~~~~~~~^^^^^^^^^^^^^
  File "D:\Desktop\web dev\django\personalFinanceEnv\Lib\site-packa
ges\django\db\backends\sqlite3\base.py", line 359, in execute
    return super().execute(query, params)
           ~~~~~~~~~~~~~~~^^^^^^^^^^^^^^^
sqlite3.OperationalError: database table is locked: auth_user

The above exception was the direct cause of the following 
exception:

Traceback (most recent call last):
  File "D:\Desktop\web dev\django\financeproject\core\signals.py", 
line 17, in _run_pipeline
    result = generate_insights_for_user(user_id)
  File "D:\Desktop\web 
dev\django\financeproject\ai_pipeline\insights.py", line 47, in 
generate_insights_for_user
    user = User.objects.get(pk=user_id)
  File "D:\Desktop\web dev\django\personalFinanceEnv\Lib\site-packa
ges\django\db\models\manager.py", line 87, in manager_method
    return getattr(self.get_queryset(), name)(*args, **kwargs)
           ~~~~~~~~~~~~~~~~~~~~~~~~~~~~~~~~~~^^^^^^^^^^^^^^^^^
  File "D:\Desktop\web dev\django\personalFinanceEnv\Lib\site-packa
ges\django\db\models\query.py", line 635, in get
    num = len(clone)
  File "D:\Desktop\web dev\django\personalFinanceEnv\Lib\site-packa
ges\django\db\models\query.py", line 372, in __len__
    self._fetch_all()
    ~~~~~~~~~~~~~~~^^
  File "D:\Desktop\web dev\django\personalFinanceEnv\Lib\site-packa
ges\django\db\models\query.py", line 2000, in _fetch_all
    self._result_cache = list(self._iterable_class(self))
                         ~~~~^^^^^^^^^^^^^^^^^^^^^^^^^^^^
  File "D:\Desktop\web dev\django\personalFinanceEnv\Lib\site-packa
ges\django\db\models\query.py", line 95, in __iter__
    results = compiler.execute_sql(
        chunked_fetch=self.chunked_fetch, 
chunk_size=self.chunk_size
    )
  File "D:\Desktop\web dev\django\personalFinanceEnv\Lib\site-packa
ges\django\db\models\sql\compiler.py", line 1624, in execute_sql
    cursor.execute(sql, params)
    ~~~~~~~~~~~~~~^^^^^^^^^^^^^
  File "D:\Desktop\web dev\django\personalFinanceEnv\Lib\site-packa
ges\django\db\backends\utils.py", line 79, in execute
    return self._execute_with_wrappers(
           ~~~~~~~~~~~~~~~~~~~~~~~~~~~^
        sql, params, many=False, executor=self._execute
        ^^^^^^^^^^^^^^^^^^^^^^^^^^^^^^^^^^^^^^^^^^^^^^^
    )
    ^
  File "D:\Desktop\web dev\django\personalFinanceEnv\Lib\site-packa
ges\django\db\backends\utils.py", line 92, in 
_execute_with_wrappers
    return executor(sql, params, many, context)
  File "D:\Desktop\web dev\django\personalFinanceEnv\Lib\site-packa
ges\django\db\backends\utils.py", line 100, in _execute
    with self.db.wrap_database_errors:
         ^^^^^^^^^^^^^^^^^^^^^^^^^^^^
  File "D:\Desktop\web dev\django\personalFinanceEnv\Lib\site-packa
ges\django\db\utils.py", line 94, in __exit__
    raise dj_exc_value.with_traceback(traceback) from exc_value
  File "D:\Desktop\web dev\django\personalFinanceEnv\Lib\site-packa
ges\django\db\backends\utils.py", line 105, in _execute
    return self.cursor.execute(sql, params)
           ~~~~~~~~~~~~~~~~~~~^^^^^^^^^^^^^
  File "D:\Desktop\web dev\django\personalFinanceEnv\Lib\site-packa
ges\django\db\backends\sqlite3\base.py", line 359, in execute
    return super().execute(query, params)
           ~~~~~~~~~~~~~~~^^^^^^^^^^^^^^^
django.db.utils.OperationalError: database table is locked: 
auth_user
Destroying test database for alias 'default' 
('file:memorydb_default?mode=memory&cache=shared')...

  Applying sessions.0001_initial... OK
System check identified no issues (0 silenced).
